94.153.64.32 - - [09/May/2013:02:02:56 +0400] "GET / HTTP/1.0" 200 32666 "http://automation-system.ru/" "Mozilla/4.0 (compatible; MSIE 6.0; Windows NT 5.1; ru) Opera 8.01"
94.153.64.32 - - [09/May/2013:02:02:57 +0400] "GET / HTTP/1.0" 200 32696 "http://automation-system.ru/" "Mozilla/4.0 (compatible; MSIE 6.0; Windows NT 5.1; ru) Opera 8.01"
94.153.64.32 - - [09/May/2013:02:02:57 +0400] "GET / HTTP/1.0" 200 32267 "http://automation-system.ru/" "Mozilla/4.0 (compatible; MSIE 6.0; Windows NT 5.1; ru) Opera 8.01"
208.115.111.70 - - [09/May/2013:02:09:02 +0400] "GET /index.php?option=com_content&task=blogcategory&sectionid=33&id=57&Itemid=33 HTTP/1.0" 404 238 "-" "Mozilla/5.0 (compatible; Ezooms/1.0; ezooms.bot@gmail.com)"
208.115.113.86 - - [09/May/2013:02:52:28 +0400] "GET /robots.txt HTTP/1.0" 404 238 "-" "Mozilla/5.0 (compatible; Ezooms/1.0; ezooms.bot@gmail.com)"
182.118.20.223 - - [09/May/2013:03:06:22 +0400] "GET / HTTP/1.0" 200 6101 "http://www.td-odin.ru/" "Mozilla/5.0 (Windows; U; Windows NT 5.1; zh-CN; rv:1.8.0.11)  Firefox/1.5.0.11; 360Spider"
38.100.21.65 - - [09/May/2013:03:30:59 +0400] "GET / HTTP/1.0" 200 32803 "-" "Mozilla/4.0 (compatible; MSIE 7.0; Windows NT 5.2)"
38.100.21.65 - - [09/May/2013:03:31:01 +0400] "GET /category/2.05 HTTP/1.0" 200 38950 "-" "Mozilla/4.0 (compatible; MSIE 7.0; Windows NT 5.2)"
38.100.21.65 - - [09/May/2013:03:31:05 +0400] "GET /category/4.1.2 HTTP/1.0" 200 28174 "-" "Mozilla/4.0 (compatible; MSIE 7.0; Windows NT 5.2)"
38.100.21.65 - - [09/May/2013:03:31:07 +0400] "GET /category/3.5.3 HTTP/1.0" 200 33192 "-" "Mozilla/4.0 (compatible; MSIE 7.0; Windows NT 5.2)"
38.100.21.65 - - [09/May/2013:03:31:08 +0400] "GET /category/3.1.3.1 HTTP/1.0" 200 29127 "-" "Mozilla/4.0 (compatible; MSIE 7.0; Windows NT 5.2)"
38.100.21.65 - - [09/May/2013:03:31:09 +0400] "GET /category/2.11 HTTP/1.0" 200 43351 "-" "Mozilla/4.0 (compatible; MSIE 7.0; Windows NT 5.2)"
38.100.21.65 - - [09/May/2013:03:31:10 +0400] "GET /product/0354R05 HTTP/1.0" 200 19220 "-" "Mozilla/4.0 (compatible; MSIE 7.0; Windows NT 5.2)"
38.100.21.65 - - [09/May/2013:03:31:11 +0400] "GET /category/3.2.1.1 HTTP/1.0" 200 35867 "-" "Mozilla/4.0 (compatible; MSIE 7.0; Windows NT 5.2)"
38.100.21.65 - - [09/May/2013:03:31:13 +0400] "GET /category/3.4.3 HTTP/1.0" 200 23166 "-" "Mozilla/4.0 (compatible; MSIE 7.0; Windows NT 5.2)"
38.100.21.65 - - [09/May/2013:03:31:14 +0400] "GET /category/4 HTTP/1.0" 200 17481 "-" "Mozilla/4.0 (compatible; MSIE 7.0; Windows NT 5.2)"
178.154.207.251 - - [09/May/2013:03:32:03 +0400] "GET /index.php?option=com_content&task=section&id=35&Itemid=35 HTTP/1.0" 404 200 "-" "Mozilla/5.0 (compatible; YandexBot/3.0; +http://yandex.com/bots)"
157.56.93.63 - - [09/May/2013:03:58:16 +0400] "GET /robots.txt HTTP/1.0" 404 238 "-" "Mozilla/5.0 (compatible; bingbot/2.0; +http://www.bing.com/bingbot.htm)"
157.56.93.63 - - [09/May/2013:04:00:52 +0400] "GET /product/248039 HTTP/1.0" 500 343 "-" "Mozilla/5.0 (compatible; bingbot/2.0; +http://www.bing.com/bingbot.htm)"
157.56.93.63 - - [09/May/2013:04:01:53 +0400] "GET /product/248039 HTTP/1.0" 500 538 "-" "Mozilla/5.0 (compatible; bingbot/2.0; +http://www.bing.com/bingbot.htm)"
208.115.113.86 - - [09/May/2013:04:26:08 +0400] "GET /index.php?option=com_content&task=blogcategory&sectionid=34&id=62&Itemid=34 HTTP/1.0" 404 238 "-" "Mozilla/5.0 (compatible; Ezooms/1.0; ezooms.bot@gmail.com)"
199.30.20.19 - - [09/May/2013:04:40:53 +0400] "GET /robots.txt HTTP/1.0" 404 200 "-" "msnbot-media/1.1 (+http://search.msn.com/msnbot.htm)"
199.30.20.19 - - [09/May/2013:04:40:55 +0400] "GET /images/products/baronet.jpg HTTP/1.0" 404 200 "-" "msnbot-media/1.1 (+http://search.msn.com/msnbot.htm)"
208.115.111.70 - - [09/May/2013:04:52:51 +0400] "GET /robots.txt HTTP/1.0" 404 238 "-" "Mozilla/5.0 (compatible; Ezooms/1.0; ezooms.bot@gmail.com)"
157.56.93.63 - - [09/May/2013:05:02:32 +0400] "GET /product/248039 HTTP/1.0" 500 538 "-" "Mozilla/5.0 (compatible; bingbot/2.0; +http://www.bing.com/bingbot.htm)"
157.55.33.50 - - [09/May/2013:05:17:45 +0400] "GET /robots.txt HTTP/1.0" 404 238 "-" "Mozilla/5.0 (compatible; bingbot/2.0; +http://www.bing.com/bingbot.htm)"
157.55.33.50 - - [09/May/2013:05:19:00 +0400] "GET /index.php?option=com_content&task=section&id=42&Itemid=42 HTTP/1.0" 404 200 "-" "Mozilla/5.0 (compatible; bingbot/2.0; +http://www.bing.com/bingbot.htm)"
195.239.178.205 - - [09/May/2013:05:33:04 +0400] "GET / HTTP/1.0" 200 32489 "-" "Mozilla/5.0 (compatible; Nigma.ru/3.0; crawler@nigma.ru)"
208.115.111.70 - - [09/May/2013:06:15:56 +0400] "GET /index.php?option=com_content&task=blogcategory&id=94&Itemid=42 HTTP/1.0" 404 238 "-" "Mozilla/5.0 (compatible; Ezooms/1.0; ezooms.bot@gmail.com)"
178.154.207.251 - - [09/May/2013:06:21:14 +0400] "GET /index.php?option=com_content&task=blogcategory&id=42&Itemid=26 HTTP/1.0" 404 200 "-" "Mozilla/5.0 (compatible; YandexBot/3.0; +http://yandex.com/bots)"
96.44.189.100 - - [09/May/2013:06:42:21 +0400] "GET /dbadmin/ HTTP/1.0" 404 238 "-" "Mozilla/5.0"
157.55.34.166 - - [09/May/2013:06:52:47 +0400] "GET /robots.txt HTTP/1.0" 404 238 "-" "Mozilla/5.0 (compatible; bingbot/2.0; +http://www.bing.com/bingbot.htm)"
157.55.34.166 - - [09/May/2013:06:55:34 +0400] "GET /index.php?option=com_content&task=blogcategory&id=42&Itemid=26 HTTP/1.0" 404 200 "-" "Mozilla/5.0 (compatible; bingbot/2.0; +http://www.bing.com/bingbot.htm)"
195.54.213.174 - - [09/May/2013:07:12:14 +0400] "GET / HTTP/1.0" 200 6121 "" "Mozilla/5.0 (compatible; statdom.ru/Bot; +http://statdom.ru/bot.html)"
195.54.213.174 - - [09/May/2013:07:12:20 +0400] "GET /favicon.ico HTTP/1.0" 404 200 "" "Mozilla/5.0 (compatible; statdom.ru/Bot; +http://statdom.ru/bot.html)"
65.55.24.239 - - [09/May/2013:07:19:56 +0400] "GET /robots.txt HTTP/1.0" 404 238 "-" "Mozilla/5.0 (compatible; bingbot/2.0; +http://www.bing.com/bingbot.htm)"
65.55.24.239 - - [09/May/2013:07:22:24 +0400] "GET /product/248006 HTTP/1.0" 500 343 "-" "Mozilla/5.0 (compatible; bingbot/2.0; +http://www.bing.com/bingbot.htm)"
65.55.24.239 - - [09/May/2013:07:23:25 +0400] "GET /product/248006 HTTP/1.0" 500 538 "-" "Mozilla/5.0 (compatible; bingbot/2.0; +http://www.bing.com/bingbot.htm)"
65.55.24.239 - - [09/May/2013:08:24:17 +0400] "GET /product/248006 HTTP/1.0" 500 538 "-" "Mozilla/5.0 (compatible; bingbot/2.0; +http://www.bing.com/bingbot.htm)"
208.115.111.70 - - [09/May/2013:08:51:23 +0400] "GET /robots.txt HTTP/1.0" 404 238 "-" "Mozilla/5.0 (compatible; Ezooms/1.0; ezooms.bot@gmail.com)"
208.115.111.70 - - [09/May/2013:08:51:23 +0400] "GET /robots.txt HTTP/1.0" 404 238 "-" "Mozilla/5.0 (compatible; Ezooms/1.0; ezooms.bot@gmail.com)"
199.30.20.123 - - [09/May/2013:09:43:24 +0400] "GET /robots.txt HTTP/1.0" 404 200 "-" "msnbot-media/1.1 (+http://search.msn.com/msnbot.htm)"
208.115.111.70 - - [09/May/2013:10:05:19 +0400] "GET /category/244043 HTTP/1.0" 200 17165 "-" "Mozilla/5.0 (compatible; Ezooms/1.0; ezooms.bot@gmail.com)"
208.115.111.70 - - [09/May/2013:10:05:21 +0400] "GET /index.php?option=com_content&task=blogcategory&id=81&Itemid=37 HTTP/1.0" 404 238 "-" "Mozilla/5.0 (compatible; Ezooms/1.0; ezooms.bot@gmail.com)"
208.115.111.70 - - [09/May/2013:10:05:23 +0400] "GET /index.php?option=com_content&task=blogcategory&id=77&Itemid=36 HTTP/1.0" 404 238 "-" "Mozilla/5.0 (compatible; Ezooms/1.0; ezooms.bot@gmail.com)"
208.115.111.70 - - [09/May/2013:10:05:25 +0400] "GET /index.php?option=com_content&task=blogcategory&sectionid=29&id=49&Itemid=29 HTTP/1.0" 404 238 "-" "Mozilla/5.0 (compatible; Ezooms/1.0; ezooms.bot@gmail.com)"
178.154.207.251 - - [09/May/2013:10:13:45 +0400] "GET /robots.txt HTTP/1.0" 404 238 "-" "Mozilla/5.0 (compatible; YandexBot/3.0; +http://yandex.com/bots)"
46.242.91.60 - - [09/May/2013:10:14:46 +0400] "GET / HTTP/1.0" 200 32385 "http://yandex.ru/yandsearch?text=www.td-odin.ru&lr=213" "Mozilla/4.0 (compatible; MSIE 7.0; Windows NT 5.1)"
193.138.246.211 - - [09/May/2013:10:27:01 +0400] "GET /administrator/index.php HTTP/1.0" 404 238 "-" "Mozilla/3.0 (compatible; Indy Library)"
193.138.246.211 - - [09/May/2013:10:27:01 +0400] "GET /administrator/index.php HTTP/1.0" 404 238 "-" "Mozilla/3.0 (compatible; Indy Library)"
178.154.207.251 - - [09/May/2013:10:42:05 +0400] "GET /index.php?option=com_content&task=blogcategory&id=102&Itemid=26 HTTP/1.0" 404 200 "-" "Mozilla/5.0 (compatible; YandexBot/3.0; +http://yandex.com/bots)"
178.154.207.251 - - [09/May/2013:10:47:21 +0400] "GET /index.php?option=com_content&task=view&id=61&Itemid=74 HTTP/1.0" 404 200 "-" "Mozilla/5.0 (compatible; YandexBot/3.0; +http://yandex.com/bots)"
208.115.113.86 - - [09/May/2013:10:52:28 +0400] "GET /robots.txt HTTP/1.0" 404 238 "-" "Mozilla/5.0 (compatible; Ezooms/1.0; ezooms.bot@gmail.com)"
66.249.75.171 - - [09/May/2013:10:55:05 +0400] "GET /robots.txt HTTP/1.0" 404 200 "-" "Mozilla/5.0 (compatible; Googlebot/2.1; +http://www.google.com/bot.html)"
208.115.113.86 - - [09/May/2013:11:29:56 +0400] "GET /index.php?option=com_content&task=blogcategory&sectionid=36&id=73&Itemid=36 HTTP/1.0" 404 238 "-" "Mozilla/5.0 (compatible; Ezooms/1.0; ezooms.bot@gmail.com)"
208.115.113.86 - - [09/May/2013:11:29:59 +0400] "GET /index.php?option=com_content&task=blogcategory&sectionid=35&id=66&Itemid=35 HTTP/1.0" 404 238 "-" "Mozilla/5.0 (compatible; Ezooms/1.0; ezooms.bot@gmail.com)"
89.178.55.233 - - [09/May/2013:11:39:35 +0400] "GET /index.php?option=com_content&task=blogcategory&id=57&Itemid=33 HTTP/1.0" 404 238 "http://yandex.ru/yandsearch?text=www.td-odin.ru&lr=213" "Mozilla/4.0 (compatible; MSIE 6.0; Windows NT 5.1; SV1; .NET CLR 2.0.50727; .NET CLR 3.0.4506.2152; .NET CLR 3.5.30729)"
66.249.75.211 - - [09/May/2013:12:00:19 +0400] "GET /product/242026 HTTP/1.0" 500 343 "-" "Mozilla/5.0 (compatible; Googlebot/2.1; +http://www.google.com/bot.html)"
65.55.52.96 - - [09/May/2013:12:20:52 +0400] "GET /robots.txt HTTP/1.0" 404 238 "-" "Mozilla/5.0 (compatible; bingbot/2.0; +http://www.bing.com/bingbot.htm)"
94.178.233.118 - - [09/May/2013:12:22:20 +0400] "GET /wp-login.php HTTP/1.0" 404 238 "-" "Mozilla/5.0 (Windows NT 6.1; rv:19.0) Gecko/20100101 Firefox/19.0"
94.178.233.118 - - [09/May/2013:12:22:20 +0400] "GET /administrator/index.php HTTP/1.0" 404 238 "-" "Mozilla/5.0 (Windows NT 6.1; rv:19.0) Gecko/20100101 Firefox/19.0"
94.178.233.118 - - [09/May/2013:12:22:20 +0400] "GET /admin.php HTTP/1.0" 404 238 "-" "Mozilla/5.0 (Windows NT 6.1; rv:19.0) Gecko/20100101 Firefox/19.0"
65.55.52.96 - - [09/May/2013:12:22:46 +0400] "GET /product/241053 HTTP/1.0" 500 343 "-" "Mozilla/5.0 (compatible; bingbot/2.0; +http://www.bing.com/bingbot.htm)"
66.249.75.220 - - [09/May/2013:12:23:11 +0400] "GET /product/236011 HTTP/1.0" 500 343 "-" "Mozilla/5.0 (compatible; Googlebot/2.1; +http://www.google.com/bot.html)"
65.55.52.96 - - [09/May/2013:12:23:47 +0400] "GET /product/241053 HTTP/1.0" 500 538 "-" "Mozilla/5.0 (compatible; bingbot/2.0; +http://www.bing.com/bingbot.htm)"
66.249.75.210 - - [09/May/2013:12:51:32 +0400] "GET /product/241001 HTTP/1.0" 500 343 "-" "Mozilla/5.0 (compatible; Googlebot/2.1; +http://www.google.com/bot.html)"
208.115.111.70 - - [09/May/2013:12:52:50 +0400] "GET /robots.txt HTTP/1.0" 404 238 "-" "Mozilla/5.0 (compatible; Ezooms/1.0; ezooms.bot@gmail.com)"
208.115.111.70 - - [09/May/2013:12:52:50 +0400] "GET /robots.txt HTTP/1.0" 404 238 "-" "Mozilla/5.0 (compatible; Ezooms/1.0; ezooms.bot@gmail.com)"
66.249.75.200 - - [09/May/2013:12:55:37 +0400] "GET /product/244012 HTTP/1.0" 500 343 "-" "Mozilla/5.0 (compatible; Googlebot/2.1; +http://www.google.com/bot.html)"
66.249.75.201 - - [09/May/2013:12:56:33 +0400] "GET /product/218187 HTTP/1.0" 500 343 "-" "Mozilla/5.0 (compatible; Googlebot/2.1; +http://www.google.com/bot.html)"
66.249.75.195 - - [09/May/2013:13:11:52 +0400] "GET /product/242025 HTTP/1.0" 500 343 "-" "Mozilla/5.0 (compatible; Googlebot/2.1; +http://www.google.com/bot.html)"
66.249.75.207 - - [09/May/2013:13:21:12 +0400] "GET /product/240021 HTTP/1.0" 500 343 "-" "Mozilla/5.0 (compatible; Googlebot/2.1; +http://www.google.com/bot.html)"
65.55.52.96 - - [09/May/2013:13:24:47 +0400] "GET /product/241053 HTTP/1.0" 500 538 "-" "Mozilla/5.0 (compatible; bingbot/2.0; +http://www.bing.com/bingbot.htm)"
208.115.111.70 - - [09/May/2013:13:25:21 +0400] "GET /index.php?option=com_content&task=blogcategory&id=49&Itemid=29 HTTP/1.0" 404 238 "-" "Mozilla/5.0 (compatible; Ezooms/1.0; ezooms.bot@gmail.com)"
208.115.111.70 - - [09/May/2013:13:25:22 +0400] "GET /category/243018 HTTP/1.0" 200 17165 "-" "Mozilla/5.0 (compatible; Ezooms/1.0; ezooms.bot@gmail.com)"
208.115.111.70 - - [09/May/2013:13:25:23 +0400] "GET /category/236001 HTTP/1.0" 200 17165 "-" "Mozilla/5.0 (compatible; Ezooms/1.0; ezooms.bot@gmail.com)"
208.115.111.70 - - [09/May/2013:13:25:25 +0400] "GET /index.php?option=com_content&task=blogcategory&id=48&Itemid=29 HTTP/1.0" 404 238 "-" "Mozilla/5.0 (compatible; Ezooms/1.0; ezooms.bot@gmail.com)"
66.249.75.184 - - [09/May/2013:13:27:30 +0400] "GET /product/237004 HTTP/1.0" 500 343 "-" "Mozilla/5.0 (compatible; Googlebot/2.1; +http://www.google.com/bot.html)"
66.249.75.202 - - [09/May/2013:13:41:34 +0400] "GET /product/238001 HTTP/1.0" 500 343 "-" "Mozilla/5.0 (compatible; Googlebot/2.1; +http://www.google.com/bot.html)"
66.249.75.176 - - [09/May/2013:13:44:42 +0400] "GET /product/244010 HTTP/1.0" 500 343 "-" "Mozilla/5.0 (compatible; Googlebot/2.1; +http://www.google.com/bot.html)"
66.249.78.110 - - [09/May/2013:13:59:22 +0400] "GET /product/246028 HTTP/1.0" 500 343 "-" "Mozilla/5.0 (compatible; Googlebot/2.1; +http://www.google.com/bot.html)"
124.135.8.94 - - [09/May/2013:13:59:40 +0400] "GET / HTTP/1.0" 200 32342 "http://td-odin.ru/" "Mozilla/5.0 (Windows NT 6.2; WOW64) AppleWebKit/537.11 (KHTML, like Gecko) Chrome/23.0.1271.91 Safari/537.11"
66.249.78.110 - - [09/May/2013:14:02:15 +0400] "GET /product/247030 HTTP/1.0" 500 343 "-" "Mozilla/5.0 (compatible; Googlebot/2.1; +http://www.google.com/bot.html)"
66.249.75.171 - - [09/May/2013:14:19:58 +0400] "GET /product/249010 HTTP/1.0" 500 343 "-" "Mozilla/5.0 (compatible; Googlebot/2.1; +http://www.google.com/bot.html)"
66.249.78.110 - - [09/May/2013:14:20:20 +0400] "GET /product/241012 HTTP/1.0" 500 343 "-" "Mozilla/5.0 (compatible; Googlebot/2.1; +http://www.google.com/bot.html)"
66.249.78.110 - - [09/May/2013:14:25:52 +0400] "GET /product/244011 HTTP/1.0" 500 343 "-" "Mozilla/5.0 (compatible; Googlebot/2.1; +http://www.google.com/bot.html)"
66.249.78.110 - - [09/May/2013:14:35:24 +0400] "GET /product/243025 HTTP/1.0" 500 343 "-" "Mozilla/5.0 (compatible; Googlebot/2.1; +http://www.google.com/bot.html)"
66.249.78.110 - - [09/May/2013:14:46:42 +0400] "GET /product/218164 HTTP/1.0" 500 343 "-" "Mozilla/5.0 (compatible; Googlebot/2.1; +http://www.google.com/bot.html)"
208.115.113.86 - - [09/May/2013:14:49:51 +0400] "GET /robots.txt HTTP/1.0" 404 238 "-" "Mozilla/5.0 (compatible; Ezooms/1.0; ezooms.bot@gmail.com)"
66.249.78.110 - - [09/May/2013:14:55:58 +0400] "GET /product/237011 HTTP/1.0" 500 343 "-" "Mozilla/5.0 (compatible; Googlebot/2.1; +http://www.google.com/bot.html)"
66.249.78.110 - - [09/May/2013:14:57:52 +0400] "GET /product/243024 HTTP/1.0" 500 343 "-" "Mozilla/5.0 (compatible; Googlebot/2.1; +http://www.google.com/bot.html)"
66.249.78.110 - - [09/May/2013:14:59:06 +0400] "GET /product/238031 HTTP/1.0" 500 343 "-" "Mozilla/5.0 (compatible; Googlebot/2.1; +http://www.google.com/bot.html)"
66.249.78.110 - - [09/May/2013:15:08:28 +0400] "GET /product/242007 HTTP/1.0" 500 343 "-" "Mozilla/5.0 (compatible; Googlebot/2.1; +http://www.google.com/bot.html)"
66.249.78.110 - - [09/May/2013:15:16:45 +0400] "GET /product/239010 HTTP/1.0" 500 343 "-" "Mozilla/5.0 (compatible; Googlebot/2.1; +http://www.google.com/bot.html)"
66.249.78.110 - - [09/May/2013:15:17:09 +0400] "GET /product/238003 HTTP/1.0" 500 343 "-" "Mozilla/5.0 (compatible; Googlebot/2.1; +http://www.google.com/bot.html)"
66.249.78.110 - - [09/May/2013:15:25:38 +0400] "GET /product/245002 HTTP/1.0" 500 343 "-" "Mozilla/5.0 (compatible; Googlebot/2.1; +http://www.google.com/bot.html)"
66.249.78.110 - - [09/May/2013:15:32:27 +0400] "GET /product/242001 HTTP/1.0" 500 343 "-" "Mozilla/5.0 (compatible; Googlebot/2.1; +http://www.google.com/bot.html)"
66.249.78.110 - - [09/May/2013:15:37:33 +0400] "GET /product/245011 HTTP/1.0" 500 343 "-" "Mozilla/5.0 (compatible; Googlebot/2.1; +http://www.google.com/bot.html)"
66.249.78.110 - - [09/May/2013:15:39:10 +0400] "GET /product/242027 HTTP/1.0" 500 343 "-" "Mozilla/5.0 (compatible; Googlebot/2.1; +http://www.google.com/bot.html)"
66.249.78.110 - - [09/May/2013:15:43:19 +0400] "GET /product/248003 HTTP/1.0" 500 343 "-" "Mozilla/5.0 (compatible; Googlebot/2.1; +http://www.google.com/bot.html)"
66.249.78.110 - - [09/May/2013:15:46:57 +0400] "GET /product/248031 HTTP/1.0" 500 343 "-" "Mozilla/5.0 (compatible; Googlebot/2.1; +http://www.google.com/bot.html)"
66.249.75.171 - - [09/May/2013:15:51:58 +0400] "GET /product/237027 HTTP/1.0" 500 343 "-" "Mozilla/5.0 (compatible; Googlebot/2.1; +http://www.google.com/bot.html)"
66.249.78.110 - - [09/May/2013:15:55:45 +0400] "GET /product/243001 HTTP/1.0" 500 343 "-" "Mozilla/5.0 (compatible; Googlebot/2.1; +http://www.google.com/bot.html)"
66.249.78.110 - - [09/May/2013:16:04:34 +0400] "GET /index.php?option=com_content&task=blogcategory&id=69&Itemid=35 HTTP/1.0" 404 200 "-" "Mozilla/5.0 (compatible; Googlebot/2.1; +http://www.google.com/bot.html)"
66.249.75.171 - - [09/May/2013:16:06:38 +0400] "GET /product/246001 HTTP/1.0" 500 343 "-" "Mozilla/5.0 (compatible; Googlebot/2.1; +http://www.google.com/bot.html)"
208.115.113.86 - - [09/May/2013:16:11:38 +0400] "GET /product/240029 HTTP/1.0" 500 538 "-" "Mozilla/5.0 (compatible; Ezooms/1.0; ezooms.bot@gmail.com)"
66.249.78.110 - - [09/May/2013:16:13:19 +0400] "GET /product/247013 HTTP/1.0" 500 343 "-" "Mozilla/5.0 (compatible; Googlebot/2.1; +http://www.google.com/bot.html)"
66.249.78.110 - - [09/May/2013:16:16:36 +0400] "GET /product/247005 HTTP/1.0" 500 343 "-" "Mozilla/5.0 (compatible; Googlebot/2.1; +http://www.google.com/bot.html)"
66.249.78.110 - - [09/May/2013:16:18:06 +0400] "GET /product/236031 HTTP/1.0" 500 343 "-" "Mozilla/5.0 (compatible; Googlebot/2.1; +http://www.google.com/bot.html)"
178.154.207.251 - - [09/May/2013:16:24:40 +0400] "GET / HTTP/1.0" 200 6086 "-" "Mozilla/5.0 (compatible; YandexBot/3.0; +http://yandex.com/bots)"
66.249.78.110 - - [09/May/2013:16:38:09 +0400] "GET /product/242009 HTTP/1.0" 500 343 "-" "Mozilla/5.0 (compatible; Googlebot/2.1; +http://www.google.com/bot.html)"
66.249.78.110 - - [09/May/2013:16:50:27 +0400] "GET /product/241003 HTTP/1.0" 500 343 "-" "Mozilla/5.0 (compatible; Googlebot/2.1; +http://www.google.com/bot.html)"
208.115.111.70 - - [09/May/2013:16:52:45 +0400] "GET /robots.txt HTTP/1.0" 404 238 "-" "Mozilla/5.0 (compatible; Ezooms/1.0; ezooms.bot@gmail.com)"
66.249.78.110 - - [09/May/2013:16:59:15 +0400] "GET /product/238004 HTTP/1.0" 500 343 "-" "Mozilla/5.0 (compatible; Googlebot/2.1; +http://www.google.com/bot.html)"
66.249.75.171 - - [09/May/2013:16:59:32 +0400] "GET /product/239009 HTTP/1.0" 500 343 "-" "Mozilla/5.0 (compatible; Googlebot/2.1; +http://www.google.com/bot.html)"
66.249.75.171 - - [09/May/2013:17:08:16 +0400] "GET /product/241013 HTTP/1.0" 500 343 "-" "Mozilla/5.0 (compatible; Googlebot/2.1; +http://www.google.com/bot.html)"
66.249.78.110 - - [09/May/2013:17:13:42 +0400] "GET /product/240023 HTTP/1.0" 500 343 "-" "Mozilla/5.0 (compatible; Googlebot/2.1; +http://www.google.com/bot.html)"
66.249.78.110 - - [09/May/2013:17:14:07 +0400] "GET /product/241004 HTTP/1.0" 500 343 "-" "Mozilla/5.0 (compatible; Googlebot/2.1; +http://www.google.com/bot.html)"
66.249.78.110 - - [09/May/2013:17:15:05 +0400] "GET /product/239011 HTTP/1.0" 500 343 "-" "Mozilla/5.0 (compatible; Googlebot/2.1; +http://www.google.com/bot.html)"
66.249.78.110 - - [09/May/2013:17:20:00 +0400] "GET /product/238032 HTTP/1.0" 500 343 "-" "Mozilla/5.0 (compatible; Googlebot/2.1; +http://www.google.com/bot.html)"
66.249.78.110 - - [09/May/2013:17:28:00 +0400] "GET /product/218186 HTTP/1.0" 500 343 "-" "Mozilla/5.0 (compatible; Googlebot/2.1; +http://www.google.com/bot.html)"
66.249.78.110 - - [09/May/2013:17:40:55 +0400] "GET /product/249001 HTTP/1.0" 500 343 "-" "Mozilla/5.0 (compatible; Googlebot/2.1; +http://www.google.com/bot.html)"
178.154.207.251 - - [09/May/2013:17:50:45 +0400] "GET /index.php?option=com_content&task=blogcategory&id=68&Itemid=35 HTTP/1.0" 404 200 "-" "Mozilla/5.0 (compatible; YandexBot/3.0; +http://yandex.com/bots)"
66.249.78.110 - - [09/May/2013:17:54:58 +0400] "GET /product/240022 HTTP/1.0" 500 343 "-" "Mozilla/5.0 (compatible; Googlebot/2.1; +http://www.google.com/bot.html)"
66.249.78.110 - - [09/May/2013:18:00:19 +0400] "GET /product/240008 HTTP/1.0" 500 343 "-" "Mozilla/5.0 (compatible; Googlebot/2.1; +http://www.google.com/bot.html)"
37.9.53.50 - - [09/May/2013:18:07:24 +0400] "GET /shared/FCKeditor/editor/filemanager/upload/test.html HTTP/1.0" 404 238 "http://td-odin.ru/shared/FCKeditor/editor/filemanager/upload/test.html" "Mozilla/4.0 (compatible; MSIE 6.0; Windows 98; Win 9x 4.90)"
208.115.111.70 - - [09/May/2013:18:15:52 +0400] "GET /index.php?option=com_content&task=blogcategory&sectionid=48&id=103&Itemid=48 HTTP/1.0" 404 238 "-" "Mozilla/5.0 (compatible; Ezooms/1.0; ezooms.bot@gmail.com)"
66.249.78.110 - - [09/May/2013:18:20:50 +0400] "GET /product/240002 HTTP/1.0" 500 343 "-" "Mozilla/5.0 (compatible; Googlebot/2.1; +http://www.google.com/bot.html)"
66.249.78.110 - - [09/May/2013:18:21:51 +0400] "GET /product/242026 HTTP/1.0" 500 343 "-" "Mozilla/5.0 (compatible; Googlebot/2.1; +http://www.google.com/bot.html)"
66.249.78.110 - - [09/May/2013:18:24:33 +0400] "GET /product/236011 HTTP/1.0" 500 343 "-" "Mozilla/5.0 (compatible; Googlebot/2.1; +http://www.google.com/bot.html)"
66.249.78.110 - - [09/May/2013:18:27:11 +0400] "GET /product/239001 HTTP/1.0" 500 343 "-" "Mozilla/5.0 (compatible; Googlebot/2.1; +http://www.google.com/bot.html)"
66.249.75.171 - - [09/May/2013:18:38:19 +0400] "GET /product/245023 HTTP/1.0" 500 343 "-" "Mozilla/5.0 (compatible; Googlebot/2.1; +http://www.google.com/bot.html)"
66.249.78.110 - - [09/May/2013:18:49:33 +0400] "GET /product/248012 HTTP/1.0" 500 343 "-" "Mozilla/5.0 (compatible; Googlebot/2.1; +http://www.google.com/bot.html)"
66.249.78.110 - - [09/May/2013:19:01:09 +0400] "GET /product/237003 HTTP/1.0" 500 343 "-" "Mozilla/5.0 (compatible; Googlebot/2.1; +http://www.google.com/bot.html)"
178.154.207.251 - - [09/May/2013:19:01:35 +0400] "GET /index.php?option=com_content&task=view&id=62&Itemid=75 HTTP/1.0" 404 200 "-" "Mozilla/5.0 (compatible; YandexBot/3.0; +http://yandex.com/bots)"
66.249.78.110 - - [09/May/2013:19:01:56 +0400] "GET /product/242006 HTTP/1.0" 500 343 "-" "Mozilla/5.0 (compatible; Googlebot/2.1; +http://www.google.com/bot.html)"
66.249.78.110 - - [09/May/2013:19:06:13 +0400] "GET /product/236003 HTTP/1.0" 500 343 "-" "Mozilla/5.0 (compatible; Googlebot/2.1; +http://www.google.com/bot.html)"
178.173.4.177 - - [09/May/2013:19:07:27 +0400] "GET /category/244009 HTTP/1.0" 200 4490 "https://www.google.ru/" "Mozilla/5.0 (Windows NT 6.1; WOW64) AppleWebKit/537.31 (KHTML, like Gecko) Chrome/26.0.1410.64 Safari/537.31"
178.173.4.177 - - [09/May/2013:19:07:28 +0400] "GET /favicon.ico HTTP/1.0" 404 200 "-" "Mozilla/5.0 (Windows NT 6.1; WOW64) AppleWebKit/537.31 (KHTML, like Gecko) Chrome/26.0.1410.64 Safari/537.31"
178.173.4.177 - - [09/May/2013:19:07:34 +0400] "GET /category/2 HTTP/1.0" 200 4597 "http://www.td-odin.ru/category/244009" "Mozilla/5.0 (Windows NT 6.1; WOW64) AppleWebKit/537.31 (KHTML, like Gecko) Chrome/26.0.1410.64 Safari/537.31"
178.173.4.177 - - [09/May/2013:19:07:34 +0400] "GET /favicon.ico HTTP/1.0" 404 200 "-" "Mozilla/5.0 (Windows NT 6.1; WOW64) AppleWebKit/537.31 (KHTML, like Gecko) Chrome/26.0.1410.64 Safari/537.31"
178.173.4.177 - - [09/May/2013:19:07:42 +0400] "GET /category/2.05 HTTP/1.0" 200 6050 "http://www.td-odin.ru/category/2" "Mozilla/5.0 (Windows NT 6.1; WOW64) AppleWebKit/537.31 (KHTML, like Gecko) Chrome/26.0.1410.64 Safari/537.31"
178.173.4.177 - - [09/May/2013:19:07:43 +0400] "GET /favicon.ico HTTP/1.0" 404 200 "-" "Mozilla/5.0 (Windows NT 6.1; WOW64) AppleWebKit/537.31 (KHTML, like Gecko) Chrome/26.0.1410.64 Safari/537.31"
178.173.4.177 - - [09/May/2013:19:07:52 +0400] "GET /product/1130 HTTP/1.0" 200 4952 "http://www.td-odin.ru/category/2.05" "Mozilla/5.0 (Windows NT 6.1; WOW64) AppleWebKit/537.31 (KHTML, like Gecko) Chrome/26.0.1410.64 Safari/537.31"
178.173.4.177 - - [09/May/2013:19:07:52 +0400] "GET /product/None HTTP/1.0" 500 343 "http://www.td-odin.ru/product/1130" "Mozilla/5.0 (Windows NT 6.1; WOW64) AppleWebKit/537.31 (KHTML, like Gecko) Chrome/26.0.1410.64 Safari/537.31"
178.173.4.177 - - [09/May/2013:19:07:52 +0400] "GET /favicon.ico HTTP/1.0" 404 200 "-" "Mozilla/5.0 (Windows NT 6.1; WOW64) AppleWebKit/537.31 (KHTML, like Gecko) Chrome/26.0.1410.64 Safari/537.31"
66.249.78.110 - - [09/May/2013:19:10:39 +0400] "GET /product/237028 HTTP/1.0" 500 343 "-" "Mozilla/5.0 (compatible; Googlebot/2.1; +http://www.google.com/bot.html)"
66.249.78.110 - - [09/May/2013:19:12:11 +0400] "GET /product/239034 HTTP/1.0" 500 343 "-" "Mozilla/5.0 (compatible; Googlebot/2.1; +http://www.google.com/bot.html)"
66.249.78.110 - - [09/May/2013:19:21:00 +0400] "GET /product/247014 HTTP/1.0" 500 343 "-" "Mozilla/5.0 (compatible; Googlebot/2.1; +http://www.google.com/bot.html)"
37.9.53.50 - - [09/May/2013:19:26:20 +0400] "GET /editor/filemanager/upload/test.html HTTP/1.0" 404 238 "http://td-odin.ru/editor/filemanager/upload/test.html" "Mozilla/4.0 (compatible; MSIE 6.0; Windows 98; Win 9x 4.90)"
66.249.78.110 - - [09/May/2013:19:27:32 +0400] "GET /product/239031 HTTP/1.0" 500 343 "-" "Mozilla/5.0 (compatible; Googlebot/2.1; +http://www.google.com/bot.html)"
66.249.78.110 - - [09/May/2013:19:32:12 +0400] "GET /product/245024 HTTP/1.0" 500 343 "-" "Mozilla/5.0 (compatible; Googlebot/2.1; +http://www.google.com/bot.html)"
66.249.78.110 - - [09/May/2013:19:49:30 +0400] "GET /product/249011 HTTP/1.0" 500 343 "-" "Mozilla/5.0 (compatible; Googlebot/2.1; +http://www.google.com/bot.html)"
66.249.78.110 - - [09/May/2013:20:03:54 +0400] "GET / HTTP/1.0" 200 6009 "-" "Mozilla/5.0 (iPhone; U; CPU iPhone OS 4_1 like Mac OS X; en-us) AppleWebKit/532.9 (KHTML, like Gecko) Version/4.0.5 Mobile/8B117 Safari/6531.22.7 (compatible; Googlebot-Mobile/2.1; +http://www.google.com/bot.html)"
94.153.64.32 - - [09/May/2013:20:05:29 +0400] "GET / HTTP/1.0" 200 32237 "http://arm-z.ru/" "Mozilla/4.0 (compatible; MSIE 6.0; AOL 9.0; Windows NT 5.1)"
94.153.64.32 - - [09/May/2013:20:05:29 +0400] "GET / HTTP/1.0" 200 32594 "http://arm-z.ru/" "Mozilla/4.0 (compatible; MSIE 6.0; AOL 9.0; Windows NT 5.1)"
94.153.64.32 - - [09/May/2013:20:05:30 +0400] "GET / HTTP/1.0" 200 32551 "http://arm-z.ru/" "Mozilla/4.0 (compatible; MSIE 6.0; AOL 9.0; Windows NT 5.1)"
66.249.78.110 - - [09/May/2013:20:09:02 +0400] "GET /product/247003 HTTP/1.0" 500 343 "-" "Mozilla/5.0 (compatible; Googlebot/2.1; +http://www.google.com/bot.html)"
66.249.78.110 - - [09/May/2013:20:09:44 +0400] "GET /product/238012 HTTP/1.0" 500 343 "-" "Mozilla/5.0 (compatible; Googlebot/2.1; +http://www.google.com/bot.html)"
178.154.207.251 - - [09/May/2013:20:12:21 +0400] "GET /index.php?option=com_content&task=blogcategory&id=69&Itemid=35 HTTP/1.0" 404 200 "-" "Mozilla/5.0 (compatible; YandexBot/3.0; +http://yandex.com/bots)"
66.249.78.110 - - [09/May/2013:20:14:13 +0400] "GET /product/218165 HTTP/1.0" 500 343 "-" "Mozilla/5.0 (compatible; Googlebot/2.1; +http://www.google.com/bot.html)"
66.249.78.110 - - [09/May/2013:20:21:53 +0400] "GET /product/240009 HTTP/1.0" 500 343 "-" "Mozilla/5.0 (compatible; Googlebot/2.1; +http://www.google.com/bot.html)"
66.249.78.110 - - [09/May/2013:20:28:48 +0400] "GET /product/242008 HTTP/1.0" 500 343 "-" "Mozilla/5.0 (compatible; Googlebot/2.1; +http://www.google.com/bot.html)"
66.249.78.110 - - [09/May/2013:20:45:45 +0400] "GET /product/237005 HTTP/1.0" 500 343 "-" "Mozilla/5.0 (compatible; Googlebot/2.1; +http://www.google.com/bot.html)"
208.115.111.70 - - [09/May/2013:20:50:58 +0400] "GET /robots.txt HTTP/1.0" 404 238 "-" "Mozilla/5.0 (compatible; Ezooms/1.0; ezooms.bot@gmail.com)"
208.115.111.70 - - [09/May/2013:20:50:58 +0400] "GET /robots.txt HTTP/1.0" 404 238 "-" "Mozilla/5.0 (compatible; Ezooms/1.0; ezooms.bot@gmail.com)"
66.249.78.110 - - [09/May/2013:20:56:39 +0400] "GET /product/245012 HTTP/1.0" 500 343 "-" "Mozilla/5.0 (compatible; Googlebot/2.1; +http://www.google.com/bot.html)"
65.55.24.214 - - [09/May/2013:21:08:05 +0400] "GET /robots.txt HTTP/1.0" 404 238 "-" "Mozilla/5.0 (compatible; bingbot/2.0; +http://www.bing.com/bingbot.htm)"
66.249.78.110 - - [09/May/2013:21:08:09 +0400] "GET /product/218164 HTTP/1.0" 500 343 "-" "Mozilla/5.0 (compatible; Googlebot/2.1; +http://www.google.com/bot.html)"
65.55.24.214 - - [09/May/2013:21:09:58 +0400] "GET /product/246036 HTTP/1.0" 500 343 "-" "Mozilla/5.0 (compatible; bingbot/2.0; +http://www.bing.com/bingbot.htm)"
66.249.78.110 - - [09/May/2013:21:10:07 +0400] "GET /product/249010 HTTP/1.0" 500 343 "-" "Mozilla/5.0 (compatible; Googlebot/2.1; +http://www.google.com/bot.html)"
65.55.24.214 - - [09/May/2013:21:12:21 +0400] "GET /product/246036 HTTP/1.0" 500 538 "-" "Mozilla/5.0 (compatible; bingbot/2.0; +http://www.bing.com/bingbot.htm)"
178.154.207.251 - - [09/May/2013:21:23:12 +0400] "GET /index.php?option=com_content&task=blogcategory&id=80&Itemid=37 HTTP/1.0" 404 200 "-" "Mozilla/5.0 (compatible; YandexBot/3.0; +http://yandex.com/bots)"
66.249.78.110 - - [09/May/2013:21:24:48 +0400] "GET /product/237011 HTTP/1.0" 500 343 "-" "Mozilla/5.0 (compatible; Googlebot/2.1; +http://www.google.com/bot.html)"
66.249.78.110 - - [09/May/2013:21:26:14 +0400] "GET /product/243024 HTTP/1.0" 500 343 "-" "Mozilla/5.0 (compatible; Googlebot/2.1; +http://www.google.com/bot.html)"
66.249.78.110 - - [09/May/2013:21:29:29 +0400] "GET /product/242007 HTTP/1.0" 500 343 "-" "Mozilla/5.0 (compatible; Googlebot/2.1; +http://www.google.com/bot.html)"
66.249.78.110 - - [09/May/2013:21:29:59 +0400] "GET /product/245002 HTTP/1.0" 500 343 "-" "Mozilla/5.0 (compatible; Googlebot/2.1; +http://www.google.com/bot.html)"
66.249.78.110 - - [09/May/2013:21:36:13 +0400] "GET /product/242001 HTTP/1.0" 500 343 "-" "Mozilla/5.0 (compatible; Googlebot/2.1; +http://www.google.com/bot.html)"
66.249.78.110 - - [09/May/2013:21:42:06 +0400] "GET /product/246028 HTTP/1.0" 500 343 "-" "Mozilla/5.0 (compatible; Googlebot/2.1; +http://www.google.com/bot.html)"
66.249.78.110 - - [09/May/2013:21:49:51 +0400] "GET /product/236010 HTTP/1.0" 500 343 "-" "Mozilla/5.0 (compatible; Googlebot/2.1; +http://www.google.com/bot.html)"
66.249.78.110 - - [09/May/2013:21:52:57 +0400] "GET /product/247004 HTTP/1.0" 500 343 "-" "Mozilla/5.0 (compatible; Googlebot/2.1; +http://www.google.com/bot.html)"
119.147.75.140 - - [09/May/2013:21:54:08 +0400] "GET / HTTP/1.0" 200 6104 "-" "Mozilla/4.0 (compatible; MSIE 6.0; Windows NT 5.1)"
66.249.78.110 - - [09/May/2013:21:58:35 +0400] "GET /product/238031 HTTP/1.0" 500 343 "-" "Mozilla/5.0 (compatible; Googlebot/2.1; +http://www.google.com/bot.html)"
66.249.78.110 - - [09/May/2013:21:59:45 +0400] "GET /product/241012 HTTP/1.0" 500 343 "-" "Mozilla/5.0 (compatible; Googlebot/2.1; +http://www.google.com/bot.html)"
66.249.78.110 - - [09/May/2013:22:00:22 +0400] "GET /product/239010 HTTP/1.0" 500 343 "-" "Mozilla/5.0 (compatible; Googlebot/2.1; +http://www.google.com/bot.html)"
66.249.78.110 - - [09/May/2013:22:02:28 +0400] "GET /product/245003 HTTP/1.0" 500 343 "-" "Mozilla/5.0 (compatible; Googlebot/2.1; +http://www.google.com/bot.html)"
66.249.78.110 - - [09/May/2013:22:03:45 +0400] "GET /product/241001 HTTP/1.0" 500 343 "-" "Mozilla/5.0 (compatible; Googlebot/2.1; +http://www.google.com/bot.html)"
66.249.78.110 - - [09/May/2013:22:05:02 +0400] "GET /product/242025 HTTP/1.0" 500 343 "-" "Mozilla/5.0 (compatible; Googlebot/2.1; +http://www.google.com/bot.html)"
208.115.111.70 - - [09/May/2013:22:07:16 +0400] "GET /category/249039 HTTP/1.0" 200 17165 "-" "Mozilla/5.0 (compatible; Ezooms/1.0; ezooms.bot@gmail.com)"
208.115.111.70 - - [09/May/2013:22:07:18 +0400] "GET /search/ HTTP/1.0" 200 17216 "-" "Mozilla/5.0 (compatible; Ezooms/1.0; ezooms.bot@gmail.com)"
208.115.111.70 - - [09/May/2013:22:07:20 +0400] "GET /index.php?option=com_content&task=blogcategory&sectionid=36&id=74&Itemid=36 HTTP/1.0" 404 238 "-" "Mozilla/5.0 (compatible; Ezooms/1.0; ezooms.bot@gmail.com)"
208.115.111.70 - - [09/May/2013:22:07:22 +0400] "GET /category/246046 HTTP/1.0" 200 17165 "-" "Mozilla/5.0 (compatible; Ezooms/1.0; ezooms.bot@gmail.com)"
66.249.78.110 - - [09/May/2013:22:07:44 +0400] "GET /product/246002 HTTP/1.0" 500 343 "-" "Mozilla/5.0 (compatible; Googlebot/2.1; +http://www.google.com/bot.html)"
66.249.78.110 - - [09/May/2013:22:09:32 +0400] "GET /product/238003 HTTP/1.0" 500 343 "-" "Mozilla/5.0 (compatible; Googlebot/2.1; +http://www.google.com/bot.html)"
96.9.180.185 - - [09/May/2013:22:13:44 +0400] "GET //administrator/index.php HTTP/1.0" 404 238 "-" "-"
65.55.24.214 - - [09/May/2013:22:13:49 +0400] "GET /product/246036 HTTP/1.0" 500 538 "-" "Mozilla/5.0 (compatible; bingbot/2.0; +http://www.bing.com/bingbot.htm)"
66.249.78.110 - - [09/May/2013:22:19:51 +0400] "GET /product/244028 HTTP/1.0" 500 343 "-" "Mozilla/5.0 (compatible; Googlebot/2.1; +http://www.google.com/bot.html)"
66.249.78.110 - - [09/May/2013:22:20:37 +0400] "GET /product/246016 HTTP/1.0" 500 343 "-" "Mozilla/5.0 (compatible; Googlebot/2.1; +http://www.google.com/bot.html)"
178.154.207.251 - - [09/May/2013:22:21:17 +0400] "GET /robots.txt HTTP/1.0" 404 238 "-" "Mozilla/5.0 (compatible; YandexBot/3.0; +http://yandex.com/bots)"
77.51.169.55 - - [09/May/2013:22:26:54 +0400] "GET /category/238060 HTTP/1.0" 200 4490 "https://www.google.ru/" "Mozilla/5.0 (Windows NT 6.1; WOW64) AppleWebKit/537.31 (KHTML, like Gecko) Chrome/26.0.1410.64 Safari/537.31"
77.51.169.55 - - [09/May/2013:22:26:55 +0400] "GET /favicon.ico HTTP/1.0" 404 200 "-" "Mozilla/5.0 (Windows NT 6.1; WOW64) AppleWebKit/537.31 (KHTML, like Gecko) Chrome/26.0.1410.64 Safari/537.31"
77.51.169.55 - - [09/May/2013:22:27:00 +0400] "GET /category/4 HTTP/1.0" 200 4522 "http://www.td-odin.ru/category/238060" "Mozilla/5.0 (Windows NT 6.1; WOW64) AppleWebKit/537.31 (KHTML, like Gecko) Chrome/26.0.1410.64 Safari/537.31"
77.51.169.55 - - [09/May/2013:22:27:01 +0400] "GET /favicon.ico HTTP/1.0" 404 200 "-" "Mozilla/5.0 (Windows NT 6.1; WOW64) AppleWebKit/537.31 (KHTML, like Gecko) Chrome/26.0.1410.64 Safari/537.31"
77.51.169.55 - - [09/May/2013:22:27:01 +0400] "GET /favicon.ico HTTP/1.0" 404 200 "-" "Mozilla/5.0 (Windows NT 6.1; WOW64) AppleWebKit/537.31 (KHTML, like Gecko) Chrome/26.0.1410.64 Safari/537.31"
77.51.169.55 - - [09/May/2013:22:27:05 +0400] "GET /category/5 HTTP/1.0" 200 4539 "http://www.td-odin.ru/category/4" "Mozilla/5.0 (Windows NT 6.1; WOW64) AppleWebKit/537.31 (KHTML, like Gecko) Chrome/26.0.1410.64 Safari/537.31"
77.51.169.55 - - [09/May/2013:22:27:05 +0400] "GET /favicon.ico HTTP/1.0" 404 200 "-" "Mozilla/5.0 (Windows NT 6.1; WOW64) AppleWebKit/537.31 (KHTML, like Gecko) Chrome/26.0.1410.64 Safari/537.31"
77.51.169.55 - - [09/May/2013:22:27:06 +0400] "GET /favicon.ico HTTP/1.0" 404 200 "-" "Mozilla/5.0 (Windows NT 6.1; WOW64) AppleWebKit/537.31 (KHTML, like Gecko) Chrome/26.0.1410.64 Safari/537.31"
77.51.169.55 - - [09/May/2013:22:27:10 +0400] "GET /category/5.3 HTTP/1.0" 200 5263 "http://www.td-odin.ru/category/5" "Mozilla/5.0 (Windows NT 6.1; WOW64) AppleWebKit/537.31 (KHTML, like Gecko) Chrome/26.0.1410.64 Safari/537.31"
77.51.169.55 - - [09/May/2013:22:27:10 +0400] "GET /favicon.ico HTTP/1.0" 404 200 "-" "Mozilla/5.0 (Windows NT 6.1; WOW64) AppleWebKit/537.31 (KHTML, like Gecko) Chrome/26.0.1410.64 Safari/537.31"
77.51.169.55 - - [09/May/2013:22:27:11 +0400] "GET /favicon.ico HTTP/1.0" 404 200 "-" "Mozilla/5.0 (Windows NT 6.1; WOW64) AppleWebKit/537.31 (KHTML, like Gecko) Chrome/26.0.1410.64 Safari/537.31"
77.51.169.55 - - [09/May/2013:22:27:19 +0400] "GET /product/PKPr HTTP/1.0" 200 4928 "http://www.td-odin.ru/category/5.3" "Mozilla/5.0 (Windows NT 6.1; WOW64) AppleWebKit/537.31 (KHTML, like Gecko) Chrome/26.0.1410.64 Safari/537.31"
77.51.169.55 - - [09/May/2013:22:27:20 +0400] "GET /product/None HTTP/1.0" 500 343 "http://www.td-odin.ru/product/PKPr" "Mozilla/5.0 (Windows NT 6.1; WOW64) AppleWebKit/537.31 (KHTML, like Gecko) Chrome/26.0.1410.64 Safari/537.31"
77.51.169.55 - - [09/May/2013:22:27:20 +0400] "GET /favicon.ico HTTP/1.0" 404 200 "-" "Mozilla/5.0 (Windows NT 6.1; WOW64) AppleWebKit/537.31 (KHTML, like Gecko) Chrome/26.0.1410.64 Safari/537.31"
66.249.78.110 - - [09/May/2013:22:31:31 +0400] "GET /product/247002 HTTP/1.0" 500 343 "-" "Mozilla/5.0 (compatible; Googlebot/2.1; +http://www.google.com/bot.html)"
66.249.78.110 - - [09/May/2013:22:40:58 +0400] "GET /product/237002 HTTP/1.0" 500 343 "-" "Mozilla/5.0 (compatible; Googlebot/2.1; +http://www.google.com/bot.html)"
66.249.78.110 - - [09/May/2013:22:42:25 +0400] "GET /product/246027 HTTP/1.0" 500 343 "-" "Mozilla/5.0 (compatible; Googlebot/2.1; +http://www.google.com/bot.html)"
66.249.78.110 - - [09/May/2013:22:42:40 +0400] "GET /product/245011 HTTP/1.0" 500 343 "-" "Mozilla/5.0 (compatible; Googlebot/2.1; +http://www.google.com/bot.html)"
124.115.1.7 - - [09/May/2013:22:48:14 +0400] "GET / HTTP/1.0" 200 6014 "-" "Mozilla/4.0 (compatible; MSIE 6.0; Windows NT 5.1)"
208.115.113.86 - - [09/May/2013:22:49:28 +0400] "GET /robots.txt HTTP/1.0" 404 238 "-" "Mozilla/5.0 (compatible; Ezooms/1.0; ezooms.bot@gmail.com)"
66.249.78.110 - - [09/May/2013:22:50:05 +0400] "GET /product/238005 HTTP/1.0" 500 343 "-" "Mozilla/5.0 (compatible; Googlebot/2.1; +http://www.google.com/bot.html)"
119.147.6.60 - - [09/May/2013:22:50:17 +0400] "GET / HTTP/1.0" 200 6121 "-" "Mozilla/4.0 (compatible; MSIE 6.0; Windows NT 5.1)"
66.249.78.178 - - [09/May/2013:23:01:08 +0400] "GET /robots.txt HTTP/1.0" 404 200 "-" "Mozilla/5.0 (compatible; Googlebot/2.1; +http://www.google.com/bot.html)"
66.249.78.178 - - [09/May/2013:23:01:08 +0400] "GET / HTTP/1.0" 200 5973 "-" "Mozilla/5.0 (compatible; Googlebot/2.1; +http://www.google.com/bot.html)"
66.249.78.178 - - [09/May/2013:23:03:25 +0400] "GET /category/5 HTTP/1.0" 200 4539 "-" "Mozilla/5.0 (compatible; Googlebot/2.1; +http://www.google.com/bot.html)"
66.249.78.178 - - [09/May/2013:23:05:35 +0400] "GET /category/2 HTTP/1.0" 200 4597 "-" "Mozilla/5.0 (compatible; Googlebot/2.1; +http://www.google.com/bot.html)"
66.249.78.178 - - [09/May/2013:23:08:04 +0400] "GET /category/3 HTTP/1.0" 200 4546 "-" "Mozilla/5.0 (compatible; Googlebot/2.1; +http://www.google.com/bot.html)"
37.9.53.50 - - [09/May/2013:23:13:42 +0400] "GET /fck/editor/filemanager/upload/test.html HTTP/1.0" 404 238 "http://td-odin.ru/fck/editor/filemanager/upload/test.html" "Mozilla/4.0 (compatible; MSIE 6.0; Windows 98; Win 9x 4.90)"
178.154.207.251 - - [09/May/2013:23:14:30 +0400] "GET /index.php?option=com_content&task=blogcategory&id=66&Itemid=35 HTTP/1.0" 404 200 "-" "Mozilla/5.0 (compatible; YandexBot/3.0; +http://yandex.com/bots)"
66.249.78.178 - - [09/May/2013:23:21:29 +0400] "GET /category/4 HTTP/1.0" 200 4522 "-" "Mozilla/5.0 (compatible; Googlebot/2.1; +http://www.google.com/bot.html)"
66.249.78.178 - - [09/May/2013:23:29:21 +0400] "GET /category/5.1 HTTP/1.0" 200 4619 "-" "Mozilla/5.0 (compatible; Googlebot/2.1; +http://www.google.com/bot.html)"
66.249.78.178 - - [09/May/2013:23:30:20 +0400] "GET /category/5.2 HTTP/1.0" 200 4582 "-" "Mozilla/5.0 (compatible; Googlebot/2.1; +http://www.google.com/bot.html)"
66.249.78.178 - - [09/May/2013:23:36:18 +0400] "GET /product/KKCh HTTP/1.0" 200 4943 "-" "Mozilla/5.0 (compatible; Googlebot/2.1; +http://www.google.com/bot.html)"
197.205.142.94 - - [09/May/2013:23:36:30 +0400] "GET /index.php?option=com_jce&task=plugin&plugin=imgmanager&file=imgmanager&version=1576&cid=20 HTTP/1.0" 404 238 "-" "BOT/0.1 (BOT for JCE)"
197.205.142.94 - - [09/May/2013:23:36:32 +0400] "POST /index.php?option=com_jce&task=plugin&plugin=imgmanager&file=imgmanager&version=1576&cid=20 HTTP/1.0" 404 238 "-" "BOT/0.1 (BOT for JCE)"
197.205.142.94 - - [09/May/2013:23:36:32 +0400] "GET /images/stories/alajman123.php HTTP/1.0" 404 238 "-" "BOT/0.1 (BOT for JCE)"
66.249.78.178 - - [09/May/2013:23:48:15 +0400] "GET /category/4.2 HTTP/1.0" 200 4587 "-" "Mozilla/5.0 (compatible; Googlebot/2.1; +http://www.google.com/bot.html)"
66.249.78.178 - - [09/May/2013:23:50:28 +0400] "GET /product/TK45 HTTP/1.0" 200 4933 "-" "Mozilla/5.0 (compatible; Googlebot/2.1; +http://www.google.com/bot.html)"
66.249.78.178 - - [10/May/2013:00:03:38 +0400] "GET /product/SU01 HTTP/1.0" 200 4936 "-" "Mozilla/5.0 (compatible; Googlebot/2.1; +http://www.google.com/bot.html)"
66.249.78.178 - - [10/May/2013:00:07:04 +0400] "GET /category/3.7 HTTP/1.0" 200 4572 "-" "Mozilla/5.0 (compatible; Googlebot/2.1; +http://www.google.com/bot.html)"
178.154.207.251 - - [10/May/2013:00:07:32 +0400] "GET /index.php?option=com_content&task=blogcategory&id=79&Itemid=36 HTTP/1.0" 404 200 "-" "Mozilla/5.0 (compatible; YandexBot/3.0; +http://yandex.com/bots)"
208.115.113.86 - - [10/May/2013:00:10:16 +0400] "GET /category/239054 HTTP/1.0" 200 17165 "-" "Mozilla/5.0 (compatible; Ezooms/1.0; ezooms.bot@gmail.com)"
66.249.78.178 - - [10/May/2013:00:10:31 +0400] "GET /product/5117 HTTP/1.0" 200 5018 "-" "Mozilla/5.0 (compatible; Googlebot/2.1; +http://www.google.com/bot.html)"
66.249.78.178 - - [10/May/2013:00:10:49 +0400] "GET /category/3.3 HTTP/1.0" 200 4565 "-" "Mozilla/5.0 (compatible; Googlebot/2.1; +http://www.google.com/bot.html)"
66.249.75.186 - - [10/May/2013:00:12:19 +0400] "GET /category/3.5 HTTP/1.0" 200 4622 "-" "Mozilla/5.0 (compatible; Googlebot/2.1; +http://www.google.com/bot.html)"
66.249.78.178 - - [10/May/2013:00:22:57 +0400] "GET /product/1106 HTTP/1.0" 200 5000 "-" "Mozilla/5.0 (compatible; Googlebot/2.1; +http://www.google.com/bot.html)"
66.249.78.178 - - [10/May/2013:00:25:01 +0400] "GET /category/3.4 HTTP/1.0" 200 4619 "-" "Mozilla/5.0 (compatible; Googlebot/2.1; +http://www.google.com/bot.html)"
66.249.78.178 - - [10/May/2013:00:27:50 +0400] "GET /category/5.3 HTTP/1.0" 200 5263 "-" "Mozilla/5.0 (compatible; Googlebot/2.1; +http://www.google.com/bot.html)"
66.249.75.186 - - [10/May/2013:00:31:13 +0400] "GET /category/3.6 HTTP/1.0" 200 4601 "-" "Mozilla/5.0 (compatible; Googlebot/2.1; +http://www.google.com/bot.html)"
66.249.78.178 - - [10/May/2013:00:32:56 +0400] "GET /category/4.3 HTTP/1.0" 200 4589 "-" "Mozilla/5.0 (compatible; Googlebot/2.1; +http://www.google.com/bot.html)"
66.249.78.178 - - [10/May/2013:00:36:07 +0400] "GET /category/5.6 HTTP/1.0" 200 5372 "-" "Mozilla/5.0 (compatible; Googlebot/2.1; +http://www.google.com/bot.html)"
66.249.78.178 - - [10/May/2013:00:37:10 +0400] "GET /product/5209 HTTP/1.0" 200 5022 "-" "Mozilla/5.0 (compatible; Googlebot/2.1; +http://www.google.com/bot.html)"
66.249.78.178 - - [10/May/2013:00:49:06 +0400] "GET /category/3.2 HTTP/1.0" 200 4610 "-" "Mozilla/5.0 (compatible; Googlebot/2.1; +http://www.google.com/bot.html)"
66.249.78.178 - - [10/May/2013:00:51:20 +0400] "GET /category/4.1 HTTP/1.0" 200 4582 "-" "Mozilla/5.0 (compatible; Googlebot/2.1; +http://www.google.com/bot.html)"
66.249.78.178 - - [10/May/2013:00:51:30 +0400] "GET /category/3.1 HTTP/1.0" 200 4615 "-" "Mozilla/5.0 (compatible; Googlebot/2.1; +http://www.google.com/bot.html)"
37.9.53.50 - - [10/May/2013:00:52:25 +0400] "GET /_admin/FCKeditor/editor/filemanager/upload/test.html HTTP/1.0" 404 238 "http://td-odin.ru/_admin/FCKeditor/editor/filemanager/upload/test.html" "Mozilla/4.0 (compatible; MSIE 6.0; Windows 98; Win 9x 4.90)"
66.249.78.178 - - [10/May/2013:00:56:06 +0400] "GET /category/5.4 HTTP/1.0" 200 5151 "-" "Mozilla/5.0 (compatible; Googlebot/2.1; +http://www.google.com/bot.html)"
178.154.207.251 - - [10/May/2013:01:00:37 +0400] "GET /index.php?option=com_content&task=blogcategory&id=58&Itemid=33 HTTP/1.0" 404 200 "-" "Mozilla/5.0 (compatible; YandexBot/3.0; +http://yandex.com/bots)"
66.249.78.178 - - [10/May/2013:01:04:56 +0400] "GET /category/5.5 HTTP/1.0" 200 5939 "-" "Mozilla/5.0 (compatible; Googlebot/2.1; +http://www.google.com/bot.html)"
66.249.78.178 - - [10/May/2013:01:06:41 +0400] "GET /category/2.10 HTTP/1.0" 200 5250 "-" "Mozilla/5.0 (compatible; Googlebot/2.1; +http://www.google.com/bot.html)"
65.55.52.96 - - [10/May/2013:01:08:03 +0400] "GET /robots.txt HTTP/1.0" 404 238 "-" "Mozilla/5.0 (compatible; bingbot/2.0; +http://www.bing.com/bingbot.htm)"
65.55.52.96 - - [10/May/2013:01:10:54 +0400] "GET / HTTP/1.0" 200 6082 "-" "Mozilla/5.0 (compatible; bingbot/2.0; +http://www.bing.com/bingbot.htm)"
66.249.78.178 - - [10/May/2013:01:12:22 +0400] "GET /category/2.09 HTTP/1.0" 200 5843 "-" "Mozilla/5.0 (compatible; Googlebot/2.1; +http://www.google.com/bot.html)"
66.249.78.110 - - [10/May/2013:01:19:31 +0400] "GET /robots.txt HTTP/1.0" 404 200 "-" "Mozilla/5.0 (compatible; Googlebot/2.1; +http://www.google.com/bot.html)"
66.249.78.110 - - [10/May/2013:01:19:31 +0400] "GET /product/240002 HTTP/1.0" 500 343 "-" "Mozilla/5.0 (compatible; Googlebot/2.1; +http://www.google.com/bot.html)"
178.154.207.251 - - [10/May/2013:01:53:32 +0400] "GET /index.php?option=com_content&task=blogcategory&id=61&Itemid=34 HTTP/1.0" 404 200 "-" "Mozilla/5.0 (compatible; YandexBot/3.0; +http://yandex.com/bots)"
66.249.78.178 - - [10/May/2013:02:10:58 +0400] "GET /category/2.01 HTTP/1.0" 200 7638 "-" "Mozilla/5.0 (compatible; Googlebot/2.1; +http://www.google.com/bot.html)"
178.154.207.251 - - [10/May/2013:02:43:04 +0400] "GET /index.php?option=com_content&task=blogcategory&sectionid=36&id=76&Itemid=36 HTTP/1.0" 404 200 "-" "Mozilla/5.0 (compatible; YandexBot/3.0; +http://yandex.com/bots)"
178.154.207.251 - - [10/May/2013:03:22:08 +0400] "GET /category/236021 HTTP/1.0" 200 4490 "-" "Mozilla/5.0 (compatible; YandexBot/3.0; +http://yandex.com/bots)"
178.154.207.251 - - [10/May/2013:03:33:35 +0400] "GET /category/237001 HTTP/1.0" 200 4490 "-" "Mozilla/5.0 (compatible; YandexBot/3.0; +http://yandex.com/bots)"
66.249.78.110 - - [10/May/2013:03:34:38 +0400] "GET /product/247001 HTTP/1.0" 500 343 "-" "Mozilla/5.0 (compatible; Googlebot/2.1; +http://www.google.com/bot.html)"
66.249.75.171 - - [10/May/2013:03:39:25 +0400] "GET /index.php?option=com_joomap&view=google HTTP/1.0" 404 200 "-" "Mozilla/5.0 (compatible; Googlebot/2.1; +http://www.google.com/bot.html)"
178.154.207.251 - - [10/May/2013:03:44:56 +0400] "GET /category/246046 HTTP/1.0" 200 4490 "-" "Mozilla/5.0 (compatible; YandexBot/3.0; +http://yandex.com/bots)"
66.249.78.178 - - [10/May/2013:03:47:25 +0400] "GET /category/2.07 HTTP/1.0" 200 5389 "-" "Mozilla/5.0 (compatible; Googlebot/2.1; +http://www.google.com/bot.html)"
66.249.78.110 - - [10/May/2013:03:53:10 +0400] "GET /product/238016 HTTP/1.0" 500 343 "-" "Mozilla/5.0 (compatible; Googlebot/2.1; +http://www.google.com/bot.html)"
178.154.207.251 - - [10/May/2013:03:56:29 +0400] "GET /category/247028 HTTP/1.0" 200 4490 "-" "Mozilla/5.0 (compatible; YandexBot/3.0; +http://yandex.com/bots)"
66.249.78.110 - - [10/May/2013:04:00:31 +0400] "GET /product/218164 HTTP/1.0" 500 343 "-" "Mozilla/5.0 (compatible; Googlebot/2.1; +http://www.google.com/bot.html)"
178.154.207.251 - - [10/May/2013:04:08:28 +0400] "GET /category/246030 HTTP/1.0" 200 4490 "-" "Mozilla/5.0 (compatible; YandexBot/3.0; +http://yandex.com/bots)"
72.14.199.186 - - [10/May/2013:04:11:47 +0400] "GET /index.php?option=com_content&task=view&id=62&Itemid=75 HTTP/1.0" 404 200 "-" "AdsBot-Google (+http://www.google.com/adsbot.html)"
178.154.207.251 - - [10/May/2013:04:19:39 +0400] "GET /category/245042 HTTP/1.0" 200 4490 "-" "Mozilla/5.0 (compatible; YandexBot/3.0; +http://yandex.com/bots)"
66.249.78.110 - - [10/May/2013:04:24:38 +0400] "GET /product/249023 HTTP/1.0" 500 343 "-" "Mozilla/5.0 (compatible; Googlebot/2.1; +http://www.google.com/bot.html)"
178.154.207.251 - - [10/May/2013:04:32:06 +0400] "GET /category/246050 HTTP/1.0" 200 4490 "-" "Mozilla/5.0 (compatible; YandexBot/3.0; +http://yandex.com/bots)"
178.154.207.251 - - [10/May/2013:04:43:48 +0400] "GET /category/245028 HTTP/1.0" 200 4490 "-" "Mozilla/5.0 (compatible; YandexBot/3.0; +http://yandex.com/bots)"
208.115.111.70 - - [10/May/2013:04:52:28 +0400] "GET /robots.txt HTTP/1.0" 404 238 "-" "Mozilla/5.0 (compatible; Ezooms/1.0; ezooms.bot@gmail.com)"
208.115.111.70 - - [10/May/2013:04:52:28 +0400] "GET /robots.txt HTTP/1.0" 404 238 "-" "Mozilla/5.0 (compatible; Ezooms/1.0; ezooms.bot@gmail.com)"
178.154.207.251 - - [10/May/2013:04:55:07 +0400] "GET /category/243010 HTTP/1.0" 200 4490 "-" "Mozilla/5.0 (compatible; YandexBot/3.0; +http://yandex.com/bots)"
46.119.114.21 - - [10/May/2013:05:06:01 +0400] "GET / HTTP/1.0" 200 31663 "http://znakomstva.zaposti.net/" "Mozilla/4.0 (compatible; MSIE 6.0; Windows NT 5.0; KTXN)"
46.119.114.21 - - [10/May/2013:05:06:00 +0400] "GET / HTTP/1.0" 500 538 "http://znakomstva.zaposti.net/" "Mozilla/4.0 (compatible; MSIE 6.0; Windows NT 5.0; KTXN)"
46.119.114.21 - - [10/May/2013:05:06:02 +0400] "GET / HTTP/1.0" 200 32482 "http://znakomstva.zaposti.net/" "Mozilla/4.0 (compatible; MSIE 6.0; Windows NT 5.0; KTXN)"
178.154.207.251 - - [10/May/2013:05:06:26 +0400] "GET /category/247016 HTTP/1.0" 200 4490 "-" "Mozilla/5.0 (compatible; YandexBot/3.0; +http://yandex.com/bots)"
178.154.207.251 - - [10/May/2013:05:17:51 +0400] "GET /category/244007 HTTP/1.0" 200 4490 "-" "Mozilla/5.0 (compatible; YandexBot/3.0; +http://yandex.com/bots)"
195.239.178.205 - - [10/May/2013:05:24:24 +0400] "GET / HTTP/1.0" 200 32282 "-" "Mozilla/5.0 (compatible; Nigma.ru/3.0; crawler@nigma.ru)"
178.154.207.251 - - [10/May/2013:05:29:59 +0400] "GET /category/241005 HTTP/1.0" 200 4490 "-" "Mozilla/5.0 (compatible; YandexBot/3.0; +http://yandex.com/bots)"
