95.139.215.7 - - [07/May/2013:18:57:46 +0400] "GET /search/ HTTP/1.0" 200 4465 "http://www.td-odin.ru/st_content/contacts" "Mozilla/5.0 (Windows NT 6.1) AppleWebKit/537.4 (KHTML, like Gecko) Chrome/22.0.1106.241 YaBrowser/1.5.1106.241 Safari/537.4"
95.139.215.7 - - [07/May/2013:18:57:47 +0400] "GET /favicon.ico HTTP/1.0" 404 200 "-" "Mozilla/5.0 (Windows NT 6.1) AppleWebKit/537.4 (KHTML, like Gecko) Chrome/22.0.1106.241 YaBrowser/1.5.1106.241 Safari/537.4"
95.139.215.7 - - [07/May/2013:18:57:47 +0400] "GET /favicon.ico HTTP/1.0" 404 200 "-" "Mozilla/5.0 (Windows NT 6.1) AppleWebKit/537.4 (KHTML, like Gecko) Chrome/22.0.1106.241 YaBrowser/1.5.1106.241 Safari/537.4"
95.139.215.7 - - [07/May/2013:18:57:52 +0400] "GET /search/?q= HTTP/1.0" 200 4465 "http://www.td-odin.ru/search/" "Mozilla/5.0 (Windows NT 6.1) AppleWebKit/537.4 (KHTML, like Gecko) Chrome/22.0.1106.241 YaBrowser/1.5.1106.241 Safari/537.4"
95.139.215.7 - - [07/May/2013:18:57:54 +0400] "GET /favicon.ico HTTP/1.0" 404 200 "-" "Mozilla/5.0 (Windows NT 6.1) AppleWebKit/537.4 (KHTML, like Gecko) Chrome/22.0.1106.241 YaBrowser/1.5.1106.241 Safari/537.4"
95.139.215.7 - - [07/May/2013:18:57:54 +0400] "GET /favicon.ico HTTP/1.0" 404 200 "-" "Mozilla/5.0 (Windows NT 6.1) AppleWebKit/537.4 (KHTML, like Gecko) Chrome/22.0.1106.241 YaBrowser/1.5.1106.241 Safari/537.4"
157.56.93.63 - - [07/May/2013:18:58:09 +0400] "GET /index.php?option=com_content&task=blogcategory&id=68&Itemid=35 HTTP/1.0" 404 200 "-" "Mozilla/5.0 (compatible; bingbot/2.0; +http://www.bing.com/bingbot.htm)"
208.115.113.86 - - [07/May/2013:18:59:58 +0400] "GET /robots.txt HTTP/1.0" 404 238 "-" "Mozilla/5.0 (compatible; Ezooms/1.0; ezooms.bot@gmail.com)"
178.154.207.251 - - [07/May/2013:19:50:54 +0400] "GET /robots.txt HTTP/1.0" 404 238 "-" "Mozilla/5.0 (compatible; YandexBot/3.0; +http://yandex.com/bots)"
208.115.113.86 - - [07/May/2013:20:30:02 +0400] "GET /index.php?option=com_content&task=blogcategory&id=102&Itemid=26 HTTP/1.0" 404 238 "-" "Mozilla/5.0 (compatible; Ezooms/1.0; ezooms.bot@gmail.com)"
65.55.24.214 - - [07/May/2013:20:43:31 +0400] "GET /robots.txt HTTP/1.0" 404 238 "-" "Mozilla/5.0 (compatible; bingbot/2.0; +http://www.bing.com/bingbot.htm)"
182.118.21.248 - - [07/May/2013:20:57:37 +0400] "GET /robots.txt HTTP/1.0" 404 200 "http://www.td-odin.ru/robots.txt" "Mozilla/5.0 (Windows; U; Windows NT 5.1; zh-CN; rv:1.8.0.11)  Firefox/1.5.0.11; 360Spider"
208.115.111.70 - - [07/May/2013:20:59:30 +0400] "GET /robots.txt HTTP/1.0" 404 238 "-" "Mozilla/5.0 (compatible; Ezooms/1.0; ezooms.bot@gmail.com)"
65.55.24.214 - - [07/May/2013:21:00:00 +0400] "GET /product/246036 HTTP/1.0" 500 343 "-" "Mozilla/5.0 (compatible; bingbot/2.0; +http://www.bing.com/bingbot.htm)"
65.55.24.214 - - [07/May/2013:21:05:04 +0400] "GET /product/246036 HTTP/1.0" 500 538 "-" "Mozilla/5.0 (compatible; bingbot/2.0; +http://www.bing.com/bingbot.htm)"
66.249.75.195 - - [07/May/2013:21:17:22 +0400] "GET /robots.txt HTTP/1.0" 404 200 "-" "Mozilla/5.0 (compatible; Googlebot/2.1; +http://www.google.com/bot.html)"
72.14.199.224 - - [07/May/2013:21:17:22 +0400] "GET /index.php?option=com_content&task=blogcategory&id=42&Itemid=26 HTTP/1.0" 404 200 "-" "AdsBot-Google (+http://www.google.com/adsbot.html)"
79.139.242.105 - - [07/May/2013:21:45:33 +0400] "GET / HTTP/1.0" 200 5924 "-" "Mozilla/5.0 (Windows NT 6.1; WOW64) AppleWebKit/537.4 (KHTML, like Gecko) Chrome/22.0.1229.94 Safari/537.4"
79.139.242.105 - - [07/May/2013:21:45:36 +0400] "GET /favicon.ico HTTP/1.0" 404 200 "-" "Mozilla/5.0 (Windows NT 6.1; WOW64) AppleWebKit/537.4 (KHTML, like Gecko) Chrome/22.0.1229.94 Safari/537.4"
178.154.207.251 - - [07/May/2013:21:46:40 +0400] "GET /index.php?option=com_content&task=blogcategory&id=65&Itemid=35 HTTP/1.0" 404 200 "-" "Mozilla/5.0 (compatible; YandexBot/3.0; +http://yandex.com/bots)"
65.52.100.214 - - [07/May/2013:21:59:20 +0400] "HEAD / HTTP/1.0" 200 - "-" "-"
65.55.24.214 - - [07/May/2013:22:05:58 +0400] "GET /product/246036 HTTP/1.0" 500 538 "-" "Mozilla/5.0 (compatible; bingbot/2.0; +http://www.bing.com/bingbot.htm)"
178.124.18.6 - - [07/May/2013:22:08:45 +0400] "GET /index.php?option=com_content&task=blogcategory&id=58&Itemid=33 HTTP/1.0" 404 200 "http://shkolazhizni.ru/archive/0/n-6400/" "Mozilla/5.0 (Windows NT 5.1; rv:20.0) Gecko/20100101 Firefox/20.0"
178.124.18.6 - - [07/May/2013:22:08:45 +0400] "GET /favicon.ico HTTP/1.0" 404 200 "-" "Mozilla/5.0 (Windows NT 5.1; rv:20.0) Gecko/20100101 Firefox/20.0"
178.124.18.6 - - [07/May/2013:22:08:45 +0400] "GET /favicon.ico HTTP/1.0" 404 200 "-" "Mozilla/5.0 (Windows NT 5.1; rv:20.0) Gecko/20100101 Firefox/20.0"
178.124.18.6 - - [07/May/2013:22:08:45 +0400] "GET / HTTP/1.0" 200 6041 "-" "Mozilla/5.0 (Windows NT 5.1; rv:20.0) Gecko/20100101 Firefox/20.0"
208.115.111.70 - - [07/May/2013:22:10:37 +0400] "GET /index.php?option=com_content&task=blogcategory&id=61&Itemid=34 HTTP/1.0" 404 238 "-" "Mozilla/5.0 (compatible; Ezooms/1.0; ezooms.bot@gmail.com)"
208.115.113.86 - - [07/May/2013:22:53:30 +0400] "GET /robots.txt HTTP/1.0" 404 238 "-" "Mozilla/5.0 (compatible; Ezooms/1.0; ezooms.bot@gmail.com)"
157.56.93.63 - - [07/May/2013:23:08:53 +0400] "GET /robots.txt HTTP/1.0" 404 238 "-" "Mozilla/5.0 (compatible; bingbot/2.0; +http://www.bing.com/bingbot.htm)"
157.56.93.63 - - [07/May/2013:23:11:04 +0400] "GET /index.php?option=com_content&task=blogcategory&id=68&Itemid=35 HTTP/1.0" 404 200 "-" "Mozilla/5.0 (compatible; bingbot/2.0; +http://www.bing.com/bingbot.htm)"
46.229.167.149 - - [07/May/2013:23:15:19 +0400] "GET / HTTP/1.0" 200 6060 "-" "Zend_Http_Client"
46.229.167.149 - - [07/May/2013:23:15:22 +0400] "GET / HTTP/1.0" 200 32263 "-" "Mozilla/5.0 (X11; Linux ppc; rv:5.0) Gecko/20100101 Firefox/5.0"
178.140.172.164 - - [07/May/2013:23:30:12 +0400] "GET / HTTP/1.0" 200 32173 "http://baltkurs.com/" "Mozilla/3.0 (compatible; Indy Library)"
178.154.207.251 - - [07/May/2013:23:43:16 +0400] "GET /index.php?option=com_content&task=blogcategory&id=90&Itemid=30 HTTP/1.0" 404 200 "-" "Mozilla/5.0 (compatible; YandexBot/3.0; +http://yandex.com/bots)"
65.55.24.214 - - [07/May/2013:23:45:33 +0400] "GET /robots.txt HTTP/1.0" 404 238 "-" "Mozilla/5.0 (compatible; bingbot/2.0; +http://www.bing.com/bingbot.htm)"
65.55.24.214 - - [07/May/2013:23:47:33 +0400] "GET /basket HTTP/1.0" 301 205 "-" "Mozilla/5.0 (compatible; bingbot/2.0; +http://www.bing.com/bingbot.htm)"
65.55.24.214 - - [07/May/2013:23:47:33 +0400] "GET /category/244009 HTTP/1.0" 200 4490 "-" "Mozilla/5.0 (compatible; bingbot/2.0; +http://www.bing.com/bingbot.htm)"
157.55.34.166 - - [07/May/2013:23:55:13 +0400] "GET /category/241021 HTTP/1.0" 200 4490 "-" "Mozilla/5.0 (compatible; bingbot/2.0; +http://www.bing.com/bingbot.htm)"
157.55.34.166 - - [07/May/2013:23:55:13 +0400] "GET /category/242029 HTTP/1.0" 200 4490 "-" "Mozilla/5.0 (compatible; bingbot/2.0; +http://www.bing.com/bingbot.htm)"
157.55.34.166 - - [07/May/2013:23:55:13 +0400] "GET /index.php?option=com_content&task=blogcategory&id=42&Itemid=26 HTTP/1.0" 404 200 "-" "Mozilla/5.0 (compatible; bingbot/2.0; +http://www.bing.com/bingbot.htm)"
157.55.34.166 - - [07/May/2013:23:55:13 +0400] "GET /index.php?option=com_content&task=blogcategory&id=57&Itemid=33 HTTP/1.0" 404 200 "-" "Mozilla/5.0 (compatible; bingbot/2.0; +http://www.bing.com/bingbot.htm)"
157.55.34.166 - - [07/May/2013:23:55:13 +0400] "GET /index.php?option=com_content&task=blogcategory&id=56&Itemid=33 HTTP/1.0" 404 200 "-" "Mozilla/5.0 (compatible; bingbot/2.0; +http://www.bing.com/bingbot.htm)"
157.55.34.166 - - [07/May/2013:23:55:13 +0400] "GET /category/246019 HTTP/1.0" 200 4490 "-" "Mozilla/5.0 (compatible; bingbot/2.0; +http://www.bing.com/bingbot.htm)"
157.55.34.166 - - [07/May/2013:23:55:13 +0400] "GET /category/243037 HTTP/1.0" 200 4490 "-" "Mozilla/5.0 (compatible; bingbot/2.0; +http://www.bing.com/bingbot.htm)"
157.55.34.166 - - [07/May/2013:23:55:18 +0400] "GET /search/ HTTP/1.0" 200 4465 "-" "Mozilla/5.0 (compatible; bingbot/2.0; +http://www.bing.com/bingbot.htm)"
157.55.34.166 - - [07/May/2013:23:55:18 +0400] "GET /product/239036 HTTP/1.0" 500 343 "-" "Mozilla/5.0 (compatible; bingbot/2.0; +http://www.bing.com/bingbot.htm)"
157.55.34.166 - - [07/May/2013:23:56:21 +0400] "GET /product/239036 HTTP/1.0" 500 538 "-" "Mozilla/5.0 (compatible; bingbot/2.0; +http://www.bing.com/bingbot.htm)"
157.56.93.193 - - [08/May/2013:00:07:27 +0400] "GET /product/241018 HTTP/1.0" 500 343 "-" "Mozilla/5.0 (compatible; bingbot/2.0; +http://www.bing.com/bingbot.htm)"
157.56.93.193 - - [08/May/2013:00:07:27 +0400] "GET /category/238060 HTTP/1.0" 200 4490 "-" "Mozilla/5.0 (compatible; bingbot/2.0; +http://www.bing.com/bingbot.htm)"
65.55.52.96 - - [08/May/2013:00:07:27 +0400] "GET / HTTP/1.0" 500 343 "-" "Mozilla/5.0 (compatible; bingbot/2.0; +http://www.bing.com/bingbot.htm)"
65.55.52.96 - - [08/May/2013:00:07:27 +0400] "GET /category/239028 HTTP/1.0" 200 4490 "-" "Mozilla/5.0 (compatible; bingbot/2.0; +http://www.bing.com/bingbot.htm)"
65.55.52.96 - - [08/May/2013:00:07:27 +0400] "GET /category/241028 HTTP/1.0" 200 4490 "-" "Mozilla/5.0 (compatible; bingbot/2.0; +http://www.bing.com/bingbot.htm)"
65.55.52.96 - - [08/May/2013:00:07:27 +0400] "GET /category/244045 HTTP/1.0" 200 4490 "-" "Mozilla/5.0 (compatible; bingbot/2.0; +http://www.bing.com/bingbot.htm)"
157.56.93.193 - - [08/May/2013:00:07:28 +0400] "GET /category/244037 HTTP/1.0" 200 4490 "-" "Mozilla/5.0 (compatible; bingbot/2.0; +http://www.bing.com/bingbot.htm)"
157.56.93.193 - - [08/May/2013:00:07:28 +0400] "GET /category/246050 HTTP/1.0" 200 4490 "-" "Mozilla/5.0 (compatible; bingbot/2.0; +http://www.bing.com/bingbot.htm)"
65.55.52.96 - - [08/May/2013:00:07:28 +0400] "GET /category/249015 HTTP/1.0" 200 4490 "-" "Mozilla/5.0 (compatible; bingbot/2.0; +http://www.bing.com/bingbot.htm)"
65.55.52.96 - - [08/May/2013:00:07:28 +0400] "GET /product/218160 HTTP/1.0" 500 343 "-" "Mozilla/5.0 (compatible; bingbot/2.0; +http://www.bing.com/bingbot.htm)"
157.56.93.193 - - [08/May/2013:00:07:28 +0400] "GET /category/248014 HTTP/1.0" 200 4490 "-" "Mozilla/5.0 (compatible; bingbot/2.0; +http://www.bing.com/bingbot.htm)"
157.56.93.193 - - [08/May/2013:00:07:28 +0400] "GET /category/247022 HTTP/1.0" 200 4490 "-" "Mozilla/5.0 (compatible; bingbot/2.0; +http://www.bing.com/bingbot.htm)"
157.56.93.193 - - [08/May/2013:00:07:29 +0400] "GET /index.php?option=com_content&task=blogcategory&id=46&Itemid=29 HTTP/1.0" 404 200 "-" "Mozilla/5.0 (compatible; bingbot/2.0; +http://www.bing.com/bingbot.htm)"
157.56.93.193 - - [08/May/2013:00:08:31 +0400] "GET /product/241018 HTTP/1.0" 500 538 "-" "Mozilla/5.0 (compatible; bingbot/2.0; +http://www.bing.com/bingbot.htm)"
65.55.52.96 - - [08/May/2013:00:08:57 +0400] "GET / HTTP/1.0" 200 32617 "-" "Mozilla/5.0 (compatible; bingbot/2.0; +http://www.bing.com/bingbot.htm)"
65.55.52.96 - - [08/May/2013:00:09:00 +0400] "GET /product/218160 HTTP/1.0" 500 538 "-" "Mozilla/5.0 (compatible; bingbot/2.0; +http://www.bing.com/bingbot.htm)"
157.55.34.166 - - [08/May/2013:00:11:27 +0400] "GET /product/239036 HTTP/1.0" 500 538 "-" "Mozilla/5.0 (compatible; bingbot/2.0; +http://www.bing.com/bingbot.htm)"
157.56.93.51 - - [08/May/2013:00:12:58 +0400] "GET /category/244035 HTTP/1.0" 200 4490 "-" "Mozilla/5.0 (compatible; bingbot/2.0; +http://www.bing.com/bingbot.htm)"
157.56.93.51 - - [08/May/2013:00:12:58 +0400] "GET /index.php?option=com_content&task=blogcategory&id=62&Itemid=34 HTTP/1.0" 404 200 "-" "Mozilla/5.0 (compatible; bingbot/2.0; +http://www.bing.com/bingbot.htm)"
157.56.93.51 - - [08/May/2013:00:12:58 +0400] "GET /category/243028 HTTP/1.0" 200 4490 "-" "Mozilla/5.0 (compatible; bingbot/2.0; +http://www.bing.com/bingbot.htm)"
157.56.93.51 - - [08/May/2013:00:12:58 +0400] "GET /product/243035 HTTP/1.0" 500 343 "-" "Mozilla/5.0 (compatible; bingbot/2.0; +http://www.bing.com/bingbot.htm)"
157.56.93.63 - - [08/May/2013:00:13:27 +0400] "GET /index.php?option=com_content&task=blogcategory&id=49&Itemid=29 HTTP/1.0" 404 200 "-" "Mozilla/5.0 (compatible; bingbot/2.0; +http://www.bing.com/bingbot.htm)"
157.56.93.63 - - [08/May/2013:00:13:27 +0400] "GET /category/249036 HTTP/1.0" 200 4490 "-" "Mozilla/5.0 (compatible; bingbot/2.0; +http://www.bing.com/bingbot.htm)"
157.56.93.63 - - [08/May/2013:00:13:27 +0400] "GET /category/237001 HTTP/1.0" 200 4490 "-" "Mozilla/5.0 (compatible; bingbot/2.0; +http://www.bing.com/bingbot.htm)"
157.56.93.63 - - [08/May/2013:00:13:27 +0400] "GET /product/236057 HTTP/1.0" 500 343 "-" "Mozilla/5.0 (compatible; bingbot/2.0; +http://www.bing.com/bingbot.htm)"
157.56.93.63 - - [08/May/2013:00:13:28 +0400] "GET /product/239001 HTTP/1.0" 500 343 "-" "Mozilla/5.0 (compatible; bingbot/2.0; +http://www.bing.com/bingbot.htm)"
157.56.93.63 - - [08/May/2013:00:13:28 +0400] "GET /product/244010 HTTP/1.0" 500 343 "-" "Mozilla/5.0 (compatible; bingbot/2.0; +http://www.bing.com/bingbot.htm)"
157.56.93.63 - - [08/May/2013:00:13:29 +0400] "GET /product/249020 HTTP/1.0" 500 343 "-" "Mozilla/5.0 (compatible; bingbot/2.0; +http://www.bing.com/bingbot.htm)"
157.56.93.51 - - [08/May/2013:00:13:59 +0400] "GET /product/243035 HTTP/1.0" 500 538 "-" "Mozilla/5.0 (compatible; bingbot/2.0; +http://www.bing.com/bingbot.htm)"
157.56.93.63 - - [08/May/2013:00:14:29 +0400] "GET /product/236057 HTTP/1.0" 500 538 "-" "Mozilla/5.0 (compatible; bingbot/2.0; +http://www.bing.com/bingbot.htm)"
157.56.93.63 - - [08/May/2013:00:14:29 +0400] "GET /product/244010 HTTP/1.0" 500 538 "-" "Mozilla/5.0 (compatible; bingbot/2.0; +http://www.bing.com/bingbot.htm)"
157.56.93.63 - - [08/May/2013:00:14:29 +0400] "GET /product/239001 HTTP/1.0" 500 538 "-" "Mozilla/5.0 (compatible; bingbot/2.0; +http://www.bing.com/bingbot.htm)"
157.56.93.63 - - [08/May/2013:00:14:29 +0400] "GET /product/249020 HTTP/1.0" 500 538 "-" "Mozilla/5.0 (compatible; bingbot/2.0; +http://www.bing.com/bingbot.htm)"
94.228.220.68 - - [08/May/2013:00:15:47 +0400] "GET /components/p.php HTTP/1.0" 404 200 "-" "Mozilla/5.0 (compatible; Googlebot/2.1; +http://www.google.com/bot.html)"
208.115.113.86 - - [08/May/2013:00:29:33 +0400] "GET /index.php?option=com_content&task=section&id=36&Itemid=36 HTTP/1.0" 404 238 "-" "Mozilla/5.0 (compatible; Ezooms/1.0; ezooms.bot@gmail.com)"
208.115.113.86 - - [08/May/2013:00:29:34 +0400] "GET /index.php?option=com_content&task=blogcategory&id=63&Itemid=34 HTTP/1.0" 404 238 "-" "Mozilla/5.0 (compatible; Ezooms/1.0; ezooms.bot@gmail.com)"
208.115.111.70 - - [08/May/2013:00:56:12 +0400] "GET /robots.txt HTTP/1.0" 404 238 "-" "Mozilla/5.0 (compatible; Ezooms/1.0; ezooms.bot@gmail.com)"
208.115.111.70 - - [08/May/2013:00:56:12 +0400] "GET /robots.txt HTTP/1.0" 404 238 "-" "Mozilla/5.0 (compatible; Ezooms/1.0; ezooms.bot@gmail.com)"
157.56.93.193 - - [08/May/2013:01:09:00 +0400] "GET /product/241018 HTTP/1.0" 500 538 "-" "Mozilla/5.0 (compatible; bingbot/2.0; +http://www.bing.com/bingbot.htm)"
208.115.111.70 - - [08/May/2013:01:12:05 +0400] "GET /index.php?option=com_content&task=blogcategory&id=58&Itemid=33 HTTP/1.0" 404 238 "-" "Mozilla/5.0 (compatible; Ezooms/1.0; ezooms.bot@gmail.com)"
178.154.207.251 - - [08/May/2013:01:38:38 +0400] "GET /index.php?option=com_content&task=blogcategory&id=75&Itemid=36 HTTP/1.0" 404 200 "-" "Mozilla/5.0 (compatible; YandexBot/3.0; +http://yandex.com/bots)"
208.115.111.70 - - [08/May/2013:02:16:19 +0400] "GET /category/243012 HTTP/1.0" 200 17165 "-" "Mozilla/5.0 (compatible; Ezooms/1.0; ezooms.bot@gmail.com)"
208.115.111.70 - - [08/May/2013:02:16:26 +0400] "GET /category/244037 HTTP/1.0" 200 17165 "-" "Mozilla/5.0 (compatible; Ezooms/1.0; ezooms.bot@gmail.com)"
208.115.111.70 - - [08/May/2013:02:16:29 +0400] "GET /index.php?option=com_content&task=section&id=42&Itemid=42 HTTP/1.0" 404 238 "-" "Mozilla/5.0 (compatible; Ezooms/1.0; ezooms.bot@gmail.com)"
208.115.113.86 - - [08/May/2013:02:57:36 +0400] "GET /robots.txt HTTP/1.0" 404 238 "-" "Mozilla/5.0 (compatible; Ezooms/1.0; ezooms.bot@gmail.com)"
178.154.207.251 - - [08/May/2013:03:35:06 +0400] "GET /index.php?option=com_content&task=blogcategory&sectionid=33&id=58&Itemid=33 HTTP/1.0" 404 200 "-" "Mozilla/5.0 (compatible; YandexBot/3.0; +http://yandex.com/bots)"
46.119.114.21 - - [08/May/2013:03:51:43 +0400] "GET / HTTP/1.0" 200 31663 "http://uslugi-buhgalter.ru/" "Mozilla/4.0 (compatible; MSIE 5.5; Windows NT 4.0; .NET CLR 1.0.2914)"
46.119.114.21 - - [08/May/2013:03:51:44 +0400] "GET / HTTP/1.0" 200 32304 "http://uslugi-buhgalter.ru/" "Mozilla/4.0 (compatible; MSIE 5.5; Windows NT 4.0; .NET CLR 1.0.2914)"
46.119.114.21 - - [08/May/2013:03:51:45 +0400] "GET / HTTP/1.0" 200 32287 "http://uslugi-buhgalter.ru/" "Mozilla/4.0 (compatible; MSIE 5.5; Windows NT 4.0; .NET CLR 1.0.2914)"
66.249.75.188 - - [08/May/2013:04:11:04 +0400] "GET /robots.txt HTTP/1.0" 404 200 "-" "Mozilla/5.0 (compatible; Googlebot/2.1; +http://www.google.com/bot.html)"
72.14.199.217 - - [08/May/2013:04:11:04 +0400] "GET / HTTP/1.0" 200 6019 "-" "AdsBot-Google (+http://www.google.com/adsbot.html)"
208.115.113.86 - - [08/May/2013:04:26:01 +0400] "GET /product/236025 HTTP/1.0" 500 538 "-" "Mozilla/5.0 (compatible; Ezooms/1.0; ezooms.bot@gmail.com)"
65.55.52.96 - - [08/May/2013:04:38:42 +0400] "GET /robots.txt HTTP/1.0" 404 238 "-" "Mozilla/5.0 (compatible; bingbot/2.0; +http://www.bing.com/bingbot.htm)"
65.55.52.96 - - [08/May/2013:04:40:29 +0400] "GET / HTTP/1.0" 200 6142 "-" "Mozilla/5.0 (compatible; bingbot/2.0; +http://www.bing.com/bingbot.htm)"
208.115.111.70 - - [08/May/2013:04:56:18 +0400] "GET /robots.txt HTTP/1.0" 404 238 "-" "Mozilla/5.0 (compatible; Ezooms/1.0; ezooms.bot@gmail.com)"
178.154.207.251 - - [08/May/2013:05:03:42 +0400] "GET /index.php?option=com_content&task=blogcategory&id=53&Itemid=30 HTTP/1.0" 404 200 "-" "Mozilla/5.0 (compatible; YandexBot/3.0; +http://yandex.com/bots)"
65.55.215.79 - - [08/May/2013:05:17:24 +0400] "GET /robots.txt HTTP/1.0" 404 200 "-" "msnbot-media/1.1 (+http://search.msn.com/msnbot.htm)"
65.55.215.79 - - [08/May/2013:05:17:25 +0400] "GET /images/products/rosa.jpg HTTP/1.0" 404 200 "-" "msnbot-media/1.1 (+http://search.msn.com/msnbot.htm)"
157.56.93.63 - - [08/May/2013:05:19:28 +0400] "GET /product/248039 HTTP/1.0" 500 343 "-" "Mozilla/5.0 (compatible; bingbot/2.0; +http://www.bing.com/bingbot.htm)"
157.56.93.63 - - [08/May/2013:05:21:00 +0400] "GET /product/248039 HTTP/1.0" 500 538 "-" "Mozilla/5.0 (compatible; bingbot/2.0; +http://www.bing.com/bingbot.htm)"
195.239.178.205 - - [08/May/2013:05:41:03 +0400] "GET / HTTP/1.0" 200 32347 "-" "Mozilla/5.0 (compatible; Nigma.ru/3.0; crawler@nigma.ru)"
157.55.34.166 - - [08/May/2013:05:42:25 +0400] "GET /robots.txt HTTP/1.0" 404 238 "-" "Mozilla/5.0 (compatible; bingbot/2.0; +http://www.bing.com/bingbot.htm)"
65.55.24.239 - - [08/May/2013:05:45:00 +0400] "GET /product/248006 HTTP/1.0" 500 343 "-" "Mozilla/5.0 (compatible; bingbot/2.0; +http://www.bing.com/bingbot.htm)"
157.55.34.166 - - [08/May/2013:05:45:05 +0400] "GET /index.php?option=com_content&task=blogcategory&sectionid=42&id=94&Itemid=42 HTTP/1.0" 404 200 "-" "Mozilla/5.0 (compatible; bingbot/2.0; +http://www.bing.com/bingbot.htm)"
65.55.24.239 - - [08/May/2013:05:46:01 +0400] "GET /product/248006 HTTP/1.0" 500 538 "-" "Mozilla/5.0 (compatible; bingbot/2.0; +http://www.bing.com/bingbot.htm)"
199.30.20.118 - - [08/May/2013:05:47:51 +0400] "GET /robots.txt HTTP/1.0" 404 200 "-" "msnbot-media/1.1 (+http://search.msn.com/msnbot.htm)"
199.30.20.118 - - [08/May/2013:05:47:51 +0400] "GET /images/products/sm_baronet.jpg HTTP/1.0" 404 200 "-" "msnbot-media/1.1 (+http://search.msn.com/msnbot.htm)"
199.30.20.43 - - [08/May/2013:05:48:07 +0400] "GET /robots.txt HTTP/1.0" 404 200 "-" "msnbot-media/1.1 (+http://search.msn.com/msnbot.htm)"
199.30.20.43 - - [08/May/2013:05:48:08 +0400] "GET /images/products/sm_tamara1.jpg HTTP/1.0" 404 200 "-" "msnbot-media/1.1 (+http://search.msn.com/msnbot.htm)"
208.115.111.70 - - [08/May/2013:06:06:42 +0400] "GET /index.php?option=com_content&task=blogcategory&id=89&Itemid=32 HTTP/1.0" 404 238 "-" "Mozilla/5.0 (compatible; Ezooms/1.0; ezooms.bot@gmail.com)"
208.115.111.70 - - [08/May/2013:06:06:45 +0400] "GET /index.php?option=com_content&task=section&id=33&Itemid=33 HTTP/1.0" 404 238 "-" "Mozilla/5.0 (compatible; Ezooms/1.0; ezooms.bot@gmail.com)"
208.115.111.70 - - [08/May/2013:06:06:47 +0400] "GET /index.php?option=com_content&task=section&id=35&Itemid=35 HTTP/1.0" 404 238 "-" "Mozilla/5.0 (compatible; Ezooms/1.0; ezooms.bot@gmail.com)"
199.30.20.116 - - [08/May/2013:06:09:49 +0400] "GET /robots.txt HTTP/1.0" 404 200 "-" "msnbot-media/1.1 (+http://search.msn.com/msnbot.htm)"
199.30.20.116 - - [08/May/2013:06:09:49 +0400] "GET /images/products/sm_rosa.jpg HTTP/1.0" 404 200 "-" "msnbot-media/1.1 (+http://search.msn.com/msnbot.htm)"
199.30.20.116 - - [08/May/2013:06:10:27 +0400] "GET /images/products/sm_capitol.jpg HTTP/1.0" 404 200 "-" "msnbot-media/1.1 (+http://search.msn.com/msnbot.htm)"
157.56.93.63 - - [08/May/2013:06:23:01 +0400] "GET /product/248039 HTTP/1.0" 500 538 "-" "Mozilla/5.0 (compatible; bingbot/2.0; +http://www.bing.com/bingbot.htm)"
65.55.24.239 - - [08/May/2013:06:30:24 +0400] "GET /robots.txt HTTP/1.0" 404 238 "-" "Mozilla/5.0 (compatible; bingbot/2.0; +http://www.bing.com/bingbot.htm)"
178.154.207.251 - - [08/May/2013:06:32:00 +0400] "GET /index.php?option=com_content&task=section&id=33&Itemid=33 HTTP/1.0" 404 200 "-" "Mozilla/5.0 (compatible; YandexBot/3.0; +http://yandex.com/bots)"
65.55.24.239 - - [08/May/2013:06:33:02 +0400] "GET /index.php?option=com_content&task=blogcategory&id=69&Itemid=35 HTTP/1.0" 404 200 "-" "Mozilla/5.0 (compatible; bingbot/2.0; +http://www.bing.com/bingbot.htm)"
65.55.24.239 - - [08/May/2013:06:46:59 +0400] "GET /product/248006 HTTP/1.0" 500 538 "-" "Mozilla/5.0 (compatible; bingbot/2.0; +http://www.bing.com/bingbot.htm)"
208.115.113.86 - - [08/May/2013:06:48:42 +0400] "GET /robots.txt HTTP/1.0" 404 238 "-" "Mozilla/5.0 (compatible; Ezooms/1.0; ezooms.bot@gmail.com)"
91.207.9.226 - - [08/May/2013:07:05:30 +0400] "GET / HTTP/1.0" 200 32628 "http://komportal.ru/" "Mozilla/4.0 (compatible; MSIE 6.0; Windows 98; Win 9x 4.90)"
91.207.9.226 - - [08/May/2013:07:05:31 +0400] "GET / HTTP/1.0" 200 32438 "http://komportal.ru/" "Mozilla/4.0 (compatible; MSIE 6.0; Windows 98; Win 9x 4.90)"
91.207.9.226 - - [08/May/2013:07:05:32 +0400] "GET / HTTP/1.0" 200 32437 "http://komportal.ru/" "Mozilla/4.0 (compatible; MSIE 6.0; Windows 98; Win 9x 4.90)"
65.55.24.214 - - [08/May/2013:07:10:32 +0400] "GET /index.php?option=com_content&task=blogcategory&sectionid=32&id=89&Itemid=32 HTTP/1.0" 404 200 "-" "Mozilla/5.0 (compatible; bingbot/2.0; +http://www.bing.com/bingbot.htm)"
66.249.75.228 - - [08/May/2013:07:40:46 +0400] "GET /robots.txt HTTP/1.0" 404 200 "-" "Mozilla/5.0 (compatible; Googlebot/2.1; +http://www.google.com/bot.html)"
72.14.199.230 - - [08/May/2013:07:40:46 +0400] "GET /index.php?option=com_content&task=blogcategory&id=58&Itemid=33 HTTP/1.0" 404 200 "-" "AdsBot-Google (+http://www.google.com/adsbot.html)"
178.154.207.251 - - [08/May/2013:07:59:03 +0400] "GET /robots.txt HTTP/1.0" 404 238 "-" "Mozilla/5.0 (compatible; YandexBot/3.0; +http://yandex.com/bots)"
208.115.113.86 - - [08/May/2013:08:26:15 +0400] "GET /index.php?option=com_content&task=blogcategory&id=95&Itemid=42 HTTP/1.0" 404 238 "-" "Mozilla/5.0 (compatible; Ezooms/1.0; ezooms.bot@gmail.com)"
208.115.111.70 - - [08/May/2013:08:52:16 +0400] "GET /robots.txt HTTP/1.0" 404 238 "-" "Mozilla/5.0 (compatible; Ezooms/1.0; ezooms.bot@gmail.com)"
208.115.111.70 - - [08/May/2013:08:52:16 +0400] "GET /robots.txt HTTP/1.0" 404 238 "-" "Mozilla/5.0 (compatible; Ezooms/1.0; ezooms.bot@gmail.com)"
94.153.64.32 - - [08/May/2013:09:09:58 +0400] "GET / HTTP/1.0" 200 32532 "http://www.lexon.su/" "Mozilla/4.0 (compatible; MSIE 6.0; Windows NT 5.1; SV1)"
94.153.64.32 - - [08/May/2013:09:09:58 +0400] "GET / HTTP/1.0" 200 32588 "http://www.lexon.su/" "Mozilla/4.0 (compatible; MSIE 6.0; Windows NT 5.1; SV1)"
94.153.64.32 - - [08/May/2013:09:09:58 +0400] "GET / HTTP/1.0" 200 32505 "http://www.lexon.su/" "Mozilla/4.0 (compatible; MSIE 6.0; Windows NT 5.1; SV1)"
178.154.207.251 - - [08/May/2013:09:10:17 +0400] "GET /index.php?option=com_content&task=section&id=30&Itemid=30 HTTP/1.0" 404 200 "-" "Mozilla/5.0 (compatible; YandexBot/3.0; +http://yandex.com/bots)"
157.56.93.193 - - [08/May/2013:09:24:45 +0400] "GET /robots.txt HTTP/1.0" 404 238 "-" "Mozilla/5.0 (compatible; bingbot/2.0; +http://www.bing.com/bingbot.htm)"
157.56.93.193 - - [08/May/2013:09:26:59 +0400] "GET /product/239013 HTTP/1.0" 500 343 "-" "Mozilla/5.0 (compatible; bingbot/2.0; +http://www.bing.com/bingbot.htm)"
157.56.93.193 - - [08/May/2013:09:28:00 +0400] "GET /product/239013 HTTP/1.0" 500 538 "-" "Mozilla/5.0 (compatible; bingbot/2.0; +http://www.bing.com/bingbot.htm)"
95.158.225.218 - - [08/May/2013:09:36:48 +0400] "GET /index.php?option=com_content&task=view&id=61&Itemid=74 HTTP/1.0" 404 200 "http://yandex.ru/yandsearch?p=8&text=%D1%85%D0%BE%D0%B7%D1%82%D0%BE%D0%B2%D0%B0%D1%80%D1%8B%20%D0%B2%20%D0%BC%D0%BE%D1%81%D0%BA%D0%B2%D0%B5%20%D0%BE%D0%BF%D1%82%D0%BE%D0%BC%20%D0%B8%20%D0%B2%20%D1%80%D0%BE%D0%B7%D0%BD%D0%B8%D1%86%D1%83&clid=1955454-0101000001&lr=10789" "Mozilla/5.0 (Windows NT 5.1) AppleWebKit/537.4 (KHTML, like Gecko) Chrome/22.0.1106.241 YaBrowser/1.5.1106.241 Safari/537.4"
95.158.225.218 - - [08/May/2013:09:36:48 +0400] "GET /favicon.ico HTTP/1.0" 404 200 "-" "Mozilla/5.0 (Windows NT 5.1) AppleWebKit/537.4 (KHTML, like Gecko) Chrome/22.0.1106.241 YaBrowser/1.5.1106.241 Safari/537.4"
65.55.52.96 - - [08/May/2013:09:46:11 +0400] "GET /robots.txt HTTP/1.0" 404 238 "-" "Mozilla/5.0 (compatible; bingbot/2.0; +http://www.bing.com/bingbot.htm)"
178.154.207.251 - - [08/May/2013:09:46:18 +0400] "GET /index.php?option=com_content&task=section&id=26&Itemid=26 HTTP/1.0" 404 200 "-" "Mozilla/5.0 (compatible; YandexBot/3.0; +http://yandex.com/bots)"
178.154.207.251 - - [08/May/2013:09:46:20 +0400] "GET /index.php?option=com_content&task=view&id=61&Itemid=74 HTTP/1.0" 404 200 "-" "Mozilla/5.0 (compatible; YandexDirect/3.0; +http://yandex.com/bots)"
65.55.52.96 - - [08/May/2013:09:48:05 +0400] "GET /index.php?option=com_content&task=blogcategory&sectionid=35&id=72&Itemid=35 HTTP/1.0" 404 200 "-" "Mozilla/5.0 (compatible; bingbot/2.0; +http://www.bing.com/bingbot.htm)"
208.115.111.70 - - [08/May/2013:10:16:22 +0400] "GET /index.php?option=com_content&task=blogcategory&sectionid=34&id=60&Itemid=34 HTTP/1.0" 404 238 "-" "Mozilla/5.0 (compatible; Ezooms/1.0; ezooms.bot@gmail.com)"
208.115.111.70 - - [08/May/2013:10:16:24 +0400] "GET /category/244033 HTTP/1.0" 200 17165 "-" "Mozilla/5.0 (compatible; Ezooms/1.0; ezooms.bot@gmail.com)"
208.115.111.70 - - [08/May/2013:10:16:24 +0400] "GET /category/246040 HTTP/1.0" 200 17165 "-" "Mozilla/5.0 (compatible; Ezooms/1.0; ezooms.bot@gmail.com)"
65.55.24.214 - - [08/May/2013:10:20:14 +0400] "GET /robots.txt HTTP/1.0" 404 238 "-" "Mozilla/5.0 (compatible; bingbot/2.0; +http://www.bing.com/bingbot.htm)"
65.55.24.214 - - [08/May/2013:10:22:02 +0400] "GET /product/239005 HTTP/1.0" 500 343 "-" "Mozilla/5.0 (compatible; bingbot/2.0; +http://www.bing.com/bingbot.htm)"
65.55.24.214 - - [08/May/2013:10:23:03 +0400] "GET /product/239005 HTTP/1.0" 500 538 "-" "Mozilla/5.0 (compatible; bingbot/2.0; +http://www.bing.com/bingbot.htm)"
213.33.153.211 - - [08/May/2013:10:46:55 +0400] "GET / HTTP/1.0" 200 6060 "-" "Mozilla/5.0 (Windows NT 5.1) AppleWebKit/537.31 (KHTML, like Gecko) Chrome/26.0.1410.64 Safari/537.31"
213.33.153.211 - - [08/May/2013:10:46:57 +0400] "GET /favicon.ico HTTP/1.0" 404 200 "-" "Mozilla/5.0 (Windows NT 5.1) AppleWebKit/537.31 (KHTML, like Gecko) Chrome/26.0.1410.64 Safari/537.31"
208.115.113.86 - - [08/May/2013:10:54:24 +0400] "GET /robots.txt HTTP/1.0" 404 238 "-" "Mozilla/5.0 (compatible; Ezooms/1.0; ezooms.bot@gmail.com)"
178.154.207.251 - - [08/May/2013:11:04:33 +0400] "GET /index.php?option=com_content&task=blogcategory&sectionid=35&id=65&Itemid=35 HTTP/1.0" 404 200 "-" "Mozilla/5.0 (compatible; YandexBot/3.0; +http://yandex.com/bots)"
178.154.207.251 - - [08/May/2013:12:01:24 +0400] "GET /index.php?option=com_content&task=blogcategory&id=63&Itemid=34 HTTP/1.0" 404 200 "-" "Mozilla/5.0 (compatible; YandexBot/3.0; +http://yandex.com/bots)"
65.55.52.96 - - [08/May/2013:12:12:20 +0400] "GET /robots.txt HTTP/1.0" 404 238 "-" "Mozilla/5.0 (compatible; bingbot/2.0; +http://www.bing.com/bingbot.htm)"
65.55.52.96 - - [08/May/2013:12:14:03 +0400] "GET /product/241053 HTTP/1.0" 500 343 "-" "Mozilla/5.0 (compatible; bingbot/2.0; +http://www.bing.com/bingbot.htm)"
208.115.113.86 - - [08/May/2013:12:17:16 +0400] "GET /index.php?option=com_content&task=blogcategory&id=59&Itemid=33 HTTP/1.0" 404 238 "-" "Mozilla/5.0 (compatible; Ezooms/1.0; ezooms.bot@gmail.com)"
65.55.52.96 - - [08/May/2013:12:17:27 +0400] "GET /product/241053 HTTP/1.0" 500 538 "-" "Mozilla/5.0 (compatible; bingbot/2.0; +http://www.bing.com/bingbot.htm)"
178.140.172.164 - - [08/May/2013:12:22:12 +0400] "GET / HTTP/1.0" 200 32535 "http://baltkurs.com/" "Mozilla/3.0 (compatible; Indy Library)"
178.154.207.251 - - [08/May/2013:12:53:56 +0400] "GET /index.php?option=com_content&task=blogcategory&id=57&Itemid=33 HTTP/1.0" 404 200 "-" "Mozilla/5.0 (compatible; YandexBot/3.0; +http://yandex.com/bots)"
208.115.111.70 - - [08/May/2013:13:06:47 +0400] "GET /robots.txt HTTP/1.0" 404 238 "-" "Mozilla/5.0 (compatible; Ezooms/1.0; ezooms.bot@gmail.com)"
213.33.153.211 - - [08/May/2013:13:16:00 +0400] "GET / HTTP/1.0" 200 6160 "-" "Mozilla/5.0 (Windows NT 5.1) AppleWebKit/537.31 (KHTML, like Gecko) Chrome/26.0.1410.64 Safari/537.31"
213.33.153.211 - - [08/May/2013:13:16:01 +0400] "GET /favicon.ico HTTP/1.0" 404 200 "-" "Mozilla/5.0 (Windows NT 5.1) AppleWebKit/537.31 (KHTML, like Gecko) Chrome/26.0.1410.64 Safari/537.31"
213.33.153.211 - - [08/May/2013:13:16:01 +0400] "GET /favicon.ico HTTP/1.0" 404 200 "-" "Mozilla/5.0 (Windows NT 5.1) AppleWebKit/537.31 (KHTML, like Gecko) Chrome/26.0.1410.64 Safari/537.31"
213.33.153.211 - - [08/May/2013:13:16:01 +0400] "GET /favicon.ico HTTP/1.0" 404 200 "-" "Mozilla/5.0 (Windows NT 5.1) AppleWebKit/537.31 (KHTML, like Gecko) Chrome/26.0.1410.64 Safari/537.31"
65.55.52.96 - - [08/May/2013:13:17:59 +0400] "GET /product/241053 HTTP/1.0" 500 538 "-" "Mozilla/5.0 (compatible; bingbot/2.0; +http://www.bing.com/bingbot.htm)"
213.33.153.211 - - [08/May/2013:13:19:49 +0400] "GET / HTTP/1.0" 200 6007 "-" "Mozilla/5.0 (Windows NT 5.1) AppleWebKit/537.31 (KHTML, like Gecko) Chrome/26.0.1410.64 Safari/537.31"
217.69.133.69 - - [08/May/2013:14:16:01 +0400] "GET /robots.txt HTTP/1.0" 404 238 "-" "Mozilla/5.0 (compatible; Mail.RU_Bot/2.0; +http://go.mail.ru/help/robots)"
217.69.133.69 - - [08/May/2013:14:16:19 +0400] "GET /robots.txt HTTP/1.0" 404 238 "-" "Mozilla/5.0 (compatible; Mail.RU_Bot/2.0; +http://go.mail.ru/help/robots)"
208.115.111.70 - - [08/May/2013:14:20:50 +0400] "GET /category/243010 HTTP/1.0" 200 17165 "-" "Mozilla/5.0 (compatible; Ezooms/1.0; ezooms.bot@gmail.com)"
208.115.111.70 - - [08/May/2013:14:20:53 +0400] "GET /category/244035 HTTP/1.0" 200 17165 "-" "Mozilla/5.0 (compatible; Ezooms/1.0; ezooms.bot@gmail.com)"
208.115.111.70 - - [08/May/2013:14:20:55 +0400] "GET /index.php?option=com_content&task=blogcategory&id=73&Itemid=36 HTTP/1.0" 404 238 "-" "Mozilla/5.0 (compatible; Ezooms/1.0; ezooms.bot@gmail.com)"
208.115.111.70 - - [08/May/2013:14:20:57 +0400] "GET /st_content/contacts HTTP/1.0" 200 18445 "-" "Mozilla/5.0 (compatible; Ezooms/1.0; ezooms.bot@gmail.com)"
208.115.113.86 - - [08/May/2013:14:49:35 +0400] "GET /robots.txt HTTP/1.0" 404 238 "-" "Mozilla/5.0 (compatible; Ezooms/1.0; ezooms.bot@gmail.com)"
178.33.42.134 - - [08/May/2013:14:53:34 +0400] "GET /administrator/index.php HTTP/1.0" 404 238 "-" "Opera/9.80 (Windows NT 6.1; U; ru) Presto/2.8.131 Version/11.10"
46.119.114.21 - - [08/May/2013:15:03:27 +0400] "GET / HTTP/1.0" 200 33059 "http://bonanzaforex.com/" "Mozilla/4.0 (compatible; MSIE 6.0; Windows NT 5.1; SV1; .NET CLR 1.1.4322)"
46.119.114.21 - - [08/May/2013:15:03:27 +0400] "GET / HTTP/1.0" 200 32446 "http://bonanzaforex.com/" "Mozilla/4.0 (compatible; MSIE 6.0; Windows NT 5.1; SV1; .NET CLR 1.1.4322)"
46.119.114.21 - - [08/May/2013:15:03:28 +0400] "GET / HTTP/1.0" 200 31874 "http://bonanzaforex.com/" "Mozilla/4.0 (compatible; MSIE 6.0; Windows NT 5.1; SV1; .NET CLR 1.1.4322)"
46.119.114.21 - - [08/May/2013:15:03:46 +0400] "GET / HTTP/1.0" 200 31948 "http://mykred.ru/" "Mozilla/4.0 (compatible; MSIE 6.0; Windows NT 5.1) Netscape/8.0.4"
46.119.114.21 - - [08/May/2013:15:03:46 +0400] "GET / HTTP/1.0" 200 32709 "http://mykred.ru/" "Mozilla/4.0 (compatible; MSIE 6.0; Windows NT 5.1) Netscape/8.0.4"
46.119.114.21 - - [08/May/2013:15:03:47 +0400] "GET / HTTP/1.0" 200 32398 "http://mykred.ru/" "Mozilla/4.0 (compatible; MSIE 6.0; Windows NT 5.1) Netscape/8.0.4"
178.154.207.251 - - [08/May/2013:15:15:07 +0400] "GET /index.php?option=com_content&task=blogcategory&id=50&Itemid=29 HTTP/1.0" 404 200 "-" "Mozilla/5.0 (compatible; YandexBot/3.0; +http://yandex.com/bots)"
213.33.153.211 - - [08/May/2013:16:06:38 +0400] "GET / HTTP/1.0" 200 5955 "-" "Mozilla/5.0 (Windows NT 5.1) AppleWebKit/537.31 (KHTML, like Gecko) Chrome/26.0.1410.64 Safari/537.31"
213.33.153.211 - - [08/May/2013:16:06:38 +0400] "GET /favicon.ico HTTP/1.0" 404 200 "-" "Mozilla/5.0 (Windows NT 5.1) AppleWebKit/537.31 (KHTML, like Gecko) Chrome/26.0.1410.64 Safari/537.31"
213.33.153.211 - - [08/May/2013:16:06:39 +0400] "GET /favicon.ico HTTP/1.0" 404 200 "-" "Mozilla/5.0 (Windows NT 5.1) AppleWebKit/537.31 (KHTML, like Gecko) Chrome/26.0.1410.64 Safari/537.31"
213.33.153.211 - - [08/May/2013:16:10:45 +0400] "GET /category/5.2.3 HTTP/1.0" 200 5907 "http://td-odin.ru/" "Mozilla/5.0 (Windows NT 5.1) AppleWebKit/537.31 (KHTML, like Gecko) Chrome/26.0.1410.64 Safari/537.31"
213.33.153.211 - - [08/May/2013:16:10:45 +0400] "GET /favicon.ico HTTP/1.0" 404 200 "-" "Mozilla/5.0 (Windows NT 5.1) AppleWebKit/537.31 (KHTML, like Gecko) Chrome/26.0.1410.64 Safari/537.31"
213.33.153.211 - - [08/May/2013:16:11:12 +0400] "GET / HTTP/1.0" 200 5989 "http://td-odin.ru/category/5.2.3" "Mozilla/5.0 (Windows NT 5.1) AppleWebKit/537.31 (KHTML, like Gecko) Chrome/26.0.1410.64 Safari/537.31"
213.33.153.211 - - [08/May/2013:16:11:12 +0400] "GET /favicon.ico HTTP/1.0" 404 200 "-" "Mozilla/5.0 (Windows NT 5.1) AppleWebKit/537.31 (KHTML, like Gecko) Chrome/26.0.1410.64 Safari/537.31"
213.33.153.211 - - [08/May/2013:16:11:14 +0400] "GET / HTTP/1.0" 200 5964 "http://td-odin.ru/" "Mozilla/5.0 (Windows NT 5.1) AppleWebKit/537.31 (KHTML, like Gecko) Chrome/26.0.1410.64 Safari/537.31"
213.33.153.211 - - [08/May/2013:16:11:15 +0400] "GET /favicon.ico HTTP/1.0" 404 200 "-" "Mozilla/5.0 (Windows NT 5.1) AppleWebKit/537.31 (KHTML, like Gecko) Chrome/26.0.1410.64 Safari/537.31"
213.33.153.211 - - [08/May/2013:16:11:15 +0400] "GET / HTTP/1.0" 200 6129 "http://td-odin.ru/" "Mozilla/5.0 (Windows NT 5.1) AppleWebKit/537.31 (KHTML, like Gecko) Chrome/26.0.1410.64 Safari/537.31"
213.33.153.211 - - [08/May/2013:16:11:16 +0400] "GET /favicon.ico HTTP/1.0" 404 200 "-" "Mozilla/5.0 (Windows NT 5.1) AppleWebKit/537.31 (KHTML, like Gecko) Chrome/26.0.1410.64 Safari/537.31"
213.33.153.211 - - [08/May/2013:16:11:16 +0400] "GET / HTTP/1.0" 200 5948 "http://td-odin.ru/" "Mozilla/5.0 (Windows NT 5.1) AppleWebKit/537.31 (KHTML, like Gecko) Chrome/26.0.1410.64 Safari/537.31"
213.33.153.211 - - [08/May/2013:16:11:16 +0400] "GET /favicon.ico HTTP/1.0" 404 200 "-" "Mozilla/5.0 (Windows NT 5.1) AppleWebKit/537.31 (KHTML, like Gecko) Chrome/26.0.1410.64 Safari/537.31"
193.106.136.34 - - [08/May/2013:16:17:56 +0400] "GET / HTTP/1.0" 200 32953 "http://euronis-free.com/" "Mozilla/4.0 (compatible; MSIE 5.5; Windows NT 5.0; T312461)"
193.106.136.34 - - [08/May/2013:16:17:56 +0400] "GET / HTTP/1.0" 200 32251 "http://euronis-free.com/" "Mozilla/4.0 (compatible; MSIE 5.5; Windows NT 5.0; T312461)"
193.106.136.34 - - [08/May/2013:16:17:56 +0400] "GET / HTTP/1.0" 200 32337 "http://euronis-free.com/" "Mozilla/4.0 (compatible; MSIE 5.5; Windows NT 5.0; T312461)"
208.115.113.86 - - [08/May/2013:16:25:46 +0400] "GET /index.php?option=com_content&task=blogcategory&id=53&Itemid=30 HTTP/1.0" 404 238 "-" "Mozilla/5.0 (compatible; Ezooms/1.0; ezooms.bot@gmail.com)"
208.115.113.86 - - [08/May/2013:16:25:48 +0400] "GET /index.php?option=com_content&task=blogcategory&sectionid=48&id=105&Itemid=48 HTTP/1.0" 404 238 "-" "Mozilla/5.0 (compatible; Ezooms/1.0; ezooms.bot@gmail.com)"
208.115.113.86 - - [08/May/2013:16:25:49 +0400] "GET /index.php?option=com_content&task=view&id=62&Itemid=75 HTTP/1.0" 404 238 "-" "Mozilla/5.0 (compatible; Ezooms/1.0; ezooms.bot@gmail.com)"
65.55.24.214 - - [08/May/2013:16:30:40 +0400] "GET /robots.txt HTTP/1.0" 404 238 "-" "Mozilla/5.0 (compatible; bingbot/2.0; +http://www.bing.com/bingbot.htm)"
65.55.24.214 - - [08/May/2013:16:32:28 +0400] "GET /index.php?option=com_content&task=section&id=29&Itemid=29 HTTP/1.0" 404 200 "-" "Mozilla/5.0 (compatible; bingbot/2.0; +http://www.bing.com/bingbot.htm)"
208.115.111.70 - - [08/May/2013:16:52:54 +0400] "GET /robots.txt HTTP/1.0" 404 238 "-" "Mozilla/5.0 (compatible; Ezooms/1.0; ezooms.bot@gmail.com)"
178.154.207.251 - - [08/May/2013:17:06:18 +0400] "GET /index.php?option=com_content&task=blogcategory&id=43&Itemid=26 HTTP/1.0" 404 200 "-" "Mozilla/5.0 (compatible; YandexBot/3.0; +http://yandex.com/bots)"
65.55.215.48 - - [08/May/2013:17:11:57 +0400] "GET /robots.txt HTTP/1.0" 404 200 "-" "msnbot-media/1.1 (+http://search.msn.com/msnbot.htm)"
65.55.215.48 - - [08/May/2013:17:11:58 +0400] "GET /images/products/silvia.jpg HTTP/1.0" 404 200 "-" "msnbot-media/1.1 (+http://search.msn.com/msnbot.htm)"
157.55.34.166 - - [08/May/2013:17:32:53 +0400] "GET /robots.txt HTTP/1.0" 404 238 "-" "Mozilla/5.0 (compatible; bingbot/2.0; +http://www.bing.com/bingbot.htm)"
157.55.34.166 - - [08/May/2013:17:34:28 +0400] "GET /index.php?option=com_content&task=blogcategory&id=79&Itemid=36 HTTP/1.0" 404 200 "-" "Mozilla/5.0 (compatible; bingbot/2.0; +http://www.bing.com/bingbot.htm)"
208.115.111.70 - - [08/May/2013:18:25:43 +0400] "GET /index.php?option=com_content&task=blogcategory&id=90&Itemid=30 HTTP/1.0" 404 238 "-" "Mozilla/5.0 (compatible; Ezooms/1.0; ezooms.bot@gmail.com)"
208.115.113.86 - - [08/May/2013:18:55:56 +0400] "GET /robots.txt HTTP/1.0" 404 238 "-" "Mozilla/5.0 (compatible; Ezooms/1.0; ezooms.bot@gmail.com)"
208.115.113.86 - - [08/May/2013:18:55:56 +0400] "GET /robots.txt HTTP/1.0" 404 238 "-" "Mozilla/5.0 (compatible; Ezooms/1.0; ezooms.bot@gmail.com)"
178.154.207.251 - - [08/May/2013:19:26:18 +0400] "GET /index.php?option=com_content&task=blogcategory&id=60&Itemid=34 HTTP/1.0" 404 200 "-" "Mozilla/5.0 (compatible; YandexBot/3.0; +http://yandex.com/bots)"
182.118.22.221 - - [08/May/2013:19:38:39 +0400] "GET /robots.txt HTTP/1.0" 404 200 "http://www.td-odin.ru/robots.txt" "Mozilla/5.0 (Windows; U; Windows NT 5.1; zh-CN; rv:1.8.0.11)  Firefox/1.5.0.11; 360Spider"
74.125.183.23 - - [08/May/2013:19:56:42 +0400] "GET / HTTP/1.0" 200 5985 "http://www.google.ru/url?sa=t&rct=j&q=www.td-odin.ru&source=web&cd=1&ved=0CEEQFjAB&url=http%3A%2F%2Fwww.td-odin.ru%2F&ei=m3WKUbauIt7VoQXdZA&usg=AFQjCNG2NVVQI0PEowRG1t0VqswP3YThCQ" "Mozilla/4.0 (compatible; MSIE 7.0; Windows NT 5.1; Trident/4.0; .NET CLR 1.1.4322; .NET CLR 2.0.50727; .NET CLR 3.0.4506.2152; .NET CLR 3.5.30729)"
74.125.182.38 - - [08/May/2013:19:56:59 +0400] "GET /favicon.ico HTTP/1.0" 404 200 "-" "Mozilla/4.0 (compatible; MSIE 7.0; Windows NT 5.1; Trident/4.0; .NET CLR 1.1.4322; .NET CLR 2.0.50727; .NET CLR 3.0.4506.2152; .NET CLR 3.5.30729)"
65.55.24.214 - - [08/May/2013:20:03:03 +0400] "GET /robots.txt HTTP/1.0" 404 238 "-" "Mozilla/5.0 (compatible; bingbot/2.0; +http://www.bing.com/bingbot.htm)"
65.55.24.214 - - [08/May/2013:20:05:27 +0400] "GET /product/246036 HTTP/1.0" 500 343 "-" "Mozilla/5.0 (compatible; bingbot/2.0; +http://www.bing.com/bingbot.htm)"
65.55.24.214 - - [08/May/2013:20:06:29 +0400] "GET /product/246036 HTTP/1.0" 500 538 "-" "Mozilla/5.0 (compatible; bingbot/2.0; +http://www.bing.com/bingbot.htm)"
208.115.113.86 - - [08/May/2013:20:15:29 +0400] "GET /category/241023 HTTP/1.0" 200 17165 "-" "Mozilla/5.0 (compatible; Ezooms/1.0; ezooms.bot@gmail.com)"
208.115.113.86 - - [08/May/2013:20:15:39 +0400] "GET /product/246032 HTTP/1.0" 500 538 "-" "Mozilla/5.0 (compatible; Ezooms/1.0; ezooms.bot@gmail.com)"
208.115.113.86 - - [08/May/2013:20:16:10 +0400] "GET /index.php?option=com_content&task=blogcategory&sectionid=35&id=65&Itemid=35 HTTP/1.0" 404 238 "-" "Mozilla/5.0 (compatible; Ezooms/1.0; ezooms.bot@gmail.com)"
208.115.111.70 - - [08/May/2013:20:51:53 +0400] "GET /robots.txt HTTP/1.0" 404 238 "-" "Mozilla/5.0 (compatible; Ezooms/1.0; ezooms.bot@gmail.com)"
208.115.111.70 - - [08/May/2013:20:51:53 +0400] "GET /robots.txt HTTP/1.0" 404 238 "-" "Mozilla/5.0 (compatible; Ezooms/1.0; ezooms.bot@gmail.com)"
65.55.24.214 - - [08/May/2013:21:07:27 +0400] "GET /product/246036 HTTP/1.0" 500 538 "-" "Mozilla/5.0 (compatible; bingbot/2.0; +http://www.bing.com/bingbot.htm)"
178.154.207.251 - - [08/May/2013:21:47:31 +0400] "GET /robots.txt HTTP/1.0" 404 238 "-" "Mozilla/5.0 (compatible; YandexBot/3.0; +http://yandex.com/bots)"
208.115.111.70 - - [08/May/2013:22:15:58 +0400] "GET /category/245042 HTTP/1.0" 200 17165 "-" "Mozilla/5.0 (compatible; Ezooms/1.0; ezooms.bot@gmail.com)"
208.115.111.70 - - [08/May/2013:22:16:01 +0400] "GET /category/247022 HTTP/1.0" 200 17165 "-" "Mozilla/5.0 (compatible; Ezooms/1.0; ezooms.bot@gmail.com)"
208.115.111.70 - - [08/May/2013:22:16:03 +0400] "GET /product/242031 HTTP/1.0" 500 538 "-" "Mozilla/5.0 (compatible; Ezooms/1.0; ezooms.bot@gmail.com)"
208.115.111.70 - - [08/May/2013:22:16:33 +0400] "GET /index.php?option=com_content&task=blogcategory&id=76&Itemid=36 HTTP/1.0" 404 238 "-" "Mozilla/5.0 (compatible; Ezooms/1.0; ezooms.bot@gmail.com)"
208.115.111.70 - - [08/May/2013:22:16:34 +0400] "GET /index.php?option=com_content&task=blogcategory&sectionid=42&id=95&Itemid=42 HTTP/1.0" 404 238 "-" "Mozilla/5.0 (compatible; Ezooms/1.0; ezooms.bot@gmail.com)"
65.55.215.45 - - [08/May/2013:22:25:37 +0400] "GET /robots.txt HTTP/1.0" 404 200 "-" "msnbot-media/1.1 (+http://search.msn.com/msnbot.htm)"
65.55.215.45 - - [08/May/2013:22:25:38 +0400] "GET /images/products/felicia.jpg HTTP/1.0" 404 200 "-" "msnbot-media/1.1 (+http://search.msn.com/msnbot.htm)"
85.26.184.93 - - [08/May/2013:22:45:57 +0400] "GET /index.php?option=com_content&task=view&id=62&Itemid=75 HTTP/1.0" 404 200 "http://www.google.com/url?sa=t&rct=j&q=%D0%BE%D0%BF%D1%82%D0%BE%D0%B2%D0%B0%D1%8F%D0%BC%D1%84%D0%B8%D1%80%D0%BC%D0%B0%20%D1%82%D1%83%D1%80%D0%B5%D1%86%D0%BA%D0%B8%D1%85%20%D0%BA%D0%BE%D0%B2%D1%80%D0%B8%D0%BA%D0%B8%20%D0%B4%D0%BB%D1%8F%20%D0%B2%D0%B0%D0%BD%D0%BD%D0%BE%D0%B9&source=web&cd=4&ved=0CDUQFjAD&url=http%3A%2F%2Ftd-odin.ru%2Findex.php%3Foption%3Dcom_content%26task%3Dview%26id%3D62%26Itemid%3D75&ei=rZyKUcSAOOnZ4ASslIGQCg&usg=AFQjCNFLriPmVRd-38JP7f3VwpXFPRHXXg&sig2=xURmnT7rfR-7uIdBUyg9KA&bvm=bv.46226182,d.bGE" "Opera/9.80 (Android 4.0.4; Linux; Opera Tablet/ADR-1301080958) Presto/2.11.355 Version/12.10"
85.26.184.93 - - [08/May/2013:22:45:58 +0400] "GET /favicon.ico HTTP/1.0" 404 200 "http://td-odin.ru/index.php?option=com_content&task=view&id=62&Itemid=75" "Opera/9.80 (Android 4.0.4; Linux; Opera Tablet/ADR-1301080958) Presto/2.11.355 Version/12.10"
208.115.113.86 - - [08/May/2013:22:54:27 +0400] "GET /robots.txt HTTP/1.0" 404 238 "-" "Mozilla/5.0 (compatible; Ezooms/1.0; ezooms.bot@gmail.com)"
157.55.33.50 - - [08/May/2013:22:59:56 +0400] "GET /robots.txt HTTP/1.0" 404 238 "-" "Mozilla/5.0 (compatible; bingbot/2.0; +http://www.bing.com/bingbot.htm)"
157.55.33.50 - - [08/May/2013:23:01:28 +0400] "GET /index.php?option=com_content&task=blogcategory&id=89&Itemid=32 HTTP/1.0" 404 200 "-" "Mozilla/5.0 (compatible; bingbot/2.0; +http://www.bing.com/bingbot.htm)"
178.154.207.251 - - [08/May/2013:23:21:31 +0400] "GET /index.php?option=com_content&task=blogcategory&id=67&Itemid=35 HTTP/1.0" 404 200 "-" "Mozilla/5.0 (compatible; YandexBot/3.0; +http://yandex.com/bots)"
37.57.127.26 - - [08/May/2013:23:25:58 +0400] "GET / HTTP/1.0" 200 32530 "-" "Mozilla/4.0 (compatible; MSIE 6.0; Windows NT 5.1)"
124.115.1.7 - - [09/May/2013:00:06:59 +0400] "GET / HTTP/1.0" 200 5979 "-" "Mozilla/4.0 (compatible; MSIE 6.0; Windows NT 5.1)"
208.115.113.86 - - [09/May/2013:00:09:33 +0400] "GET /category/241026 HTTP/1.0" 200 17165 "-" "Mozilla/5.0 (compatible; Ezooms/1.0; ezooms.bot@gmail.com)"
208.115.113.86 - - [09/May/2013:00:09:37 +0400] "GET /category/246010 HTTP/1.0" 200 17165 "-" "Mozilla/5.0 (compatible; Ezooms/1.0; ezooms.bot@gmail.com)"
212.33.255.53 - - [09/May/2013:00:19:43 +0400] "GET / HTTP/1.0" 200 32699 "-" "C-T bot"
80.249.81.130 - - [09/May/2013:00:20:32 +0400] "GET /index.php?option=../../../../../../../../../../../etc/passwd%00.jpg&task=blogcategory&id=72&itemid=35 HTTP/1.0" 404 238 "-" "Opera/9.80 (Windows NT 6.1; U; MRA 5.10 (build 5231); ru) Presto/2.9.168 Version/11.50"
80.249.81.130 - - [09/May/2013:00:20:35 +0400] "GET /index.php?option=com_content&task=../../../../../../../../../../../etc/passwd%00.jpg&id=72&itemid=35 HTTP/1.0" 404 238 "-" "Opera/9.80 (Windows NT 6.1; U; MRA 5.10 (build 5231); ru) Presto/2.9.168 Version/11.50"
80.249.81.130 - - [09/May/2013:00:20:35 +0400] "GET /index.php?option=../../../../../../../../../../../etc/passwd%00.jpg&task=view&id=641&itemid=77 HTTP/1.0" 404 238 "-" "Opera/9.80 (Windows NT 6.1; U; MRA 5.10 (build 5231); ru) Presto/2.9.168 Version/11.50"
80.249.81.130 - - [09/May/2013:00:20:36 +0400] "GET /index.php?option=com_content&task=blogcategory&id=../../../../../../../../../../../etc/passwd%00.jpg&itemid=35 HTTP/1.0" 404 238 "-" "Opera/9.80 (Windows NT 6.1; U; MRA 5.10 (build 5231); ru) Presto/2.9.168 Version/11.50"
80.249.81.130 - - [09/May/2013:00:20:37 +0400] "GET /index.php?option=com_content&task=blogcategory&id=72&itemid=../../../../../../../../../../../etc/passwd%00.jpg HTTP/1.0" 404 238 "-" "Opera/9.80 (Windows NT 6.1; U; MRA 5.10 (build 5231); ru) Presto/2.9.168 Version/11.50"
80.249.81.130 - - [09/May/2013:00:20:38 +0400] "GET /index.php?option=com_content&task=../../../../../../../../../../../etc/passwd%00.jpg&id=641&itemid=77 HTTP/1.0" 404 238 "-" "Opera/9.80 (Windows NT 6.1; U; MRA 5.10 (build 5231); ru) Presto/2.9.168 Version/11.50"
80.249.81.130 - - [09/May/2013:00:20:39 +0400] "GET /index.php?option=com_content&task=view&id=../../../../../../../../../../../etc/passwd%00.jpg&itemid=77 HTTP/1.0" 404 238 "-" "Opera/9.80 (Windows NT 6.1; U; MRA 5.10 (build 5231); ru) Presto/2.9.168 Version/11.50"
80.249.81.130 - - [09/May/2013:00:20:41 +0400] "GET /index.php?option=com_content&task=view&id=641&itemid=../../../../../../../../../../../etc/passwd%00.jpg HTTP/1.0" 404 238 "-" "Opera/9.80 (Windows NT 6.1; U; MRA 5.10 (build 5231); ru) Presto/2.9.168 Version/11.50"
80.249.81.130 - - [09/May/2013:00:29:13 +0400] "GET /index.php?option=../../../../../../../../../../../etc/passwd%00.jpg&task=blogcategory&id=69&itemid=35 HTTP/1.0" 404 238 "-" "Opera/9.80 (Windows NT 6.1; U; MRA 5.10 (build 5231); ru) Presto/2.9.168 Version/11.50"
80.249.81.130 - - [09/May/2013:00:29:14 +0400] "GET /index.php?option=com_content&task=../../../../../../../../../../../etc/passwd%00.jpg&id=69&itemid=35 HTTP/1.0" 404 238 "-" "Opera/9.80 (Windows NT 6.1; U; MRA 5.10 (build 5231); ru) Presto/2.9.168 Version/11.50"
80.249.81.130 - - [09/May/2013:00:29:16 +0400] "GET /index.php?option=com_content&task=blogcategory&id=../../../../../../../../../../../etc/passwd%00.jpg&itemid=35 HTTP/1.0" 404 238 "-" "Opera/9.80 (Windows NT 6.1; U; MRA 5.10 (build 5231); ru) Presto/2.9.168 Version/11.50"
80.249.81.130 - - [09/May/2013:00:29:17 +0400] "GET /index.php?option=com_content&task=blogcategory&id=69&itemid=../../../../../../../../../../../etc/passwd%00.jpg HTTP/1.0" 404 238 "-" "Opera/9.80 (Windows NT 6.1; U; MRA 5.10 (build 5231); ru) Presto/2.9.168 Version/11.50"
178.154.207.251 - - [09/May/2013:00:44:12 +0400] "GET /index.php?option=com_content&task=blogcategory&id=49&Itemid=29 HTTP/1.0" 404 200 "-" "Mozilla/5.0 (compatible; YandexBot/3.0; +http://yandex.com/bots)"
46.188.9.199 - - [09/May/2013:00:46:04 +0400] "GET / HTTP/1.0" 200 32478 "http://td-odin.ru/" "Opera/9.80 (Windows NT 6.1; U; YB/3.5.1; ru) Presto/2.6.30 Version/10.63"
208.115.111.70 - - [09/May/2013:01:00:06 +0400] "GET /robots.txt HTTP/1.0" 404 238 "-" "Mozilla/5.0 (compatible; Ezooms/1.0; ezooms.bot@gmail.com)"
78.154.170.148 - - [09/May/2013:01:14:55 +0400] "GET / HTTP/1.0" 200 32417 "-" "Mozilla/5.0 (Windows NT 5.1; rv:10.0.2) Gecko/20100101 Firefox/10.0.2"
66.249.75.214 - - [09/May/2013:01:16:49 +0400] "GET /robots.txt HTTP/1.0" 404 200 "-" "Mozilla/5.0 (compatible; Googlebot/2.1; +http://www.google.com/bot.html)"
119.235.237.92 - - [09/May/2013:01:22:39 +0400] "GET /robots.txt HTTP/1.0" 404 238 "-" "Yeti/1.0 (NHN Corp.; http://help.naver.com/robots/)"
119.235.237.92 - - [09/May/2013:01:22:40 +0400] "GET / HTTP/1.0" 200 32322 "-" "Yeti/1.0 (NHN Corp.; http://help.naver.com/robots/)"
46.119.114.21 - - [09/May/2013:01:38:42 +0400] "GET / HTTP/1.0" 200 32475 "http://www.russia-off.ru/" "Mozilla/4.0 (compatible; MSIE 6.0; Windows NT 5.1; SV1; .NET CLR 1.1.4322)"
46.119.114.21 - - [09/May/2013:01:38:43 +0400] "GET / HTTP/1.0" 200 32900 "http://www.russia-off.ru/" "Mozilla/4.0 (compatible; MSIE 6.0; Windows NT 5.1; SV1; .NET CLR 1.1.4322)"
79.139.242.105 - - [09/May/2013:01:43:37 +0400] "GET / HTTP/1.0" 200 5982 "-" "Mozilla/5.0 (Windows NT 6.1; WOW64) AppleWebKit/537.4 (KHTML, like Gecko) Chrome/22.0.1229.94 Safari/537.4"
79.139.242.105 - - [09/May/2013:01:43:38 +0400] "GET /favicon.ico HTTP/1.0" 404 200 "-" "Mozilla/5.0 (Windows NT 6.1; WOW64) AppleWebKit/537.4 (KHTML, like Gecko) Chrome/22.0.1229.94 Safari/537.4"
