178.154.207.251 - - [10/May/2013:13:39:55 +0400] "GET /category/5.4 HTTP/1.0" 200 5151 "-" "Mozilla/5.0 (compatible; YandexBot/3.0; +http://yandex.com/bots)"
65.55.52.96 - - [10/May/2013:13:43:24 +0400] "GET /robots.txt HTTP/1.0" 404 238 "-" "Mozilla/5.0 (compatible; bingbot/2.0; +http://www.bing.com/bingbot.htm)"
178.154.207.251 - - [10/May/2013:13:44:00 +0400] "GET /robots.txt HTTP/1.0" 404 238 "-" "Mozilla/5.0 (compatible; YandexBot/3.0; +http://yandex.com/bots)"
178.154.207.251 - - [10/May/2013:13:44:02 +0400] "GET / HTTP/1.0" 200 5983 "-" "Mozilla/5.0 (compatible; YandexBot/3.0; +http://yandex.com/bots)"
178.154.207.251 - - [10/May/2013:13:44:03 +0400] "GET / HTTP/1.0" 200 5977 "-" "Mozilla/5.0 (compatible; YandexBot/3.0; +http://yandex.com/bots)"
178.154.207.251 - - [10/May/2013:13:44:11 +0400] "GET / HTTP/1.0" 200 6023 "-" "Mozilla/5.0 (compatible; YandexBot/3.0; +http://yandex.com/bots)"
178.154.207.251 - - [10/May/2013:13:44:11 +0400] "GET / HTTP/1.0" 200 6014 "-" "Mozilla/5.0 (compatible; YandexBot/3.0; +http://yandex.com/bots)"
217.69.134.79 - - [10/May/2013:13:44:15 +0400] "GET /category/238039 HTTP/1.0" 200 17165 "-" "Mozilla/5.0 (compatible; Mail.RU_Bot/2.0; +http://go.mail.ru/help/robots)"
65.55.52.96 - - [10/May/2013:13:45:18 +0400] "GET /product/241053 HTTP/1.0" 500 343 "-" "Mozilla/5.0 (compatible; bingbot/2.0; +http://www.bing.com/bingbot.htm)"
65.55.52.96 - - [10/May/2013:13:46:50 +0400] "GET /product/241053 HTTP/1.0" 500 538 "-" "Mozilla/5.0 (compatible; bingbot/2.0; +http://www.bing.com/bingbot.htm)"
217.69.134.79 - - [10/May/2013:13:47:17 +0400] "GET /category/236043 HTTP/1.0" 200 17165 "-" "Mozilla/5.0 (compatible; Mail.RU_Bot/2.0; +http://go.mail.ru/help/robots)"
217.69.134.79 - - [10/May/2013:13:49:34 +0400] "GET /category/237014 HTTP/1.0" 200 17165 "-" "Mozilla/5.0 (compatible; Mail.RU_Bot/2.0; +http://go.mail.ru/help/robots)"
217.69.134.79 - - [10/May/2013:13:51:37 +0400] "GET /category/247006 HTTP/1.0" 200 17165 "-" "Mozilla/5.0 (compatible; Mail.RU_Bot/2.0; +http://go.mail.ru/help/robots)"
217.69.134.79 - - [10/May/2013:13:53:17 +0400] "GET /category/244045 HTTP/1.0" 200 17165 "-" "Mozilla/5.0 (compatible; Mail.RU_Bot/2.0; +http://go.mail.ru/help/robots)"
178.154.207.251 - - [10/May/2013:13:54:46 +0400] "GET /category/3.2 HTTP/1.0" 200 4610 "-" "Mozilla/5.0 (compatible; YandexBot/3.0; +http://yandex.com/bots)"
217.69.134.79 - - [10/May/2013:13:54:52 +0400] "GET /category/238055 HTTP/1.0" 200 17165 "-" "Mozilla/5.0 (compatible; Mail.RU_Bot/2.0; +http://go.mail.ru/help/robots)"
217.69.134.79 - - [10/May/2013:13:56:30 +0400] "GET /category/246040 HTTP/1.0" 200 17165 "-" "Mozilla/5.0 (compatible; Mail.RU_Bot/2.0; +http://go.mail.ru/help/robots)"
217.69.134.79 - - [10/May/2013:13:59:37 +0400] "GET /category/239045 HTTP/1.0" 200 17165 "-" "Mozilla/5.0 (compatible; Mail.RU_Bot/2.0; +http://go.mail.ru/help/robots)"
217.69.134.79 - - [10/May/2013:14:01:08 +0400] "GET /category/238063 HTTP/1.0" 200 17165 "-" "Mozilla/5.0 (compatible; Mail.RU_Bot/2.0; +http://go.mail.ru/help/robots)"
66.249.75.171 - - [10/May/2013:14:02:12 +0400] "GET /product/247043 HTTP/1.0" 500 343 "-" "Mozilla/5.0 (compatible; Googlebot/2.1; +http://www.google.com/bot.html)"
217.69.134.79 - - [10/May/2013:14:02:36 +0400] "GET /category/243010 HTTP/1.0" 200 17165 "-" "Mozilla/5.0 (compatible; Mail.RU_Bot/2.0; +http://go.mail.ru/help/robots)"
66.249.75.186 - - [10/May/2013:14:02:41 +0400] "GET /category/3.7.2 HTTP/1.0" 200 4606 "-" "Mozilla/5.0 (compatible; Googlebot/2.1; +http://www.google.com/bot.html)"
217.69.134.79 - - [10/May/2013:14:04:03 +0400] "GET /category/249031 HTTP/1.0" 200 17165 "-" "Mozilla/5.0 (compatible; Mail.RU_Bot/2.0; +http://go.mail.ru/help/robots)"
178.154.207.251 - - [10/May/2013:14:05:00 +0400] "GET /category/3.3.1 HTTP/1.0" 200 5116 "-" "Mozilla/5.0 (compatible; YandexBot/3.0; +http://yandex.com/bots)"
217.69.134.79 - - [10/May/2013:14:05:30 +0400] "GET /category/237044 HTTP/1.0" 200 17165 "-" "Mozilla/5.0 (compatible; Mail.RU_Bot/2.0; +http://go.mail.ru/help/robots)"
217.69.134.79 - - [10/May/2013:14:06:53 +0400] "GET /category/246019 HTTP/1.0" 200 17165 "-" "Mozilla/5.0 (compatible; Mail.RU_Bot/2.0; +http://go.mail.ru/help/robots)"
208.115.111.70 - - [10/May/2013:14:07:08 +0400] "GET /index.php?option=com_content&task=blogcategory&id=66&Itemid=35 HTTP/1.0" 404 238 "-" "Mozilla/5.0 (compatible; Ezooms/1.0; ezooms.bot@gmail.com)"
217.69.134.79 - - [10/May/2013:14:08:06 +0400] "GET /basket HTTP/1.0" 301 265 "-" "Mozilla/5.0 (compatible; Mail.RU_Bot/2.0; +http://go.mail.ru/help/robots)"
217.69.134.79 - - [10/May/2013:14:09:18 +0400] "GET /basket/ HTTP/1.0" 200 17350 "-" "Mozilla/5.0 (compatible; Mail.RU_Bot/2.0; +http://go.mail.ru/help/robots)"
217.69.134.79 - - [10/May/2013:14:10:29 +0400] "GET /category/237018 HTTP/1.0" 200 17165 "-" "Mozilla/5.0 (compatible; Mail.RU_Bot/2.0; +http://go.mail.ru/help/robots)"
217.69.134.79 - - [10/May/2013:14:11:44 +0400] "GET /category/237055 HTTP/1.0" 200 17165 "-" "Mozilla/5.0 (compatible; Mail.RU_Bot/2.0; +http://go.mail.ru/help/robots)"
217.69.134.79 - - [10/May/2013:14:12:58 +0400] "GET /category/241024 HTTP/1.0" 200 17165 "-" "Mozilla/5.0 (compatible; Mail.RU_Bot/2.0; +http://go.mail.ru/help/robots)"
66.249.75.171 - - [10/May/2013:14:14:39 +0400] "GET /product/248042 HTTP/1.0" 500 343 "-" "Mozilla/5.0 (compatible; Googlebot/2.1; +http://www.google.com/bot.html)"
178.154.207.251 - - [10/May/2013:14:15:10 +0400] "GET /category/3.4.1 HTTP/1.0" 200 5465 "-" "Mozilla/5.0 (compatible; YandexBot/3.0; +http://yandex.com/bots)"
217.69.134.79 - - [10/May/2013:14:15:20 +0400] "GET /category/241005 HTTP/1.0" 200 17165 "-" "Mozilla/5.0 (compatible; Mail.RU_Bot/2.0; +http://go.mail.ru/help/robots)"
217.69.134.79 - - [10/May/2013:14:16:32 +0400] "GET /st_content/tdodin HTTP/1.0" 200 24044 "-" "Mozilla/5.0 (compatible; Mail.RU_Bot/2.0; +http://go.mail.ru/help/robots)"
217.69.134.79 - - [10/May/2013:14:17:44 +0400] "GET /product/244026 HTTP/1.0" 500 538 "-" "Mozilla/5.0 (compatible; Mail.RU_Bot/2.0; +http://go.mail.ru/help/robots)"
217.69.134.79 - - [10/May/2013:14:18:56 +0400] "GET /index.php?Itemid=35&id=65&option=com_content&task=blogcategory HTTP/1.0" 404 238 "-" "Mozilla/5.0 (compatible; Mail.RU_Bot/2.0; +http://go.mail.ru/help/robots)"
66.249.75.171 - - [10/May/2013:14:19:25 +0400] "GET /product/249038 HTTP/1.0" 500 343 "-" "Mozilla/5.0 (compatible; Googlebot/2.1; +http://www.google.com/bot.html)"
217.69.134.79 - - [10/May/2013:14:20:07 +0400] "GET /index.php?Itemid=5&id=126&option=com_content&task=view HTTP/1.0" 404 238 "-" "Mozilla/5.0 (compatible; Mail.RU_Bot/2.0; +http://go.mail.ru/help/robots)"
66.249.75.186 - - [10/May/2013:14:21:27 +0400] "GET /category/3.6.3 HTTP/1.0" 200 5840 "-" "Mozilla/5.0 (compatible; Googlebot/2.1; +http://www.google.com/bot.html)"
178.154.207.251 - - [10/May/2013:14:25:27 +0400] "GET /category/5.1.3 HTTP/1.0" 200 5700 "-" "Mozilla/5.0 (compatible; YandexBot/3.0; +http://yandex.com/bots)"
94.153.64.32 - - [10/May/2013:14:31:09 +0400] "GET / HTTP/1.0" 200 32283 "http://cardcatalog.ru/" "Opera/8.00 (Windows NT 5.1; U; en)"
94.153.64.32 - - [10/May/2013:14:31:10 +0400] "GET / HTTP/1.0" 200 32774 "http://cardcatalog.ru/" "Opera/8.00 (Windows NT 5.1; U; en)"
94.153.64.32 - - [10/May/2013:14:31:10 +0400] "GET / HTTP/1.0" 200 32594 "http://cardcatalog.ru/" "Opera/8.00 (Windows NT 5.1; U; en)"
178.154.207.251 - - [10/May/2013:14:35:45 +0400] "GET /category/5.3 HTTP/1.0" 200 5263 "-" "Mozilla/5.0 (compatible; YandexBot/3.0; +http://yandex.com/bots)"
66.249.75.171 - - [10/May/2013:14:38:32 +0400] "GET /product/218178 HTTP/1.0" 500 343 "-" "Mozilla/5.0 (compatible; Googlebot/2.1; +http://www.google.com/bot.html)"
178.154.207.251 - - [10/May/2013:14:46:21 +0400] "GET /category/3.5.4 HTTP/1.0" 200 5401 "-" "Mozilla/5.0 (compatible; YandexBot/3.0; +http://yandex.com/bots)"
65.55.52.96 - - [10/May/2013:14:47:43 +0400] "GET /product/241053 HTTP/1.0" 500 538 "-" "Mozilla/5.0 (compatible; bingbot/2.0; +http://www.bing.com/bingbot.htm)"
66.249.75.171 - - [10/May/2013:14:47:58 +0400] "GET /product/218179 HTTP/1.0" 500 343 "-" "Mozilla/5.0 (compatible; Googlebot/2.1; +http://www.google.com/bot.html)"
91.207.9.226 - - [10/May/2013:14:50:19 +0400] "GET / HTTP/1.0" 200 32141 "http://moscow-clining.ru/" "Mozilla/4.0 (compatible; MSIE 5.5; Windows 98)"
91.207.9.226 - - [10/May/2013:14:50:20 +0400] "GET / HTTP/1.0" 200 32271 "http://moscow-clining.ru/" "Mozilla/4.0 (compatible; MSIE 5.5; Windows 98)"
91.207.9.226 - - [10/May/2013:14:50:21 +0400] "GET / HTTP/1.0" 200 32421 "http://moscow-clining.ru/" "Mozilla/4.0 (compatible; MSIE 5.5; Windows 98)"
178.154.207.251 - - [10/May/2013:14:56:53 +0400] "GET /category/3.1 HTTP/1.0" 200 4615 "-" "Mozilla/5.0 (compatible; YandexBot/3.0; +http://yandex.com/bots)"
208.115.113.86 - - [10/May/2013:14:57:15 +0400] "GET /robots.txt HTTP/1.0" 404 238 "-" "Mozilla/5.0 (compatible; Ezooms/1.0; ezooms.bot@gmail.com)"
66.249.75.171 - - [10/May/2013:15:01:52 +0400] "GET /product/238023 HTTP/1.0" 500 343 "-" "Mozilla/5.0 (compatible; Googlebot/2.1; +http://www.google.com/bot.html)"
178.154.207.251 - - [10/May/2013:15:07:00 +0400] "GET /category/3.2.3 HTTP/1.0" 200 4607 "-" "Mozilla/5.0 (compatible; YandexBot/3.0; +http://yandex.com/bots)"
66.249.75.171 - - [10/May/2013:15:11:58 +0400] "GET /product/244028 HTTP/1.0" 500 343 "-" "Mozilla/5.0 (compatible; Googlebot/2.1; +http://www.google.com/bot.html)"
178.154.207.251 - - [10/May/2013:15:16:55 +0400] "GET /category/4.1.1 HTTP/1.0" 200 5590 "-" "Mozilla/5.0 (compatible; YandexBot/3.0; +http://yandex.com/bots)"
66.249.75.186 - - [10/May/2013:15:23:35 +0400] "GET /category/3.6.1 HTTP/1.0" 200 5666 "-" "Mozilla/5.0 (compatible; Googlebot/2.1; +http://www.google.com/bot.html)"
178.154.207.251 - - [10/May/2013:15:27:21 +0400] "GET /category/3.5 HTTP/1.0" 200 4622 "-" "Mozilla/5.0 (compatible; YandexBot/3.0; +http://yandex.com/bots)"
66.249.75.171 - - [10/May/2013:15:30:54 +0400] "GET /product/237028 HTTP/1.0" 500 343 "-" "Mozilla/5.0 (compatible; Googlebot/2.1; +http://www.google.com/bot.html)"
178.154.207.251 - - [10/May/2013:15:38:01 +0400] "GET /category/2.07 HTTP/1.0" 200 5389 "-" "Mozilla/5.0 (compatible; YandexBot/3.0; +http://yandex.com/bots)"
66.249.75.186 - - [10/May/2013:15:41:24 +0400] "GET /component/option,com_search/Itemid,5/index.php?option=com_content&task=blogcategory&id=72&Itemid=35 HTTP/1.0" 404 200 "-" "Mozilla/5.0 (compatible; Googlebot/2.1; +http://www.google.com/bot.html)"
66.249.75.186 - - [10/May/2013:15:44:26 +0400] "GET /category/5.1.2 HTTP/1.0" 200 5340 "-" "Mozilla/5.0 (compatible; Googlebot/2.1; +http://www.google.com/bot.html)"
178.154.207.251 - - [10/May/2013:15:46:33 +0400] "GET /category/5.1.1 HTTP/1.0" 200 5308 "-" "Mozilla/5.0 (compatible; YandexBot/3.0; +http://yandex.com/bots)"
66.249.75.171 - - [10/May/2013:15:48:57 +0400] "GET /product/240002 HTTP/1.0" 500 343 "-" "Mozilla/5.0 (compatible; Googlebot/2.1; +http://www.google.com/bot.html)"
178.154.207.251 - - [10/May/2013:15:55:21 +0400] "GET /category/3.7 HTTP/1.0" 200 4572 "-" "Mozilla/5.0 (compatible; YandexBot/3.0; +http://yandex.com/bots)"
95.165.72.180 - - [10/May/2013:15:59:25 +0400] "GET /category/244033 HTTP/1.0" 200 4490 "http://www.google.ru/url?sa=t&rct=j&q=%D1%81%D0%BA%D0%B0%D1%82%D0%B5%D1%80%D1%82%D1%8C%20%D0%BF%D0%B2%D1%85%20%20%D1%80%D1%83%D0%BB%D0%BE%D0%BD&source=web&cd=7&ved=0CE0QFjAG&url=http%3A%2F%2Fwww.td-odin.ru%2Fcategory%2F244033&ei=8uCMUfy-AsjJ4ASEx4GwBQ&usg=AFQjCNEDi22F4aUfG1CR8fUAKLUXna1FAw&bvm=bv.46340616,d.bGE&cad=rjt" "Mozilla/5.0 (iPad; CPU OS 5_1_1 like Mac OS X) AppleWebKit/534.46 (KHTML, like Gecko) Version/5.1 Mobile/9B206 Safari/7534.48.3"
66.249.75.171 - - [10/May/2013:16:01:21 +0400] "GET /product/236024 HTTP/1.0" 500 343 "-" "Mozilla/5.0 (compatible; Googlebot/2.1; +http://www.google.com/bot.html)"
157.56.93.51 - - [10/May/2013:16:03:01 +0400] "GET /robots.txt HTTP/1.0" 404 238 "-" "Mozilla/5.0 (compatible; bingbot/2.0; +http://www.bing.com/bingbot.htm)"
178.154.207.251 - - [10/May/2013:16:03:45 +0400] "GET /category/5.2.1 HTTP/1.0" 200 5874 "-" "Mozilla/5.0 (compatible; YandexBot/3.0; +http://yandex.com/bots)"
157.56.93.51 - - [10/May/2013:16:04:59 +0400] "GET /index.php?option=com_content&task=blogcategory&id=104&Itemid=48 HTTP/1.0" 404 200 "-" "Mozilla/5.0 (compatible; bingbot/2.0; +http://www.bing.com/bingbot.htm)"
37.9.53.50 - - [10/May/2013:16:06:28 +0400] "GET /adm/FCKeditor/editor/filemanager/upload/test.html HTTP/1.0" 404 238 "http://td-odin.ru/adm/FCKeditor/editor/filemanager/upload/test.html" "Mozilla/4.0 (compatible; MSIE 6.0; Windows 98; Win 9x 4.90)"
66.249.75.186 - - [10/May/2013:16:07:51 +0400] "GET /product/0110-2 HTTP/1.0" 200 4955 "-" "Mozilla/5.0 (compatible; Googlebot/2.1; +http://www.google.com/bot.html)"
79.165.223.92 - - [10/May/2013:16:09:29 +0400] "GET /index.php?option=com_content&task=blogcategory&id=66&Itemid=35 HTTP/1.0" 404 200 "http://yandex.ru/yandsearch?text=%D0%BA%D0%BE%D0%BB%D1%8C%D1%86%D0%B0+%D0%B4%D0%BB%D1%8F+%D0%BA%D0%B0%D1%80%D0%BD%D0%B8%D0%B7%D0%BE%D0%B2+%D0%BF%D0%BB%D0%B0%D1%81%D1%82%D0%B8%D0%BA%D0%BE%D0%B2%D1%8B%D0%B5+%D1%80%D0%BE%D0%B7%D0%BD%D0%B8%D1%86%D0%B0+%D0%B2+%D0%BC%D0%BE%D1%81%D0%BA%D0%B2%D0%B5&clid=1984632-000004006066&lr=213" "Mozilla/4.0 (compatible; MSIE 8.0; Windows NT 5.1; Trident/4.0; .NET CLR 1.1.4322; .NET CLR 2.0.50727; .NET CLR 3.0.4506.2152; .NET CLR 3.5.30729)"
37.190.63.51 - - [10/May/2013:16:10:58 +0400] "GET / HTTP/1.0" 200 5949 "http://yandex.ru/yandsearch?lr=213&text=%D0%BB%D0%B5%D1%81%D1%82%D0%BD%D0%B8%D1%86%D1%8B+4+%D1%81%D1%82%D1%83%D0%BF%D0%B5%D0%BD%D1%8C%D0%BA%D0%B8+odin" "Mozilla/5.0 (Windows NT 6.1; WOW64) AppleWebKit/535.11 (KHTML, like Gecko) Chrome/17.0.963.47 Safari/535.11 MRCHROME"
37.190.63.51 - - [10/May/2013:16:11:02 +0400] "GET /favicon.ico HTTP/1.0" 404 200 "-" "Mozilla/5.0 (Windows NT 6.1; WOW64) AppleWebKit/535.11 (KHTML, like Gecko) Chrome/17.0.963.47 Safari/535.11 MRCHROME"
178.154.207.251 - - [10/May/2013:16:11:26 +0400] "GET /category/5.1.2 HTTP/1.0" 200 5340 "-" "Mozilla/5.0 (compatible; YandexBot/3.0; +http://yandex.com/bots)"
37.190.63.51 - - [10/May/2013:16:11:33 +0400] "GET /st_content/tdodin HTTP/1.0" 200 6270 "http://www.td-odin.ru/" "Mozilla/5.0 (Windows NT 6.1; WOW64) AppleWebKit/535.11 (KHTML, like Gecko) Chrome/17.0.963.47 Safari/535.11 MRCHROME"
37.190.63.51 - - [10/May/2013:16:11:33 +0400] "GET /favicon.ico HTTP/1.0" 404 200 "-" "Mozilla/5.0 (Windows NT 6.1; WOW64) AppleWebKit/535.11 (KHTML, like Gecko) Chrome/17.0.963.47 Safari/535.11 MRCHROME"
37.190.63.51 - - [10/May/2013:16:11:49 +0400] "GET /category/243012 HTTP/1.0" 200 4490 "http://www.td-odin.ru/st_content/tdodin" "Mozilla/5.0 (Windows NT 6.1; WOW64) AppleWebKit/535.11 (KHTML, like Gecko) Chrome/17.0.963.47 Safari/535.11 MRCHROME"
37.190.63.51 - - [10/May/2013:16:11:49 +0400] "GET /favicon.ico HTTP/1.0" 404 200 "-" "Mozilla/5.0 (Windows NT 6.1; WOW64) AppleWebKit/535.11 (KHTML, like Gecko) Chrome/17.0.963.47 Safari/535.11 MRCHROME"
37.190.63.51 - - [10/May/2013:16:11:49 +0400] "GET /favicon.ico HTTP/1.0" 404 200 "-" "Mozilla/5.0 (Windows NT 6.1; WOW64) AppleWebKit/535.11 (KHTML, like Gecko) Chrome/17.0.963.47 Safari/535.11 MRCHROME"
37.190.63.51 - - [10/May/2013:16:11:54 +0400] "GET /st_content/contacts HTTP/1.0" 200 4905 "http://www.td-odin.ru/category/243012" "Mozilla/5.0 (Windows NT 6.1; WOW64) AppleWebKit/535.11 (KHTML, like Gecko) Chrome/17.0.963.47 Safari/535.11 MRCHROME"
37.190.63.51 - - [10/May/2013:16:11:55 +0400] "GET /favicon.ico HTTP/1.0" 404 200 "-" "Mozilla/5.0 (Windows NT 6.1; WOW64) AppleWebKit/535.11 (KHTML, like Gecko) Chrome/17.0.963.47 Safari/535.11 MRCHROME"
208.115.113.86 - - [10/May/2013:16:12:03 +0400] "GET /product/236042 HTTP/1.0" 500 538 "-" "Mozilla/5.0 (compatible; Ezooms/1.0; ezooms.bot@gmail.com)"
178.154.207.251 - - [10/May/2013:16:20:06 +0400] "GET /category/3.3 HTTP/1.0" 200 4565 "-" "Mozilla/5.0 (compatible; YandexBot/3.0; +http://yandex.com/bots)"
66.249.75.171 - - [10/May/2013:16:25:14 +0400] "GET /product/218164 HTTP/1.0" 500 343 "-" "Mozilla/5.0 (compatible; Googlebot/2.1; +http://www.google.com/bot.html)"
178.154.207.251 - - [10/May/2013:16:28:19 +0400] "GET /category/3.6.1 HTTP/1.0" 200 5666 "-" "Mozilla/5.0 (compatible; YandexBot/3.0; +http://yandex.com/bots)"
66.249.75.186 - - [10/May/2013:16:30:32 +0400] "GET /index.php?option=com_content&task=blogcategory&id=69&Itemid=35 HTTP/1.0" 404 200 "-" "Mozilla/5.0 (compatible; Googlebot/2.1; +http://www.google.com/bot.html)"
66.249.75.186 - - [10/May/2013:16:32:29 +0400] "GET /category/3.3.1 HTTP/1.0" 200 5116 "-" "Mozilla/5.0 (compatible; Googlebot/2.1; +http://www.google.com/bot.html)"
85.142.26.224 - - [10/May/2013:16:33:41 +0400] "HEAD / HTTP/1.0" 200 - "-" "Mozilla/5.0 (X11; Linux x86_64) AppleWebKit/537.11 (KHTML, like Gecko) Chrome/23.0.1271.97 Safari/537.11"
85.142.26.225 - - [10/May/2013:16:33:41 +0400] "GET / HTTP/1.0" 200 32962 "-" "Mozilla/5.0 (X11; Linux x86_64) AppleWebKit/537.11 (KHTML, like Gecko) Chrome/23.0.1271.97 Safari/537.11"
66.249.75.171 - - [10/May/2013:16:35:12 +0400] "GET /product/236025 HTTP/1.0" 500 343 "-" "Mozilla/5.0 (compatible; Googlebot/2.1; +http://www.google.com/bot.html)"
176.215.77.66 - - [10/May/2013:16:35:29 +0400] "GET /index.php HTTP/1.0" 404 238 "http://www.td-odin.ru/index.php" "Mozilla/4.0 (compatible; MSIE 8.0; Windows NT 5.1; Trident/4.0; MRA 5.6 (build 03392); Mozilla/4.0 (compatible; MSIE 6.0; Windows NT 5.1; SV1) ; .NET CLR 1.1.4322; .NET CLR 2.0.50727; .NET CLR 3.0.04506.648; .NET CLR 3.5.21022; InfoPath.1; .NET CLR 3.0.4506.2152; .NET CLR 3.5.30729)"
178.154.207.251 - - [10/May/2013:16:36:32 +0400] "GET /category/4.2.1 HTTP/1.0" 200 5559 "-" "Mozilla/5.0 (compatible; YandexBot/3.0; +http://yandex.com/bots)"
46.119.114.21 - - [10/May/2013:16:41:41 +0400] "GET / HTTP/1.0" 500 538 "http://myltivarka.ru/" "Mozilla/4.0 (compatible; MSIE 6.0; Windows NT 5.1; SV1; .NET CLR 1.1.4322)"
46.119.114.21 - - [10/May/2013:16:41:41 +0400] "GET / HTTP/1.0" 500 538 "http://bonanzaforex.com/" "Mozilla/4.0 (compatible; MSIE 6.0; Windows NT 5.1; SV1; .NET CLR 1.1.4322)"
46.119.114.21 - - [10/May/2013:16:41:45 +0400] "GET / HTTP/1.0" 500 538 "http://bonanzaforex.com/" "Mozilla/4.0 (compatible; MSIE 6.0; Windows NT 5.1; SV1; .NET CLR 1.1.4322)"
46.119.114.21 - - [10/May/2013:16:41:45 +0400] "GET / HTTP/1.0" 500 538 "http://myltivarka.ru/" "Mozilla/4.0 (compatible; MSIE 6.0; Windows NT 5.1; SV1; .NET CLR 1.1.4322)"
46.119.114.21 - - [10/May/2013:16:41:46 +0400] "GET / HTTP/1.0" 404 238 "http://myltivarka.ru/" "Mozilla/4.0 (compatible; MSIE 6.0; Windows NT 5.1; SV1; .NET CLR 1.1.4322)"
46.119.114.21 - - [10/May/2013:16:41:46 +0400] "GET / HTTP/1.0" 200 32282 "http://bonanzaforex.com/" "Mozilla/4.0 (compatible; MSIE 6.0; Windows NT 5.1; SV1; .NET CLR 1.1.4322)"
178.154.207.251 - - [10/May/2013:16:45:15 +0400] "GET /category/3.2.5 HTTP/1.0" 200 5231 "-" "Mozilla/5.0 (compatible; YandexBot/3.0; +http://yandex.com/bots)"
208.115.111.70 - - [10/May/2013:16:50:28 +0400] "GET /robots.txt HTTP/1.0" 404 238 "-" "Mozilla/5.0 (compatible; Ezooms/1.0; ezooms.bot@gmail.com)"
178.154.207.251 - - [10/May/2013:16:53:51 +0400] "GET /category/4.1 HTTP/1.0" 200 4582 "-" "Mozilla/5.0 (compatible; YandexBot/3.0; +http://yandex.com/bots)"
178.154.207.251 - - [10/May/2013:17:02:37 +0400] "GET /category/3.6.4 HTTP/1.0" 200 6590 "-" "Mozilla/5.0 (compatible; YandexBot/3.0; +http://yandex.com/bots)"
66.249.75.186 - - [10/May/2013:17:04:30 +0400] "GET /category/3.4.2 HTTP/1.0" 200 5816 "-" "Mozilla/5.0 (compatible; Googlebot/2.1; +http://www.google.com/bot.html)"
178.154.207.251 - - [10/May/2013:17:11:03 +0400] "GET /category/5.1.6 HTTP/1.0" 200 5506 "-" "Mozilla/5.0 (compatible; YandexBot/3.0; +http://yandex.com/bots)"
178.154.207.251 - - [10/May/2013:17:19:22 +0400] "GET /category/2.02 HTTP/1.0" 200 5810 "-" "Mozilla/5.0 (compatible; YandexBot/3.0; +http://yandex.com/bots)"
178.154.207.251 - - [10/May/2013:17:28:10 +0400] "GET /category/4.2.4 HTTP/1.0" 200 5038 "-" "Mozilla/5.0 (compatible; YandexBot/3.0; +http://yandex.com/bots)"
182.118.35.27 - - [10/May/2013:17:28:17 +0400] "GET /robots.txt HTTP/1.0" 404 200 "http://www.td-odin.ru/robots.txt" "Mozilla/4.0 (compatible; MSIE 8.0; Windows NT 6.1; Trident/4.0; SLCC2; .NET CLR 2.0.50727; .NET CLR 3.5.30729; .NET CLR 3.0.30729; Media Center PC 6.0; MDDR; .NET4.0C; .NET4.0E; .NET CLR 1.1.4322; Tablet PC 2.0)"
178.154.207.251 - - [10/May/2013:17:36:21 +0400] "GET /category/3.4 HTTP/1.0" 200 4619 "-" "Mozilla/5.0 (compatible; YandexBot/3.0; +http://yandex.com/bots)"
178.154.207.251 - - [10/May/2013:17:44:32 +0400] "GET /category/5.6 HTTP/1.0" 200 5372 "-" "Mozilla/5.0 (compatible; YandexBot/3.0; +http://yandex.com/bots)"
66.249.75.171 - - [10/May/2013:17:52:51 +0400] "GET /product/247042 HTTP/1.0" 500 343 "-" "Mozilla/5.0 (compatible; Googlebot/2.1; +http://www.google.com/bot.html)"
178.154.207.251 - - [10/May/2013:17:52:57 +0400] "GET /category/3.6.3 HTTP/1.0" 200 5840 "-" "Mozilla/5.0 (compatible; YandexBot/3.0; +http://yandex.com/bots)"
178.154.207.251 - - [10/May/2013:18:01:03 +0400] "GET /category/2.06 HTTP/1.0" 200 5419 "-" "Mozilla/5.0 (compatible; YandexBot/3.0; +http://yandex.com/bots)"
66.249.75.171 - - [10/May/2013:18:05:58 +0400] "GET /product/237022 HTTP/1.0" 500 343 "-" "Mozilla/5.0 (compatible; Googlebot/2.1; +http://www.google.com/bot.html)"
208.115.111.70 - - [10/May/2013:18:08:08 +0400] "GET /category/242010 HTTP/1.0" 200 17165 "-" "Mozilla/5.0 (compatible; Ezooms/1.0; ezooms.bot@gmail.com)"
208.115.111.70 - - [10/May/2013:18:08:30 +0400] "GET /category/249031 HTTP/1.0" 200 17165 "-" "Mozilla/5.0 (compatible; Ezooms/1.0; ezooms.bot@gmail.com)"
178.154.207.251 - - [10/May/2013:18:09:31 +0400] "GET /category/3.5.2 HTTP/1.0" 200 5590 "-" "Mozilla/5.0 (compatible; YandexBot/3.0; +http://yandex.com/bots)"
178.154.207.251 - - [10/May/2013:18:18:22 +0400] "GET /category/4.1.2 HTTP/1.0" 200 5472 "-" "Mozilla/5.0 (compatible; YandexBot/3.0; +http://yandex.com/bots)"
66.249.75.186 - - [10/May/2013:18:22:18 +0400] "GET /category/4.3.3 HTTP/1.0" 200 5671 "-" "Mozilla/5.0 (compatible; Googlebot/2.1; +http://www.google.com/bot.html)"
178.154.207.251 - - [10/May/2013:18:26:51 +0400] "GET /category/3.4.3 HTTP/1.0" 200 5332 "-" "Mozilla/5.0 (compatible; YandexBot/3.0; +http://yandex.com/bots)"
178.154.207.251 - - [10/May/2013:18:35:36 +0400] "GET /category/3.1.1 HTTP/1.0" 200 5497 "-" "Mozilla/5.0 (compatible; YandexBot/3.0; +http://yandex.com/bots)"
157.56.93.193 - - [10/May/2013:18:42:11 +0400] "GET /robots.txt HTTP/1.0" 404 238 "-" "Mozilla/5.0 (compatible; bingbot/2.0; +http://www.bing.com/bingbot.htm)"
178.154.207.251 - - [10/May/2013:18:43:54 +0400] "GET /category/3.7.3 HTTP/1.0" 200 5629 "-" "Mozilla/5.0 (compatible; YandexBot/3.0; +http://yandex.com/bots)"
157.56.93.193 - - [10/May/2013:18:44:23 +0400] "GET /index.php?option=com_content&task=blogcategory&id=46&Itemid=29 HTTP/1.0" 404 200 "-" "Mozilla/5.0 (compatible; bingbot/2.0; +http://www.bing.com/bingbot.htm)"
66.249.75.171 - - [10/May/2013:18:50:43 +0400] "GET /product/247001 HTTP/1.0" 500 343 "-" "Mozilla/5.0 (compatible; Googlebot/2.1; +http://www.google.com/bot.html)"
178.154.207.251 - - [10/May/2013:18:52:44 +0400] "GET /category/4.3 HTTP/1.0" 200 4589 "-" "Mozilla/5.0 (compatible; YandexBot/3.0; +http://yandex.com/bots)"
208.115.113.86 - - [10/May/2013:18:53:29 +0400] "GET /robots.txt HTTP/1.0" 404 238 "-" "Mozilla/5.0 (compatible; Ezooms/1.0; ezooms.bot@gmail.com)"
208.115.113.86 - - [10/May/2013:18:53:29 +0400] "GET /robots.txt HTTP/1.0" 404 238 "-" "Mozilla/5.0 (compatible; Ezooms/1.0; ezooms.bot@gmail.com)"
66.249.75.186 - - [10/May/2013:18:53:49 +0400] "GET /category/5.2.1 HTTP/1.0" 200 5874 "-" "Mozilla/5.0 (compatible; Googlebot/2.1; +http://www.google.com/bot.html)"
66.249.75.171 - - [10/May/2013:18:54:30 +0400] "GET /product/239014 HTTP/1.0" 500 343 "-" "Mozilla/5.0 (compatible; Googlebot/2.1; +http://www.google.com/bot.html)"
66.249.75.171 - - [10/May/2013:18:59:58 +0400] "GET /category/243028 HTTP/1.0" 200 4490 "-" "Mozilla/5.0 (compatible; Googlebot/2.1; +http://www.google.com/bot.html)"
178.154.207.251 - - [10/May/2013:19:01:19 +0400] "GET /category/3.5.5 HTTP/1.0" 200 5462 "-" "Mozilla/5.0 (compatible; YandexBot/3.0; +http://yandex.com/bots)"
210.97.192.220 - - [10/May/2013:19:03:27 +0400] "GET /category/241023 HTTP/1.0" 200 17165 "-" "Mozilla/5.0 (Windows NT 6.1; WOW64) AppleWebKit/535.1 (KHTML, like Gecko) Chrome/13.0.782.215 Safari/535.1"
79.104.4.89 - - [10/May/2013:19:04:14 +0400] "GET /favicon.ico HTTP/1.0" 404 200 "-" "Mozilla/4.0 (compatible; MSIE 8.0; Windows NT 5.1; Trident/4.0; MRSPUTNIK 2, 4, 0, 525; MRA 5.8 (build 4157); .NET CLR 2.0.50727; .NET CLR 3.0.4506.2152; .NET CLR 3.5.30729)"
79.104.4.89 - - [10/May/2013:19:04:15 +0400] "GET /index.php?option=com_content&task=blogcategory&id=58&Itemid=33 HTTP/1.0" 404 200 "http://shkolazhizni.ru/archive/0/n-6400/" "Mozilla/4.0 (compatible; MSIE 8.0; Windows NT 5.1; Trident/4.0; MRSPUTNIK 2, 4, 0, 525; MRA 5.8 (build 4157); .NET CLR 2.0.50727; .NET CLR 3.0.4506.2152; .NET CLR 3.5.30729)"
178.154.207.251 - - [10/May/2013:19:10:02 +0400] "GET /category/3.5.1 HTTP/1.0" 200 7713 "-" "Mozilla/5.0 (compatible; YandexBot/3.0; +http://yandex.com/bots)"
66.249.75.171 - - [10/May/2013:19:12:39 +0400] "GET /product/249023 HTTP/1.0" 500 343 "-" "Mozilla/5.0 (compatible; Googlebot/2.1; +http://www.google.com/bot.html)"
178.154.207.251 - - [10/May/2013:19:18:42 +0400] "GET /category/2.05 HTTP/1.0" 200 6050 "-" "Mozilla/5.0 (compatible; YandexBot/3.0; +http://yandex.com/bots)"
66.249.75.186 - - [10/May/2013:19:19:39 +0400] "GET /category/3.2.6 HTTP/1.0" 200 5121 "-" "Mozilla/5.0 (compatible; Googlebot/2.1; +http://www.google.com/bot.html)"
178.154.207.251 - - [10/May/2013:19:27:39 +0400] "GET /category/5.2 HTTP/1.0" 200 4582 "-" "Mozilla/5.0 (compatible; YandexBot/3.0; +http://yandex.com/bots)"
66.249.75.186 - - [10/May/2013:19:32:58 +0400] "GET /category/3.5.3 HTTP/1.0" 200 5673 "-" "Mozilla/5.0 (compatible; Googlebot/2.1; +http://www.google.com/bot.html)"
178.154.207.251 - - [10/May/2013:19:36:35 +0400] "GET /category/3.2.1 HTTP/1.0" 200 4575 "-" "Mozilla/5.0 (compatible; YandexBot/3.0; +http://yandex.com/bots)"
178.154.207.251 - - [10/May/2013:19:45:12 +0400] "GET /category/3.1.5 HTTP/1.0" 200 5381 "-" "Mozilla/5.0 (compatible; YandexBot/3.0; +http://yandex.com/bots)"
178.154.207.251 - - [10/May/2013:19:54:09 +0400] "GET /category/2.09 HTTP/1.0" 200 5843 "-" "Mozilla/5.0 (compatible; YandexBot/3.0; +http://yandex.com/bots)"
210.97.192.210 - - [10/May/2013:19:56:54 +0400] "GET /category/241028 HTTP/1.0" 200 17165 "-" "Mozilla/5.0 (Windows NT 6.1; WOW64) AppleWebKit/535.1 (KHTML, like Gecko) Chrome/13.0.782.215 Safari/535.1"
217.69.133.69 - - [10/May/2013:19:57:12 +0400] "GET /index.php?Itemid=37&id=80&option=com_content&task=blogcategory HTTP/1.0" 404 238 "-" "Mozilla/5.0 (compatible; Mail.RU_Bot/2.0; +http://go.mail.ru/help/robots)"
178.154.207.251 - - [10/May/2013:20:03:00 +0400] "GET /category/5.2.3 HTTP/1.0" 200 5907 "-" "Mozilla/5.0 (compatible; YandexBot/3.0; +http://yandex.com/bots)"
210.97.192.210 - - [10/May/2013:20:04:04 +0400] "GET /category/241024 HTTP/1.0" 200 17165 "-" "Mozilla/5.0 (Windows NT 6.1; WOW64) AppleWebKit/535.1 (KHTML, like Gecko) Chrome/13.0.782.215 Safari/535.1"
66.249.75.186 - - [10/May/2013:20:07:42 +0400] "GET /category/4.2.3 HTTP/1.0" 200 5468 "-" "Mozilla/5.0 (compatible; Googlebot/2.1; +http://www.google.com/bot.html)"
66.249.75.171 - - [10/May/2013:20:09:37 +0400] "GET /product/238016 HTTP/1.0" 500 343 "-" "Mozilla/5.0 (compatible; Googlebot/2.1; +http://www.google.com/bot.html)"
178.154.207.251 - - [10/May/2013:20:11:57 +0400] "GET /category/5.5 HTTP/1.0" 200 5939 "-" "Mozilla/5.0 (compatible; YandexBot/3.0; +http://yandex.com/bots)"
208.115.113.86 - - [10/May/2013:20:15:16 +0400] "GET /category/2.04 HTTP/1.0" 200 40556 "-" "Mozilla/5.0 (compatible; Ezooms/1.0; ezooms.bot@gmail.com)"
208.115.113.86 - - [10/May/2013:20:15:41 +0400] "GET /category/237024 HTTP/1.0" 200 17165 "-" "Mozilla/5.0 (compatible; Ezooms/1.0; ezooms.bot@gmail.com)"
208.115.113.86 - - [10/May/2013:20:15:44 +0400] "GET /index.php?option=com_content&task=section&id=48&Itemid=48 HTTP/1.0" 404 238 "-" "Mozilla/5.0 (compatible; Ezooms/1.0; ezooms.bot@gmail.com)"
178.154.207.251 - - [10/May/2013:20:20:52 +0400] "GET /category/3.1.3.2 HTTP/1.0" 200 5508 "-" "Mozilla/5.0 (compatible; YandexBot/3.0; +http://yandex.com/bots)"
66.249.75.171 - - [10/May/2013:20:26:29 +0400] "GET /product/238058 HTTP/1.0" 500 343 "-" "Mozilla/5.0 (compatible; Googlebot/2.1; +http://www.google.com/bot.html)"
178.154.207.251 - - [10/May/2013:20:29:41 +0400] "GET /product/KPL01 HTTP/1.0" 200 4946 "-" "Mozilla/5.0 (compatible; YandexBot/3.0; +http://yandex.com/bots)"
178.154.207.251 - - [10/May/2013:20:38:17 +0400] "GET /category/2 HTTP/1.0" 200 4597 "-" "Mozilla/5.0 (compatible; YandexBot/3.0; +http://yandex.com/bots)"
66.249.75.171 - - [10/May/2013:20:41:54 +0400] "GET /images/products/sm_512.jpg HTTP/1.0" 404 200 "-" "Googlebot-Image/1.0"
66.249.75.171 - - [10/May/2013:20:43:03 +0400] "GET /images/products/sm_212.jpg HTTP/1.0" 404 200 "-" "Googlebot-Image/1.0"
83.149.9.194 - - [10/May/2013:20:43:03 +0400] "GET / HTTP/1.0" 200 5997 "http://yandex.ru/yandsearch?lr=213&text=%D1%82%D0%BE%D1%80%D0%B3%D0%BE%D0%B2%D1%8B%D0%B9+%D0%B4%D0%BE%D0%BC+%D0%BE%D0%B4%D0%B8%D0%BD" "Mozilla/5.0 (Windows NT 6.1; WOW64) AppleWebKit/537.31 (KHTML, like Gecko) Chrome/26.0.1410.64 Safari/537.31"
83.149.9.194 - - [10/May/2013:20:44:08 +0400] "GET /favicon.ico HTTP/1.0" 404 200 "-" "Mozilla/5.0 (Windows NT 6.1; WOW64) AppleWebKit/537.31 (KHTML, like Gecko) Chrome/26.0.1410.64 Safari/537.31"
66.249.75.171 - - [10/May/2013:20:46:29 +0400] "GET /product/238023 HTTP/1.0" 500 343 "-" "Mozilla/5.0 (compatible; Googlebot/2.1; +http://www.google.com/bot.html)"
178.154.207.251 - - [10/May/2013:20:47:04 +0400] "GET /product/L%D0%A0-153BL HTTP/1.0" 200 4983 "-" "Mozilla/5.0 (compatible; YandexBot/3.0; +http://yandex.com/bots)"
210.97.192.210 - - [10/May/2013:20:47:44 +0400] "GET /category/239003 HTTP/1.0" 200 17165 "-" "Mozilla/5.0 (Windows NT 6.1; WOW64) AppleWebKit/535.1 (KHTML, like Gecko) Chrome/13.0.782.215 Safari/535.1"
66.249.75.171 - - [10/May/2013:20:48:42 +0400] "GET /product/238023 HTTP/1.0" 500 343 "-" "Mozilla/5.0 (compatible; Googlebot/2.1; +http://www.google.com/bot.html)"
83.149.9.194 - - [10/May/2013:20:48:47 +0400] "GET /category/2 HTTP/1.0" 200 4597 "http://www.td-odin.ru/" "Mozilla/5.0 (Windows NT 6.1; WOW64) AppleWebKit/537.31 (KHTML, like Gecko) Chrome/26.0.1410.64 Safari/537.31"
83.149.9.194 - - [10/May/2013:20:48:53 +0400] "GET /category/2.03 HTTP/1.0" 200 5972 "http://www.td-odin.ru/category/2" "Mozilla/5.0 (Windows NT 6.1; WOW64) AppleWebKit/537.31 (KHTML, like Gecko) Chrome/26.0.1410.64 Safari/537.31"
83.149.9.194 - - [10/May/2013:20:48:54 +0400] "GET /favicon.ico HTTP/1.0" 404 200 "-" "Mozilla/5.0 (Windows NT 6.1; WOW64) AppleWebKit/537.31 (KHTML, like Gecko) Chrome/26.0.1410.64 Safari/537.31"
83.149.9.194 - - [10/May/2013:20:48:58 +0400] "GET /favicon.ico HTTP/1.0" 404 200 "-" "Mozilla/5.0 (Windows NT 6.1; WOW64) AppleWebKit/537.31 (KHTML, like Gecko) Chrome/26.0.1410.64 Safari/537.31"
66.249.75.186 - - [10/May/2013:20:49:07 +0400] "GET /images/products/sm_gryasesashitnyj.jpg HTTP/1.0" 404 200 "-" "Googlebot-Image/1.0"
83.149.9.194 - - [10/May/2013:20:50:10 +0400] "GET /favicon.ico HTTP/1.0" 404 200 "-" "Mozilla/5.0 (Windows NT 6.1; WOW64) AppleWebKit/537.31 (KHTML, like Gecko) Chrome/26.0.1410.64 Safari/537.31"
83.149.9.194 - - [10/May/2013:20:50:12 +0400] "GET /favicon.ico HTTP/1.0" 404 200 "-" "Mozilla/5.0 (Windows NT 6.1; WOW64) AppleWebKit/537.31 (KHTML, like Gecko) Chrome/26.0.1410.64 Safari/537.31"
83.149.9.194 - - [10/May/2013:20:50:14 +0400] "GET /category/2.04 HTTP/1.0" 200 6177 "http://www.td-odin.ru/category/2" "Mozilla/5.0 (Windows NT 6.1; WOW64) AppleWebKit/537.31 (KHTML, like Gecko) Chrome/26.0.1410.64 Safari/537.31"
83.149.9.194 - - [10/May/2013:20:50:19 +0400] "GET /favicon.ico HTTP/1.0" 404 200 "-" "Mozilla/5.0 (Windows NT 6.1; WOW64) AppleWebKit/537.31 (KHTML, like Gecko) Chrome/26.0.1410.64 Safari/537.31"
83.149.9.194 - - [10/May/2013:20:50:42 +0400] "GET /favicon.ico HTTP/1.0" 404 200 "-" "Mozilla/5.0 (Windows NT 6.1; WOW64) AppleWebKit/537.31 (KHTML, like Gecko) Chrome/26.0.1410.64 Safari/537.31"
83.149.9.194 - - [10/May/2013:20:50:44 +0400] "GET /favicon.ico HTTP/1.0" 404 200 "-" "Mozilla/5.0 (Windows NT 6.1; WOW64) AppleWebKit/537.31 (KHTML, like Gecko) Chrome/26.0.1410.64 Safari/537.31"
83.149.9.194 - - [10/May/2013:20:50:45 +0400] "GET /category/2.07 HTTP/1.0" 200 5389 "http://www.td-odin.ru/category/2" "Mozilla/5.0 (Windows NT 6.1; WOW64) AppleWebKit/537.31 (KHTML, like Gecko) Chrome/26.0.1410.64 Safari/537.31"
83.149.9.194 - - [10/May/2013:20:50:49 +0400] "GET /favicon.ico HTTP/1.0" 404 200 "-" "Mozilla/5.0 (Windows NT 6.1; WOW64) AppleWebKit/537.31 (KHTML, like Gecko) Chrome/26.0.1410.64 Safari/537.31"
83.149.9.194 - - [10/May/2013:20:51:17 +0400] "GET /favicon.ico HTTP/1.0" 404 200 "-" "Mozilla/5.0 (Windows NT 6.1; WOW64) AppleWebKit/537.31 (KHTML, like Gecko) Chrome/26.0.1410.64 Safari/537.31"
83.149.9.194 - - [10/May/2013:20:51:19 +0400] "GET /favicon.ico HTTP/1.0" 404 200 "-" "Mozilla/5.0 (Windows NT 6.1; WOW64) AppleWebKit/537.31 (KHTML, like Gecko) Chrome/26.0.1410.64 Safari/537.31"
83.149.9.194 - - [10/May/2013:20:51:20 +0400] "GET /category/2.10 HTTP/1.0" 200 5250 "http://www.td-odin.ru/category/2" "Mozilla/5.0 (Windows NT 6.1; WOW64) AppleWebKit/537.31 (KHTML, like Gecko) Chrome/26.0.1410.64 Safari/537.31"
83.149.9.194 - - [10/May/2013:20:51:23 +0400] "GET /favicon.ico HTTP/1.0" 404 200 "-" "Mozilla/5.0 (Windows NT 6.1; WOW64) AppleWebKit/537.31 (KHTML, like Gecko) Chrome/26.0.1410.64 Safari/537.31"
83.149.9.194 - - [10/May/2013:20:51:43 +0400] "GET /favicon.ico HTTP/1.0" 404 200 "-" "Mozilla/5.0 (Windows NT 6.1; WOW64) AppleWebKit/537.31 (KHTML, like Gecko) Chrome/26.0.1410.64 Safari/537.31"
83.149.9.194 - - [10/May/2013:20:51:45 +0400] "GET /favicon.ico HTTP/1.0" 404 200 "-" "Mozilla/5.0 (Windows NT 6.1; WOW64) AppleWebKit/537.31 (KHTML, like Gecko) Chrome/26.0.1410.64 Safari/537.31"
83.149.9.194 - - [10/May/2013:20:51:45 +0400] "GET /category/2.11 HTTP/1.0" 200 6466 "http://www.td-odin.ru/category/2" "Mozilla/5.0 (Windows NT 6.1; WOW64) AppleWebKit/537.31 (KHTML, like Gecko) Chrome/26.0.1410.64 Safari/537.31"
83.149.9.194 - - [10/May/2013:20:51:49 +0400] "GET /favicon.ico HTTP/1.0" 404 200 "-" "Mozilla/5.0 (Windows NT 6.1; WOW64) AppleWebKit/537.31 (KHTML, like Gecko) Chrome/26.0.1410.64 Safari/537.31"
83.149.9.194 - - [10/May/2013:20:52:18 +0400] "GET /favicon.ico HTTP/1.0" 404 200 "-" "Mozilla/5.0 (Windows NT 6.1; WOW64) AppleWebKit/537.31 (KHTML, like Gecko) Chrome/26.0.1410.64 Safari/537.31"
208.115.111.70 - - [10/May/2013:20:52:18 +0400] "GET /robots.txt HTTP/1.0" 404 238 "-" "Mozilla/5.0 (compatible; Ezooms/1.0; ezooms.bot@gmail.com)"
208.115.111.70 - - [10/May/2013:20:52:18 +0400] "GET /robots.txt HTTP/1.0" 404 238 "-" "Mozilla/5.0 (compatible; Ezooms/1.0; ezooms.bot@gmail.com)"
83.149.9.194 - - [10/May/2013:20:52:20 +0400] "GET /favicon.ico HTTP/1.0" 404 200 "-" "Mozilla/5.0 (Windows NT 6.1; WOW64) AppleWebKit/537.31 (KHTML, like Gecko) Chrome/26.0.1410.64 Safari/537.31"
83.149.9.194 - - [10/May/2013:20:52:22 +0400] "GET /category/3 HTTP/1.0" 200 4546 "http://www.td-odin.ru/category/2" "Mozilla/5.0 (Windows NT 6.1; WOW64) AppleWebKit/537.31 (KHTML, like Gecko) Chrome/26.0.1410.64 Safari/537.31"
83.149.9.194 - - [10/May/2013:20:52:26 +0400] "GET /favicon.ico HTTP/1.0" 404 200 "-" "Mozilla/5.0 (Windows NT 6.1; WOW64) AppleWebKit/537.31 (KHTML, like Gecko) Chrome/26.0.1410.64 Safari/537.31"
83.149.9.194 - - [10/May/2013:20:52:26 +0400] "GET /category/3.1 HTTP/1.0" 200 4615 "http://www.td-odin.ru/category/3" "Mozilla/5.0 (Windows NT 6.1; WOW64) AppleWebKit/537.31 (KHTML, like Gecko) Chrome/26.0.1410.64 Safari/537.31"
83.149.9.194 - - [10/May/2013:20:52:31 +0400] "GET /category/3.1.1 HTTP/1.0" 200 5497 "http://www.td-odin.ru/category/3.1" "Mozilla/5.0 (Windows NT 6.1; WOW64) AppleWebKit/537.31 (KHTML, like Gecko) Chrome/26.0.1410.64 Safari/537.31"
83.149.9.194 - - [10/May/2013:20:52:31 +0400] "GET /favicon.ico HTTP/1.0" 404 200 "-" "Mozilla/5.0 (Windows NT 6.1; WOW64) AppleWebKit/537.31 (KHTML, like Gecko) Chrome/26.0.1410.64 Safari/537.31"
83.149.9.194 - - [10/May/2013:20:52:38 +0400] "GET /favicon.ico HTTP/1.0" 404 200 "-" "Mozilla/5.0 (Windows NT 6.1; WOW64) AppleWebKit/537.31 (KHTML, like Gecko) Chrome/26.0.1410.64 Safari/537.31"
83.149.9.194 - - [10/May/2013:20:53:24 +0400] "GET /favicon.ico HTTP/1.0" 404 200 "-" "Mozilla/5.0 (Windows NT 6.1; WOW64) AppleWebKit/537.31 (KHTML, like Gecko) Chrome/26.0.1410.64 Safari/537.31"
83.149.9.194 - - [10/May/2013:20:53:26 +0400] "GET /category/3.1.2 HTTP/1.0" 200 5458 "http://www.td-odin.ru/category/3.1" "Mozilla/5.0 (Windows NT 6.1; WOW64) AppleWebKit/537.31 (KHTML, like Gecko) Chrome/26.0.1410.64 Safari/537.31"
83.149.9.194 - - [10/May/2013:20:53:27 +0400] "GET /favicon.ico HTTP/1.0" 404 200 "-" "Mozilla/5.0 (Windows NT 6.1; WOW64) AppleWebKit/537.31 (KHTML, like Gecko) Chrome/26.0.1410.64 Safari/537.31"
83.149.9.194 - - [10/May/2013:20:53:32 +0400] "GET /favicon.ico HTTP/1.0" 404 200 "-" "Mozilla/5.0 (Windows NT 6.1; WOW64) AppleWebKit/537.31 (KHTML, like Gecko) Chrome/26.0.1410.64 Safari/537.31"
83.149.9.194 - - [10/May/2013:20:53:40 +0400] "GET /favicon.ico HTTP/1.0" 404 200 "-" "Mozilla/5.0 (Windows NT 6.1; WOW64) AppleWebKit/537.31 (KHTML, like Gecko) Chrome/26.0.1410.64 Safari/537.31"
83.149.9.194 - - [10/May/2013:20:53:43 +0400] "GET /favicon.ico HTTP/1.0" 404 200 "-" "Mozilla/5.0 (Windows NT 6.1; WOW64) AppleWebKit/537.31 (KHTML, like Gecko) Chrome/26.0.1410.64 Safari/537.31"
83.149.9.194 - - [10/May/2013:20:53:43 +0400] "GET /category/3.1.3 HTTP/1.0" 200 4613 "http://www.td-odin.ru/category/3.1" "Mozilla/5.0 (Windows NT 6.1; WOW64) AppleWebKit/537.31 (KHTML, like Gecko) Chrome/26.0.1410.64 Safari/537.31"
83.149.9.194 - - [10/May/2013:20:53:46 +0400] "GET /favicon.ico HTTP/1.0" 404 200 "-" "Mozilla/5.0 (Windows NT 6.1; WOW64) AppleWebKit/537.31 (KHTML, like Gecko) Chrome/26.0.1410.64 Safari/537.31"
83.149.9.194 - - [10/May/2013:20:53:46 +0400] "GET /category/3.1.3.3 HTTP/1.0" 200 5309 "http://www.td-odin.ru/category/3.1.3" "Mozilla/5.0 (Windows NT 6.1; WOW64) AppleWebKit/537.31 (KHTML, like Gecko) Chrome/26.0.1410.64 Safari/537.31"
83.149.9.194 - - [10/May/2013:20:53:46 +0400] "GET /category/3.1.3.3 HTTP/1.0" 200 5309 "http://www.td-odin.ru/category/3.1.3" "Mozilla/5.0 (Windows NT 6.1; WOW64) AppleWebKit/537.31 (KHTML, like Gecko) Chrome/26.0.1410.64 Safari/537.31"
83.149.9.194 - - [10/May/2013:20:53:51 +0400] "GET /favicon.ico HTTP/1.0" 404 200 "-" "Mozilla/5.0 (Windows NT 6.1; WOW64) AppleWebKit/537.31 (KHTML, like Gecko) Chrome/26.0.1410.64 Safari/537.31"
83.149.9.194 - - [10/May/2013:20:54:00 +0400] "GET /favicon.ico HTTP/1.0" 404 200 "-" "Mozilla/5.0 (Windows NT 6.1; WOW64) AppleWebKit/537.31 (KHTML, like Gecko) Chrome/26.0.1410.64 Safari/537.31"
83.149.9.194 - - [10/May/2013:20:54:02 +0400] "GET /favicon.ico HTTP/1.0" 404 200 "-" "Mozilla/5.0 (Windows NT 6.1; WOW64) AppleWebKit/537.31 (KHTML, like Gecko) Chrome/26.0.1410.64 Safari/537.31"
83.149.9.194 - - [10/May/2013:20:54:02 +0400] "GET /category/3.1.3.2 HTTP/1.0" 200 5508 "http://www.td-odin.ru/category/3.1.3" "Mozilla/5.0 (Windows NT 6.1; WOW64) AppleWebKit/537.31 (KHTML, like Gecko) Chrome/26.0.1410.64 Safari/537.31"
83.149.9.194 - - [10/May/2013:20:54:08 +0400] "GET /favicon.ico HTTP/1.0" 404 200 "-" "Mozilla/5.0 (Windows NT 6.1; WOW64) AppleWebKit/537.31 (KHTML, like Gecko) Chrome/26.0.1410.64 Safari/537.31"
83.149.9.194 - - [10/May/2013:20:54:17 +0400] "GET /favicon.ico HTTP/1.0" 404 200 "-" "Mozilla/5.0 (Windows NT 6.1; WOW64) AppleWebKit/537.31 (KHTML, like Gecko) Chrome/26.0.1410.64 Safari/537.31"
83.149.9.194 - - [10/May/2013:20:54:19 +0400] "GET /favicon.ico HTTP/1.0" 404 200 "-" "Mozilla/5.0 (Windows NT 6.1; WOW64) AppleWebKit/537.31 (KHTML, like Gecko) Chrome/26.0.1410.64 Safari/537.31"
83.149.9.194 - - [10/May/2013:20:54:19 +0400] "GET /category/3.1.3.3 HTTP/1.0" 200 5309 "http://www.td-odin.ru/category/3.1.3" "Mozilla/5.0 (Windows NT 6.1; WOW64) AppleWebKit/537.31 (KHTML, like Gecko) Chrome/26.0.1410.64 Safari/537.31"
83.149.9.194 - - [10/May/2013:20:54:24 +0400] "GET /favicon.ico HTTP/1.0" 404 200 "-" "Mozilla/5.0 (Windows NT 6.1; WOW64) AppleWebKit/537.31 (KHTML, like Gecko) Chrome/26.0.1410.64 Safari/537.31"
83.149.9.194 - - [10/May/2013:20:54:27 +0400] "GET /favicon.ico HTTP/1.0" 404 200 "-" "Mozilla/5.0 (Windows NT 6.1; WOW64) AppleWebKit/537.31 (KHTML, like Gecko) Chrome/26.0.1410.64 Safari/537.31"
83.149.9.194 - - [10/May/2013:20:54:29 +0400] "GET /favicon.ico HTTP/1.0" 404 200 "-" "Mozilla/5.0 (Windows NT 6.1; WOW64) AppleWebKit/537.31 (KHTML, like Gecko) Chrome/26.0.1410.64 Safari/537.31"
83.149.9.194 - - [10/May/2013:20:54:30 +0400] "GET /favicon.ico HTTP/1.0" 404 200 "-" "Mozilla/5.0 (Windows NT 6.1; WOW64) AppleWebKit/537.31 (KHTML, like Gecko) Chrome/26.0.1410.64 Safari/537.31"
83.149.9.194 - - [10/May/2013:20:54:31 +0400] "GET /category/3.1.4 HTTP/1.0" 200 6485 "http://www.td-odin.ru/category/3.1" "Mozilla/5.0 (Windows NT 6.1; WOW64) AppleWebKit/537.31 (KHTML, like Gecko) Chrome/26.0.1410.64 Safari/537.31"
83.149.9.194 - - [10/May/2013:20:54:32 +0400] "GET /favicon.ico HTTP/1.0" 404 200 "-" "Mozilla/5.0 (Windows NT 6.1; WOW64) AppleWebKit/537.31 (KHTML, like Gecko) Chrome/26.0.1410.64 Safari/537.31"
83.149.9.194 - - [10/May/2013:20:54:44 +0400] "GET /favicon.ico HTTP/1.0" 404 200 "-" "Mozilla/5.0 (Windows NT 6.1; WOW64) AppleWebKit/537.31 (KHTML, like Gecko) Chrome/26.0.1410.64 Safari/537.31"
83.149.9.194 - - [10/May/2013:20:54:45 +0400] "GET /product/C%D0%9203 HTTP/1.0" 200 5007 "http://www.td-odin.ru/category/3.1.4" "Mozilla/5.0 (Windows NT 6.1; WOW64) AppleWebKit/537.31 (KHTML, like Gecko) Chrome/26.0.1410.64 Safari/537.31"
83.149.9.194 - - [10/May/2013:20:54:52 +0400] "GET /favicon.ico HTTP/1.0" 404 200 "-" "Mozilla/5.0 (Windows NT 6.1; WOW64) AppleWebKit/537.31 (KHTML, like Gecko) Chrome/26.0.1410.64 Safari/537.31"
83.149.9.194 - - [10/May/2013:20:55:02 +0400] "GET /favicon.ico HTTP/1.0" 404 200 "-" "Mozilla/5.0 (Windows NT 6.1; WOW64) AppleWebKit/537.31 (KHTML, like Gecko) Chrome/26.0.1410.64 Safari/537.31"
83.149.9.194 - - [10/May/2013:20:55:04 +0400] "GET /favicon.ico HTTP/1.0" 404 200 "-" "Mozilla/5.0 (Windows NT 6.1; WOW64) AppleWebKit/537.31 (KHTML, like Gecko) Chrome/26.0.1410.64 Safari/537.31"
83.149.9.194 - - [10/May/2013:20:55:23 +0400] "GET /product/C%D0%9206 HTTP/1.0" 200 5002 "http://www.td-odin.ru/category/3.1.4" "Mozilla/5.0 (Windows NT 6.1; WOW64) AppleWebKit/537.31 (KHTML, like Gecko) Chrome/26.0.1410.64 Safari/537.31"
83.149.9.194 - - [10/May/2013:20:55:29 +0400] "GET /favicon.ico HTTP/1.0" 404 200 "-" "Mozilla/5.0 (Windows NT 6.1; WOW64) AppleWebKit/537.31 (KHTML, like Gecko) Chrome/26.0.1410.64 Safari/537.31"
178.154.207.251 - - [10/May/2013:20:55:48 +0400] "GET /category/3.2.1.1 HTTP/1.0" 200 6087 "-" "Mozilla/5.0 (compatible; YandexBot/3.0; +http://yandex.com/bots)"
83.149.9.194 - - [10/May/2013:20:55:52 +0400] "GET /favicon.ico HTTP/1.0" 404 200 "-" "Mozilla/5.0 (Windows NT 6.1; WOW64) AppleWebKit/537.31 (KHTML, like Gecko) Chrome/26.0.1410.64 Safari/537.31"
83.149.9.194 - - [10/May/2013:20:55:54 +0400] "GET /favicon.ico HTTP/1.0" 404 200 "-" "Mozilla/5.0 (Windows NT 6.1; WOW64) AppleWebKit/537.31 (KHTML, like Gecko) Chrome/26.0.1410.64 Safari/537.31"
83.149.9.194 - - [10/May/2013:20:56:05 +0400] "GET /favicon.ico HTTP/1.0" 404 200 "-" "Mozilla/5.0 (Windows NT 6.1; WOW64) AppleWebKit/537.31 (KHTML, like Gecko) Chrome/26.0.1410.64 Safari/537.31"
83.149.9.194 - - [10/May/2013:20:56:07 +0400] "GET /favicon.ico HTTP/1.0" 404 200 "-" "Mozilla/5.0 (Windows NT 6.1; WOW64) AppleWebKit/537.31 (KHTML, like Gecko) Chrome/26.0.1410.64 Safari/537.31"
83.149.9.194 - - [10/May/2013:20:56:08 +0400] "GET /favicon.ico HTTP/1.0" 404 200 "-" "Mozilla/5.0 (Windows NT 6.1; WOW64) AppleWebKit/537.31 (KHTML, like Gecko) Chrome/26.0.1410.64 Safari/537.31"
83.149.9.194 - - [10/May/2013:20:56:11 +0400] "GET /category/3.2 HTTP/1.0" 200 4610 "http://www.td-odin.ru/category/3" "Mozilla/5.0 (Windows NT 6.1; WOW64) AppleWebKit/537.31 (KHTML, like Gecko) Chrome/26.0.1410.64 Safari/537.31"
83.149.9.194 - - [10/May/2013:20:56:15 +0400] "GET /favicon.ico HTTP/1.0" 404 200 "-" "Mozilla/5.0 (Windows NT 6.1; WOW64) AppleWebKit/537.31 (KHTML, like Gecko) Chrome/26.0.1410.64 Safari/537.31"
83.149.9.194 - - [10/May/2013:20:56:19 +0400] "GET /category/3.2.5 HTTP/1.0" 200 5231 "http://www.td-odin.ru/category/3.2" "Mozilla/5.0 (Windows NT 6.1; WOW64) AppleWebKit/537.31 (KHTML, like Gecko) Chrome/26.0.1410.64 Safari/537.31"
83.149.9.194 - - [10/May/2013:20:56:24 +0400] "GET /favicon.ico HTTP/1.0" 404 200 "-" "Mozilla/5.0 (Windows NT 6.1; WOW64) AppleWebKit/537.31 (KHTML, like Gecko) Chrome/26.0.1410.64 Safari/537.31"
83.149.9.194 - - [10/May/2013:20:56:35 +0400] "GET /favicon.ico HTTP/1.0" 404 200 "-" "Mozilla/5.0 (Windows NT 6.1; WOW64) AppleWebKit/537.31 (KHTML, like Gecko) Chrome/26.0.1410.64 Safari/537.31"
83.149.9.194 - - [10/May/2013:20:56:38 +0400] "GET /favicon.ico HTTP/1.0" 404 200 "-" "Mozilla/5.0 (Windows NT 6.1; WOW64) AppleWebKit/537.31 (KHTML, like Gecko) Chrome/26.0.1410.64 Safari/537.31"
83.149.9.194 - - [10/May/2013:20:56:41 +0400] "GET /favicon.ico HTTP/1.0" 404 200 "-" "Mozilla/5.0 (Windows NT 6.1; WOW64) AppleWebKit/537.31 (KHTML, like Gecko) Chrome/26.0.1410.64 Safari/537.31"
83.149.9.194 - - [10/May/2013:20:56:43 +0400] "GET /favicon.ico HTTP/1.0" 404 200 "-" "Mozilla/5.0 (Windows NT 6.1; WOW64) AppleWebKit/537.31 (KHTML, like Gecko) Chrome/26.0.1410.64 Safari/537.31"
83.149.9.194 - - [10/May/2013:20:56:44 +0400] "GET /category/3.4 HTTP/1.0" 200 4619 "http://www.td-odin.ru/category/3" "Mozilla/5.0 (Windows NT 6.1; WOW64) AppleWebKit/537.31 (KHTML, like Gecko) Chrome/26.0.1410.64 Safari/537.31"
83.149.9.194 - - [10/May/2013:20:56:46 +0400] "GET /favicon.ico HTTP/1.0" 404 200 "-" "Mozilla/5.0 (Windows NT 6.1; WOW64) AppleWebKit/537.31 (KHTML, like Gecko) Chrome/26.0.1410.64 Safari/537.31"
83.149.9.194 - - [10/May/2013:20:56:48 +0400] "GET /category/3.4.1 HTTP/1.0" 200 5465 "http://www.td-odin.ru/category/3.4" "Mozilla/5.0 (Windows NT 6.1; WOW64) AppleWebKit/537.31 (KHTML, like Gecko) Chrome/26.0.1410.64 Safari/537.31"
83.149.9.194 - - [10/May/2013:20:56:53 +0400] "GET /favicon.ico HTTP/1.0" 404 200 "-" "Mozilla/5.0 (Windows NT 6.1; WOW64) AppleWebKit/537.31 (KHTML, like Gecko) Chrome/26.0.1410.64 Safari/537.31"
83.149.9.194 - - [10/May/2013:20:57:11 +0400] "GET /product/DL2-378 HTTP/1.0" 200 5029 "http://www.td-odin.ru/category/3.4.1" "Mozilla/5.0 (Windows NT 6.1; WOW64) AppleWebKit/537.31 (KHTML, like Gecko) Chrome/26.0.1410.64 Safari/537.31"
83.149.9.194 - - [10/May/2013:20:57:18 +0400] "GET /favicon.ico HTTP/1.0" 404 200 "-" "Mozilla/5.0 (Windows NT 6.1; WOW64) AppleWebKit/537.31 (KHTML, like Gecko) Chrome/26.0.1410.64 Safari/537.31"
83.149.9.194 - - [10/May/2013:20:58:41 +0400] "GET /product/BK3-468 HTTP/1.0" 200 5046 "http://www.td-odin.ru/category/3.4.1" "Mozilla/5.0 (Windows NT 6.1; WOW64) AppleWebKit/537.31 (KHTML, like Gecko) Chrome/26.0.1410.64 Safari/537.31"
83.149.9.194 - - [10/May/2013:20:58:41 +0400] "GET /favicon.ico HTTP/1.0" 404 200 "-" "Mozilla/5.0 (Windows NT 6.1; WOW64) AppleWebKit/537.31 (KHTML, like Gecko) Chrome/26.0.1410.64 Safari/537.31"
83.149.9.194 - - [10/May/2013:20:58:52 +0400] "GET /favicon.ico HTTP/1.0" 404 200 "-" "Mozilla/5.0 (Windows NT 6.1; WOW64) AppleWebKit/537.31 (KHTML, like Gecko) Chrome/26.0.1410.64 Safari/537.31"
83.149.9.194 - - [10/May/2013:20:59:13 +0400] "GET /favicon.ico HTTP/1.0" 404 200 "-" "Mozilla/5.0 (Windows NT 6.1; WOW64) AppleWebKit/537.31 (KHTML, like Gecko) Chrome/26.0.1410.64 Safari/537.31"
83.149.9.194 - - [10/May/2013:20:59:41 +0400] "GET /favicon.ico HTTP/1.0" 404 200 "-" "Mozilla/5.0 (Windows NT 6.1; WOW64) AppleWebKit/537.31 (KHTML, like Gecko) Chrome/26.0.1410.64 Safari/537.31"
83.149.9.194 - - [10/May/2013:20:59:50 +0400] "GET /favicon.ico HTTP/1.0" 404 200 "-" "Mozilla/5.0 (Windows NT 6.1; WOW64) AppleWebKit/537.31 (KHTML, like Gecko) Chrome/26.0.1410.64 Safari/537.31"
83.149.9.194 - - [10/May/2013:20:59:50 +0400] "GET /category/3.4.2 HTTP/1.0" 200 5816 "http://www.td-odin.ru/category/3.4" "Mozilla/5.0 (Windows NT 6.1; WOW64) AppleWebKit/537.31 (KHTML, like Gecko) Chrome/26.0.1410.64 Safari/537.31"
83.149.9.194 - - [10/May/2013:20:59:53 +0400] "GET /favicon.ico HTTP/1.0" 404 200 "-" "Mozilla/5.0 (Windows NT 6.1; WOW64) AppleWebKit/537.31 (KHTML, like Gecko) Chrome/26.0.1410.64 Safari/537.31"
83.149.9.194 - - [10/May/2013:21:00:03 +0400] "GET /favicon.ico HTTP/1.0" 404 200 "-" "Mozilla/5.0 (Windows NT 6.1; WOW64) AppleWebKit/537.31 (KHTML, like Gecko) Chrome/26.0.1410.64 Safari/537.31"
83.149.9.194 - - [10/May/2013:21:01:11 +0400] "GET /product/D15119 HTTP/1.0" 200 5101 "http://www.td-odin.ru/category/3.4.2" "Mozilla/5.0 (Windows NT 6.1; WOW64) AppleWebKit/537.31 (KHTML, like Gecko) Chrome/26.0.1410.64 Safari/537.31"
83.149.9.194 - - [10/May/2013:21:01:20 +0400] "GET /favicon.ico HTTP/1.0" 404 200 "-" "Mozilla/5.0 (Windows NT 6.1; WOW64) AppleWebKit/537.31 (KHTML, like Gecko) Chrome/26.0.1410.64 Safari/537.31"
83.149.9.194 - - [10/May/2013:21:02:06 +0400] "GET /favicon.ico HTTP/1.0" 404 200 "-" "Mozilla/5.0 (Windows NT 6.1; WOW64) AppleWebKit/537.31 (KHTML, like Gecko) Chrome/26.0.1410.64 Safari/537.31"
83.149.9.194 - - [10/May/2013:21:02:13 +0400] "GET /category/3.4.3 HTTP/1.0" 200 5332 "http://www.td-odin.ru/category/3.4" "Mozilla/5.0 (Windows NT 6.1; WOW64) AppleWebKit/537.31 (KHTML, like Gecko) Chrome/26.0.1410.64 Safari/537.31"
