66.249.75.186 - - [11/May/2013:13:20:01 +0400] "GET /images/products/l501.jpg HTTP/1.0" 404 200 "-" "Googlebot-Image/1.0"
66.249.75.186 - - [11/May/2013:13:20:12 +0400] "GET /images/products/sm_l501.jpg HTTP/1.0" 404 200 "-" "Googlebot-Image/1.0"
66.249.75.186 - - [11/May/2013:13:20:33 +0400] "GET /images/products/sm_l1504.jpg HTTP/1.0" 404 200 "-" "Googlebot-Image/1.0"
66.249.75.186 - - [11/May/2013:13:20:43 +0400] "GET /images/products/1510.jpg HTTP/1.0" 404 200 "-" "Googlebot-Image/1.0"
66.249.75.186 - - [11/May/2013:13:20:52 +0400] "GET /images/products/sm_l1508.jpg HTTP/1.0" 404 200 "-" "Googlebot-Image/1.0"
66.249.75.186 - - [11/May/2013:13:21:12 +0400] "GET /images/products/sm_l1509.jpg HTTP/1.0" 404 200 "-" "Googlebot-Image/1.0"
66.249.75.186 - - [11/May/2013:13:21:22 +0400] "GET /images/products/sm_l1505-1.jpg HTTP/1.0" 404 200 "-" "Googlebot-Image/1.0"
66.249.75.186 - - [11/May/2013:13:21:37 +0400] "GET /images/products/sm_1502.jpg HTTP/1.0" 404 200 "-" "Googlebot-Image/1.0"
66.249.75.186 - - [11/May/2013:13:23:53 +0400] "GET /images/products/l502.jpg HTTP/1.0" 404 200 "-" "Googlebot-Image/1.0"
66.249.75.186 - - [11/May/2013:13:24:09 +0400] "GET /images/products/sm_l6406.jpg HTTP/1.0" 404 200 "-" "Googlebot-Image/1.0"
66.249.75.186 - - [11/May/2013:13:24:25 +0400] "GET /images/products/sm_l6306%20l6308.jpg HTTP/1.0" 404 200 "-" "Googlebot-Image/1.0"
66.249.75.186 - - [11/May/2013:13:24:49 +0400] "GET /images/products/sm_4895_2.jpg HTTP/1.0" 404 200 "-" "Googlebot-Image/1.0"
66.249.75.186 - - [11/May/2013:13:25:01 +0400] "GET /images/products/sm_4891_1.jpg HTTP/1.0" 404 200 "-" "Googlebot-Image/1.0"
66.249.75.186 - - [11/May/2013:13:31:16 +0400] "GET /category/4.1.1 HTTP/1.0" 200 5590 "-" "Mozilla/5.0 (compatible; Googlebot/2.1; +http://www.google.com/bot.html)"
157.55.34.166 - - [11/May/2013:13:40:48 +0400] "GET /category/247028 HTTP/1.0" 200 4490 "-" "Mozilla/5.0 (compatible; bingbot/2.0; +http://www.bing.com/bingbot.htm)"
157.55.34.166 - - [11/May/2013:13:40:48 +0400] "GET /category/241021 HTTP/1.0" 200 4490 "-" "Mozilla/5.0 (compatible; bingbot/2.0; +http://www.bing.com/bingbot.htm)"
66.249.75.171 - - [11/May/2013:13:42:30 +0400] "GET /robots.txt HTTP/1.0" 404 200 "-" "Mozilla/5.0 (compatible; Googlebot/2.1; +http://www.google.com/bot.html)"
66.249.75.171 - - [11/May/2013:13:42:31 +0400] "GET /product/243045 HTTP/1.0" 500 343 "-" "Mozilla/5.0 (compatible; Googlebot/2.1; +http://www.google.com/bot.html)"
178.154.207.251 - - [11/May/2013:13:42:37 +0400] "GET /product/ZNA03 HTTP/1.0" 200 4936 "-" "Mozilla/5.0 (compatible; YandexBot/3.0; +http://yandex.com/bots)"
173.199.115.115 - - [11/May/2013:13:55:06 +0400] "GET /index.php?option=com_content&task=blogcategory&id=69&Itemid=35 HTTP/1.0" 404 200 "-" "Mozilla/5.0 (compatible; AhrefsBot/4.0; +http://ahrefs.com/robot/)"
66.249.78.110 - - [11/May/2013:13:58:15 +0400] "GET /product/239057 HTTP/1.0" 500 343 "-" "Mozilla/5.0 (compatible; Googlebot/2.1; +http://www.google.com/bot.html)"
157.55.33.50 - - [11/May/2013:14:02:23 +0400] "GET /category/246030 HTTP/1.0" 200 4490 "-" "Mozilla/5.0 (compatible; bingbot/2.0; +http://www.bing.com/bingbot.htm)"
157.55.33.50 - - [11/May/2013:14:02:23 +0400] "GET /category/237018 HTTP/1.0" 200 4490 "-" "Mozilla/5.0 (compatible; bingbot/2.0; +http://www.bing.com/bingbot.htm)"
66.249.78.110 - - [11/May/2013:14:03:58 +0400] "GET /st_content/tdodin HTTP/1.0" 200 6270 "-" "Mozilla/5.0 (compatible; Googlebot/2.1; +http://www.google.com/bot.html)"
208.115.111.70 - - [11/May/2013:14:07:13 +0400] "GET /category/238060 HTTP/1.0" 200 17165 "-" "Mozilla/5.0 (compatible; Ezooms/1.0; ezooms.bot@gmail.com)"
208.115.111.70 - - [11/May/2013:14:07:15 +0400] "GET /category/242018 HTTP/1.0" 200 17165 "-" "Mozilla/5.0 (compatible; Ezooms/1.0; ezooms.bot@gmail.com)"
208.115.111.70 - - [11/May/2013:14:07:18 +0400] "GET /category/244045 HTTP/1.0" 200 17165 "-" "Mozilla/5.0 (compatible; Ezooms/1.0; ezooms.bot@gmail.com)"
178.154.207.251 - - [11/May/2013:14:09:16 +0400] "GET /product/3110_230310 HTTP/1.0" 200 4943 "-" "Mozilla/5.0 (compatible; YandexBot/3.0; +http://yandex.com/bots)"
65.55.52.96 - - [11/May/2013:14:09:45 +0400] "GET / HTTP/1.0" 200 5995 "-" "Mozilla/5.0 (compatible; bingbot/2.0; +http://www.bing.com/bingbot.htm)"
173.199.115.115 - - [11/May/2013:14:10:09 +0400] "GET /index.php?option=com_content&task=blogcategory&sectionid=34&id=63&Itemid=34 HTTP/1.0" 404 200 "-" "Mozilla/5.0 (compatible; AhrefsBot/4.0; +http://ahrefs.com/robot/)"
66.249.78.178 - - [11/May/2013:14:17:37 +0400] "GET /category/4.1.2 HTTP/1.0" 200 5472 "-" "Mozilla/5.0 (compatible; Googlebot/2.1; +http://www.google.com/bot.html)"
66.249.78.110 - - [11/May/2013:14:24:31 +0400] "GET /product/238058 HTTP/1.0" 500 343 "-" "Mozilla/5.0 (compatible; Googlebot/2.1; +http://www.google.com/bot.html)"
66.249.78.110 - - [11/May/2013:14:26:29 +0400] "GET /product/249041 HTTP/1.0" 500 343 "-" "Mozilla/5.0 (compatible; Googlebot/2.1; +http://www.google.com/bot.html)"
173.199.115.115 - - [11/May/2013:14:33:05 +0400] "GET /index.php?option=com_content&task=blogcategory&id=94&Itemid=42 HTTP/1.0" 404 200 "-" "Mozilla/5.0 (compatible; AhrefsBot/4.0; +http://ahrefs.com/robot/)"
178.154.207.251 - - [11/May/2013:14:36:01 +0400] "GET /product/SMF124 HTTP/1.0" 200 4965 "-" "Mozilla/5.0 (compatible; YandexBot/3.0; +http://yandex.com/bots)"
65.55.52.96 - - [11/May/2013:14:41:01 +0400] "GET /category/239028 HTTP/1.0" 200 4490 "-" "Mozilla/5.0 (compatible; bingbot/2.0; +http://www.bing.com/bingbot.htm)"
178.154.207.251 - - [11/May/2013:14:41:32 +0400] "GET /product/Glent-150GO/RE HTTP/1.0" 404 200 "-" "Mozilla/5.0 (compatible; YandexBot/3.0; +http://yandex.com/bots)"
79.126.113.111 - - [11/May/2013:14:43:49 +0400] "GET /index.php?option=com_content&task=blogcategory&id=66&Itemid=35 HTTP/1.0" 404 200 "http://remont.komimarket.ru/modules/newbb/viewtopic.php?topic_id=103&forum=4" "Mozilla/5.0 (Windows NT 5.1) AppleWebKit/537.31 (KHTML, like Gecko) Chrome/26.0.1410.64 Safari/537.31"
79.126.113.111 - - [11/May/2013:14:43:49 +0400] "GET /favicon.ico HTTP/1.0" 404 200 "-" "Mozilla/5.0 (Windows NT 5.1) AppleWebKit/537.31 (KHTML, like Gecko) Chrome/26.0.1410.64 Safari/537.31"
66.249.78.110 - - [11/May/2013:14:57:07 +0400] "GET /product/237002 HTTP/1.0" 500 343 "-" "Mozilla/5.0 (compatible; Googlebot/2.1; +http://www.google.com/bot.html)"
208.115.113.86 - - [11/May/2013:14:58:07 +0400] "GET /robots.txt HTTP/1.0" 404 238 "-" "Mozilla/5.0 (compatible; Ezooms/1.0; ezooms.bot@gmail.com)"
208.115.113.86 - - [11/May/2013:14:58:07 +0400] "GET /robots.txt HTTP/1.0" 404 238 "-" "Mozilla/5.0 (compatible; Ezooms/1.0; ezooms.bot@gmail.com)"
66.249.78.178 - - [11/May/2013:14:59:44 +0400] "GET /images/products/4201.jpg HTTP/1.0" 404 200 "-" "Googlebot-Image/1.0"
66.249.78.178 - - [11/May/2013:14:59:46 +0400] "GET /images/products/sm_lider_kr_roz.jpg HTTP/1.0" 404 200 "-" "Googlebot-Image/1.0"
157.56.93.193 - - [11/May/2013:15:02:46 +0400] "GET /category/238055 HTTP/1.0" 200 4490 "-" "Mozilla/5.0 (compatible; bingbot/2.0; +http://www.bing.com/bingbot.htm)"
66.249.78.178 - - [11/May/2013:15:02:49 +0400] "GET /images/products/sm_rotor6.jpg HTTP/1.0" 404 200 "-" "Googlebot-Image/1.0"
66.249.78.178 - - [11/May/2013:15:02:56 +0400] "GET /images/products/sm_extension.jpg HTTP/1.0" 404 200 "-" "Googlebot-Image/1.0"
66.249.78.110 - - [11/May/2013:15:04:54 +0400] "GET /product/244030 HTTP/1.0" 500 343 "-" "Mozilla/5.0 (compatible; Googlebot/2.1; +http://www.google.com/bot.html)"
173.199.115.115 - - [11/May/2013:15:10:34 +0400] "GET /index.php?option=com_content&task=blogcategory&id=67&Itemid=35 HTTP/1.0" 404 200 "-" "Mozilla/5.0 (compatible; AhrefsBot/4.0; +http://ahrefs.com/robot/)"
173.199.115.115 - - [11/May/2013:15:11:40 +0400] "GET /index.php?option=com_content&task=section&id=34&Itemid=34 HTTP/1.0" 404 200 "-" "Mozilla/5.0 (compatible; AhrefsBot/4.0; +http://ahrefs.com/robot/)"
72.14.199.171 - - [11/May/2013:15:13:12 +0400] "GET / HTTP/1.0" 200 6103 "-" "AdsBot-Google (+http://www.google.com/adsbot.html)"
65.55.52.96 - - [11/May/2013:15:26:22 +0400] "GET /product/241053 HTTP/1.0" 500 343 "-" "Mozilla/5.0 (compatible; bingbot/2.0; +http://www.bing.com/bingbot.htm)"
65.55.52.96 - - [11/May/2013:15:27:23 +0400] "GET /product/241053 HTTP/1.0" 500 538 "-" "Mozilla/5.0 (compatible; bingbot/2.0; +http://www.bing.com/bingbot.htm)"
65.55.24.239 - - [11/May/2013:15:29:17 +0400] "GET /st_content/tdodin HTTP/1.0" 200 6270 "-" "Mozilla/5.0 (compatible; bingbot/2.0; +http://www.bing.com/bingbot.htm)"
157.56.93.193 - - [11/May/2013:15:35:46 +0400] "GET /category/244037 HTTP/1.0" 200 4490 "-" "Mozilla/5.0 (compatible; bingbot/2.0; +http://www.bing.com/bingbot.htm)"
66.249.78.178 - - [11/May/2013:15:40:17 +0400] "GET /images/products/sm_prima.jpg HTTP/1.0" 404 200 "-" "Googlebot-Image/1.0"
65.55.52.96 - - [11/May/2013:15:40:53 +0400] "GET /category/248017 HTTP/1.0" 200 4490 "-" "Mozilla/5.0 (compatible; bingbot/2.0; +http://www.bing.com/bingbot.htm)"
66.249.78.178 - - [11/May/2013:15:48:05 +0400] "GET /category/3.2.2 HTTP/1.0" 200 4582 "-" "Mozilla/5.0 (compatible; Googlebot/2.1; +http://www.google.com/bot.html)"
66.249.78.110 - - [11/May/2013:15:50:08 +0400] "GET /product/246028 HTTP/1.0" 500 343 "-" "Mozilla/5.0 (compatible; Googlebot/2.1; +http://www.google.com/bot.html)"
173.199.115.115 - - [11/May/2013:15:50:34 +0400] "GET /images/products/kovrik_turciya.jpg HTTP/1.0" 404 200 "-" "Mozilla/5.0 (compatible; AhrefsBot/4.0; +http://ahrefs.com/robot/)"
173.199.115.115 - - [11/May/2013:15:53:03 +0400] "GET /product/218171 HTTP/1.0" 500 343 "-" "Mozilla/5.0 (compatible; AhrefsBot/4.0; +http://ahrefs.com/robot/)"
66.249.78.110 - - [11/May/2013:15:59:16 +0400] "GET /product/236024 HTTP/1.0" 500 343 "-" "Mozilla/5.0 (compatible; Googlebot/2.1; +http://www.google.com/bot.html)"
178.154.207.251 - - [11/May/2013:16:03:11 +0400] "GET /index.php?option=com_content&task=blogcategory&id=61&Itemid=34 HTTP/1.0" 404 200 "-" "Mozilla/5.0 (compatible; YandexBot/3.0; +http://yandex.com/bots)"
157.56.93.51 - - [11/May/2013:16:04:03 +0400] "GET /category/239049 HTTP/1.0" 200 4490 "-" "Mozilla/5.0 (compatible; bingbot/2.0; +http://www.bing.com/bingbot.htm)"
157.56.93.51 - - [11/May/2013:16:04:03 +0400] "GET /category/244035 HTTP/1.0" 200 4490 "-" "Mozilla/5.0 (compatible; bingbot/2.0; +http://www.bing.com/bingbot.htm)"
37.57.127.26 - - [11/May/2013:16:08:21 +0400] "GET / HTTP/1.0" 200 32702 "-" "Mozilla/5.0 (Windows NT 6.1; WOW64; rv:15.0) Gecko/20100101 Firefox/15.0"
208.115.113.86 - - [11/May/2013:16:10:10 +0400] "GET /category/248029 HTTP/1.0" 200 17165 "-" "Mozilla/5.0 (compatible; Ezooms/1.0; ezooms.bot@gmail.com)"
208.115.113.86 - - [11/May/2013:16:10:14 +0400] "GET /index.php?option=com_content&task=blogcategory&id=56&Itemid=33 HTTP/1.0" 404 238 "-" "Mozilla/5.0 (compatible; Ezooms/1.0; ezooms.bot@gmail.com)"
208.115.113.86 - - [11/May/2013:16:10:15 +0400] "GET /index.php?option=com_content&task=section&id=36&Itemid=36 HTTP/1.0" 404 238 "-" "Mozilla/5.0 (compatible; Ezooms/1.0; ezooms.bot@gmail.com)"
65.55.52.96 - - [11/May/2013:16:28:24 +0400] "GET /product/241053 HTTP/1.0" 500 538 "-" "Mozilla/5.0 (compatible; bingbot/2.0; +http://www.bing.com/bingbot.htm)"
66.249.78.110 - - [11/May/2013:16:32:03 +0400] "GET /product/238012 HTTP/1.0" 500 343 "-" "Mozilla/5.0 (compatible; Googlebot/2.1; +http://www.google.com/bot.html)"
111.233.136.216 - - [11/May/2013:16:32:20 +0400] "GET /wp-login.php HTTP/1.0" 404 238 "-" "Mozilla/5.0 (Windows NT 6.1; rv:19.0) Gecko/20100101 Firefox/19.0"
111.233.136.216 - - [11/May/2013:16:32:21 +0400] "GET /administrator/index.php HTTP/1.0" 404 238 "-" "Mozilla/5.0 (Windows NT 6.1; rv:19.0) Gecko/20100101 Firefox/19.0"
111.233.136.216 - - [11/May/2013:16:32:22 +0400] "GET /admin.php HTTP/1.0" 404 238 "-" "Mozilla/5.0 (Windows NT 6.1; rv:19.0) Gecko/20100101 Firefox/19.0"
157.56.92.147 - - [11/May/2013:16:35:20 +0400] "GET /category/242029 HTTP/1.0" 200 4490 "-" "Mozilla/5.0 (compatible; bingbot/2.0; +http://www.bing.com/bingbot.htm)"
66.249.78.110 - - [11/May/2013:16:45:15 +0400] "GET /product/244006 HTTP/1.0" 500 343 "-" "Mozilla/5.0 (compatible; Googlebot/2.1; +http://www.google.com/bot.html)"
66.249.78.110 - - [11/May/2013:16:51:33 +0400] "GET /product/243045 HTTP/1.0" 500 343 "-" "Mozilla/5.0 (compatible; Googlebot/2.1; +http://www.google.com/bot.html)"
95.26.132.97 - - [11/May/2013:16:53:38 +0400] "GET /index.php?option=com_content&task=view&id=62&Itemid=75 HTTP/1.0" 404 200 "http://yandex.ru/yandsearch?p=1&text=%D0%B1%D0%B5%D0%BB%D1%8C%D0%B5%D0%B2%D1%8B%D0%B5%20%D1%81%D1%83%D1%88%D0%B8%D0%BB%D0%BA%D0%B8%20%D0%BF%D0%BE%D1%82%D0%BE%D0%BB%D0%BE%D1%87%D0%BD%D1%8B%D0%B5%20gimi&clid=1168062&lr=213" "Mozilla/5.0 (Windows NT 6.1; rv:15.0) Gecko/20100101 Firefox/15.0.1"
95.26.132.97 - - [11/May/2013:16:53:38 +0400] "GET /favicon.ico HTTP/1.0" 404 200 "-" "Mozilla/5.0 (Windows NT 6.1; rv:15.0) Gecko/20100101 Firefox/15.0.1"
66.249.78.178 - - [11/May/2013:16:55:36 +0400] "GET /index.php?option=com_content&task=blogcategory&sectionid=41&id=101&Itemid=41 HTTP/1.0" 404 200 "-" "Mozilla/5.0 (compatible; Googlebot/2.1; +http://www.google.com/bot.html)"
208.115.111.70 - - [11/May/2013:16:56:14 +0400] "GET /robots.txt HTTP/1.0" 404 238 "-" "Mozilla/5.0 (compatible; Ezooms/1.0; ezooms.bot@gmail.com)"
178.154.207.251 - - [11/May/2013:17:07:25 +0400] "GET /index.php?option=com_content&task=view&id=62&Itemid=75 HTTP/1.0" 404 200 "-" "Mozilla/5.0 (compatible; YandexDirect/3.0; +http://yandex.com/bots)"
173.199.115.115 - - [11/May/2013:17:09:08 +0400] "GET /index.php?option=com_content&task=blogcategory&id=75&Itemid=36 HTTP/1.0" 404 200 "-" "Mozilla/5.0 (compatible; AhrefsBot/4.0; +http://ahrefs.com/robot/)"
66.249.78.178 - - [11/May/2013:17:10:22 +0400] "GET /category/3.4.4 HTTP/1.0" 200 5733 "-" "Mozilla/5.0 (compatible; Googlebot/2.1; +http://www.google.com/bot.html)"
66.249.78.178 - - [11/May/2013:17:19:10 +0400] "GET /index.php?option=com_content&task=blogcategory&sectionid=29&id=47&Itemid=29 HTTP/1.0" 404 200 "-" "Mozilla/5.0 (compatible; Googlebot/2.1; +http://www.google.com/bot.html)"
173.199.115.115 - - [11/May/2013:17:28:30 +0400] "GET /index.php?option=com_content&task=blogcategory&id=61&Itemid=34 HTTP/1.0" 404 200 "-" "Mozilla/5.0 (compatible; AhrefsBot/4.0; +http://ahrefs.com/robot/)"
66.249.78.178 - - [11/May/2013:17:33:33 +0400] "GET /category/3.5.4 HTTP/1.0" 200 5401 "-" "Mozilla/5.0 (compatible; Googlebot/2.1; +http://www.google.com/bot.html)"
66.249.78.178 - - [11/May/2013:17:35:52 +0400] "GET /images/products/sm_turcia.jpg HTTP/1.0" 404 200 "-" "Googlebot-Image/1.0"
173.194.99.86 - - [11/May/2013:17:38:40 +0400] "GET / HTTP/1.0" 200 6022 "http://www.google.ru/url?sa=t&rct=j&q=www.td-odin.ru&source=web&cd=2&ved=0CFEQFjAF&url=http%3A%2F%2Fwww.td-odin.ru%2F&ei=x0mOUd-WCOzZWK0f&usg=AFQjCNG2NVVQI0PEowRG1t0VqswP3YThCQ" "IE 7 - Mozilla/4.0 (compatible; MSIE 7.0; Windows NT 5.1; .NET CLR 1.1.4322; .NET CLR 2.0.50727; .NET CLR 3.0.04506.30)"
173.194.99.17 - - [11/May/2013:17:38:54 +0400] "GET /favicon.ico HTTP/1.0" 404 200 "-" "IE 7 - Mozilla/4.0 (compatible; MSIE 7.0; Windows NT 5.1; .NET CLR 1.1.4322; .NET CLR 2.0.50727; .NET CLR 3.0.04506.30)"
66.249.78.110 - - [11/May/2013:17:39:54 +0400] "GET /product/241054 HTTP/1.0" 500 343 "-" "Mozilla/5.0 (compatible; Googlebot/2.1; +http://www.google.com/bot.html)"
66.249.78.110 - - [11/May/2013:17:40:37 +0400] "GET /product/236025 HTTP/1.0" 500 343 "-" "Mozilla/5.0 (compatible; Googlebot/2.1; +http://www.google.com/bot.html)"
66.249.78.110 - - [11/May/2013:17:42:13 +0400] "GET /product/236058 HTTP/1.0" 500 343 "-" "Mozilla/5.0 (compatible; Googlebot/2.1; +http://www.google.com/bot.html)"
157.56.93.193 - - [11/May/2013:17:52:23 +0400] "GET /robots.txt HTTP/1.0" 404 238 "-" "Mozilla/5.0 (compatible; bingbot/2.0; +http://www.bing.com/bingbot.htm)"
157.56.93.193 - - [11/May/2013:17:54:20 +0400] "GET /category/238060 HTTP/1.0" 200 4490 "-" "Mozilla/5.0 (compatible; bingbot/2.0; +http://www.bing.com/bingbot.htm)"
157.55.33.50 - - [11/May/2013:17:55:48 +0400] "GET /category/243015 HTTP/1.0" 200 4490 "-" "Mozilla/5.0 (compatible; bingbot/2.0; +http://www.bing.com/bingbot.htm)"
66.249.78.110 - - [11/May/2013:18:05:19 +0400] "GET /product/237048 HTTP/1.0" 500 343 "-" "Mozilla/5.0 (compatible; Googlebot/2.1; +http://www.google.com/bot.html)"
208.115.111.70 - - [11/May/2013:18:05:22 +0400] "GET /category/247016 HTTP/1.0" 200 17165 "-" "Mozilla/5.0 (compatible; Ezooms/1.0; ezooms.bot@gmail.com)"
208.115.111.70 - - [11/May/2013:18:05:26 +0400] "GET /product/240003 HTTP/1.0" 500 538 "-" "Mozilla/5.0 (compatible; Ezooms/1.0; ezooms.bot@gmail.com)"
178.154.207.251 - - [11/May/2013:18:06:38 +0400] "GET /index.php?option=com_content&task=blogcategory&id=79&Itemid=36 HTTP/1.0" 404 200 "-" "Mozilla/5.0 (compatible; YandexBot/3.0; +http://yandex.com/bots)"
66.249.78.178 - - [11/May/2013:18:11:38 +0400] "GET /product/None HTTP/1.0" 500 343 "-" "Googlebot-Image/1.0"
66.249.78.178 - - [11/May/2013:18:16:03 +0400] "GET /index.php?option=com_content&task=blogcategory&sectionid=36&id=75&Itemid=36 HTTP/1.0" 404 200 "-" "Mozilla/5.0 (compatible; Googlebot/2.1; +http://www.google.com/bot.html)"
66.249.78.110 - - [11/May/2013:18:23:10 +0400] "GET /product/237047 HTTP/1.0" 500 343 "-" "Mozilla/5.0 (compatible; Googlebot/2.1; +http://www.google.com/bot.html)"
66.249.78.110 - - [11/May/2013:18:27:13 +0400] "GET /product/218156 HTTP/1.0" 500 343 "-" "Mozilla/5.0 (compatible; Googlebot/2.1; +http://www.google.com/bot.html)"
101.226.166.252 - - [11/May/2013:18:29:56 +0400] "GET / HTTP/1.0" 200 6109 "http://www.td-odin.ru/" "Mozilla/4.0 (compatible; MSIE 8.0; Windows NT 6.1; Trident/4.0; SLCC2; .NET CLR 2.0.50727; .NET CLR 3.5.30729; .NET CLR 3.0.30729; Media Center PC 6.0; MDDR; .NET4.0C; .NET4.0E; .NET CLR 1.1.4322; Tablet PC 2.0); 360Spider"
157.55.34.166 - - [11/May/2013:18:34:18 +0400] "GET /category/243018 HTTP/1.0" 200 4490 "-" "Mozilla/5.0 (compatible; bingbot/2.0; +http://www.bing.com/bingbot.htm)"
173.199.115.115 - - [11/May/2013:18:36:45 +0400] "GET /images/products/sarla2.jpg HTTP/1.0" 404 200 "-" "Mozilla/5.0 (compatible; AhrefsBot/4.0; +http://ahrefs.com/robot/)"
173.199.115.115 - - [11/May/2013:18:39:06 +0400] "GET /index.php?option=com_content&task=section&id=42&Itemid=42 HTTP/1.0" 404 200 "-" "Mozilla/5.0 (compatible; AhrefsBot/4.0; +http://ahrefs.com/robot/)"
65.55.52.96 - - [11/May/2013:18:43:20 +0400] "GET /category/249015 HTTP/1.0" 200 4490 "-" "Mozilla/5.0 (compatible; bingbot/2.0; +http://www.bing.com/bingbot.htm)"
66.249.78.110 - - [11/May/2013:18:46:30 +0400] "GET /product/240026 HTTP/1.0" 500 343 "-" "Mozilla/5.0 (compatible; Googlebot/2.1; +http://www.google.com/bot.html)"
208.115.113.86 - - [11/May/2013:18:51:36 +0400] "GET /robots.txt HTTP/1.0" 404 238 "-" "Mozilla/5.0 (compatible; Ezooms/1.0; ezooms.bot@gmail.com)"
66.249.78.110 - - [11/May/2013:18:54:57 +0400] "GET /basket HTTP/1.0" 301 205 "-" "Mozilla/5.0 (iPhone; U; CPU iPhone OS 4_1 like Mac OS X; en-us) AppleWebKit/532.9 (KHTML, like Gecko) Version/4.0.5 Mobile/8B117 Safari/6531.22.7 (compatible; Googlebot-Mobile/2.1; +http://www.google.com/bot.html)"
66.249.78.110 - - [11/May/2013:18:54:58 +0400] "GET /basket/ HTTP/1.0" 200 4566 "-" "Mozilla/5.0 (iPhone; U; CPU iPhone OS 4_1 like Mac OS X; en-us) AppleWebKit/532.9 (KHTML, like Gecko) Version/4.0.5 Mobile/8B117 Safari/6531.22.7 (compatible; Googlebot-Mobile/2.1; +http://www.google.com/bot.html)"
67.195.112.183 - - [11/May/2013:18:56:20 +0400] "GET /robots.txt HTTP/1.0" 404 200 "-" "Mozilla/5.0 (compatible; Yahoo! Slurp; http://help.yahoo.com/help/us/ysearch/slurp)"
66.249.78.110 - - [11/May/2013:19:03:52 +0400] "GET /product/240027 HTTP/1.0" 500 343 "-" "Mozilla/5.0 (compatible; Googlebot/2.1; +http://www.google.com/bot.html)"
74.111.23.38 - - [11/May/2013:19:05:45 +0400] "GET /robots.txt HTTP/1.0" 404 238 "-" "Mozilla/5.0 (compatible; MJ12bot/v1.4.3; http://www.majestic12.co.uk/bot.php?+)"
178.154.207.251 - - [11/May/2013:19:05:45 +0400] "GET /product/%D0%9B-4027 HTTP/1.0" 200 4950 "-" "Mozilla/5.0 (compatible; YandexBot/3.0; +http://yandex.com/bots)"
74.111.23.38 - - [11/May/2013:19:05:47 +0400] "GET /product/C%D0%9203 HTTP/1.0" 200 19029 "-" "Mozilla/5.0 (compatible; MJ12bot/v1.4.3; http://www.majestic12.co.uk/bot.php?+)"
74.111.23.38 - - [11/May/2013:19:05:48 +0400] "GET /robots.txt HTTP/1.0" 404 238 "-" "Mozilla/5.0 (compatible; MJ12bot/v1.4.3; http://www.majestic12.co.uk/bot.php?+)"
74.111.23.38 - - [11/May/2013:19:05:50 +0400] "GET /product/C%D0%9204 HTTP/1.0" 200 19029 "-" "Mozilla/5.0 (compatible; MJ12bot/v1.4.3; http://www.majestic12.co.uk/bot.php?+)"
74.111.23.38 - - [11/May/2013:19:05:52 +0400] "GET /product/C%D0%9205 HTTP/1.0" 200 5003 "-" "Mozilla/5.0 (compatible; MJ12bot/v1.4.3; http://www.majestic12.co.uk/bot.php?+)"
74.111.23.38 - - [11/May/2013:19:05:53 +0400] "GET /robots.txt HTTP/1.0" 404 238 "-" "Mozilla/5.0 (compatible; MJ12bot/v1.4.3; http://www.majestic12.co.uk/bot.php?+)"
74.111.23.38 - - [11/May/2013:19:05:55 +0400] "GET /product/C%D0%9206 HTTP/1.0" 200 19017 "-" "Mozilla/5.0 (compatible; MJ12bot/v1.4.3; http://www.majestic12.co.uk/bot.php?+)"
74.111.23.38 - - [11/May/2013:19:05:58 +0400] "GET /robots.txt HTTP/1.0" 404 238 "-" "Mozilla/5.0 (compatible; MJ12bot/v1.4.3; http://www.majestic12.co.uk/bot.php?+)"
74.111.23.38 - - [11/May/2013:19:06:00 +0400] "GET /product/D127 HTTP/1.0" 200 19026 "-" "Mozilla/5.0 (compatible; MJ12bot/v1.4.3; http://www.majestic12.co.uk/bot.php?+)"
74.111.23.38 - - [11/May/2013:19:06:03 +0400] "GET /product/D128 HTTP/1.0" 200 4993 "-" "Mozilla/5.0 (compatible; MJ12bot/v1.4.3; http://www.majestic12.co.uk/bot.php?+)"
74.111.23.38 - - [11/May/2013:19:06:05 +0400] "GET /product/D135 HTTP/1.0" 200 4990 "-" "Mozilla/5.0 (compatible; MJ12bot/v1.4.3; http://www.majestic12.co.uk/bot.php?+)"
74.111.23.38 - - [11/May/2013:19:06:06 +0400] "GET /robots.txt HTTP/1.0" 404 238 "-" "Mozilla/5.0 (compatible; MJ12bot/v1.4.3; http://www.majestic12.co.uk/bot.php?+)"
74.111.23.38 - - [11/May/2013:19:06:08 +0400] "GET /product/D137 HTTP/1.0" 200 18948 "-" "Mozilla/5.0 (compatible; MJ12bot/v1.4.3; http://www.majestic12.co.uk/bot.php?+)"
74.111.23.38 - - [11/May/2013:19:06:11 +0400] "GET /product/D138 HTTP/1.0" 200 4986 "-" "Mozilla/5.0 (compatible; MJ12bot/v1.4.3; http://www.majestic12.co.uk/bot.php?+)"
74.111.23.38 - - [11/May/2013:19:06:13 +0400] "GET /product/D139 HTTP/1.0" 200 4986 "-" "Mozilla/5.0 (compatible; MJ12bot/v1.4.3; http://www.majestic12.co.uk/bot.php?+)"
74.111.23.38 - - [11/May/2013:19:06:15 +0400] "GET /product/D15119 HTTP/1.0" 200 5101 "-" "Mozilla/5.0 (compatible; MJ12bot/v1.4.3; http://www.majestic12.co.uk/bot.php?+)"
74.111.23.38 - - [11/May/2013:19:06:16 +0400] "GET /robots.txt HTTP/1.0" 404 238 "-" "Mozilla/5.0 (compatible; MJ12bot/v1.4.3; http://www.majestic12.co.uk/bot.php?+)"
74.111.23.38 - - [11/May/2013:19:06:18 +0400] "GET /product/D163 HTTP/1.0" 200 18948 "-" "Mozilla/5.0 (compatible; MJ12bot/v1.4.3; http://www.majestic12.co.uk/bot.php?+)"
74.111.23.38 - - [11/May/2013:19:06:20 +0400] "GET /product/D164 HTTP/1.0" 200 4987 "-" "Mozilla/5.0 (compatible; MJ12bot/v1.4.3; http://www.majestic12.co.uk/bot.php?+)"
74.111.23.38 - - [11/May/2013:19:06:22 +0400] "GET /product/D168 HTTP/1.0" 200 4997 "-" "Mozilla/5.0 (compatible; MJ12bot/v1.4.3; http://www.majestic12.co.uk/bot.php?+)"
74.111.23.38 - - [11/May/2013:19:06:24 +0400] "GET /product/D178 HTTP/1.0" 200 4993 "-" "Mozilla/5.0 (compatible; MJ12bot/v1.4.3; http://www.majestic12.co.uk/bot.php?+)"
74.111.23.38 - - [11/May/2013:19:06:26 +0400] "GET /product/D188 HTTP/1.0" 200 4985 "-" "Mozilla/5.0 (compatible; MJ12bot/v1.4.3; http://www.majestic12.co.uk/bot.php?+)"
74.111.23.38 - - [11/May/2013:19:06:28 +0400] "GET /robots.txt HTTP/1.0" 404 238 "-" "Mozilla/5.0 (compatible; MJ12bot/v1.4.3; http://www.majestic12.co.uk/bot.php?+)"
74.111.23.38 - - [11/May/2013:19:06:30 +0400] "GET /product/D2120 HTTP/1.0" 200 19452 "-" "Mozilla/5.0 (compatible; MJ12bot/v1.4.3; http://www.majestic12.co.uk/bot.php?+)"
74.111.23.38 - - [11/May/2013:19:06:32 +0400] "GET /product/D2121 HTTP/1.0" 200 5089 "-" "Mozilla/5.0 (compatible; MJ12bot/v1.4.3; http://www.majestic12.co.uk/bot.php?+)"
74.111.23.38 - - [11/May/2013:19:06:34 +0400] "GET /robots.txt HTTP/1.0" 404 238 "-" "Mozilla/5.0 (compatible; MJ12bot/v1.4.3; http://www.majestic12.co.uk/bot.php?+)"
74.111.23.38 - - [11/May/2013:19:06:36 +0400] "GET /product/D3165 HTTP/1.0" 200 19722 "-" "Mozilla/5.0 (compatible; MJ12bot/v1.4.3; http://www.majestic12.co.uk/bot.php?+)"
74.111.23.38 - - [11/May/2013:19:06:41 +0400] "GET /product/D3170 HTTP/1.0" 200 5098 "-" "Mozilla/5.0 (compatible; MJ12bot/v1.4.3; http://www.majestic12.co.uk/bot.php?+)"
74.111.23.38 - - [11/May/2013:19:06:43 +0400] "GET /product/D3177 HTTP/1.0" 200 5062 "-" "Mozilla/5.0 (compatible; MJ12bot/v1.4.3; http://www.majestic12.co.uk/bot.php?+)"
74.111.23.38 - - [11/May/2013:19:06:45 +0400] "GET /product/D3183 HTTP/1.0" 200 5071 "-" "Mozilla/5.0 (compatible; MJ12bot/v1.4.3; http://www.majestic12.co.uk/bot.php?+)"
74.111.23.38 - - [11/May/2013:19:06:47 +0400] "GET /product/D4015 HTTP/1.0" 200 5064 "-" "Mozilla/5.0 (compatible; MJ12bot/v1.4.3; http://www.majestic12.co.uk/bot.php?+)"
74.111.23.38 - - [11/May/2013:19:06:49 +0400] "GET /product/D4050 HTTP/1.0" 200 5019 "-" "Mozilla/5.0 (compatible; MJ12bot/v1.4.3; http://www.majestic12.co.uk/bot.php?+)"
74.111.23.38 - - [11/May/2013:19:06:51 +0400] "GET /product/DL2-378 HTTP/1.0" 200 5029 "-" "Mozilla/5.0 (compatible; MJ12bot/v1.4.3; http://www.majestic12.co.uk/bot.php?+)"
74.111.23.38 - - [11/May/2013:19:06:53 +0400] "GET /product/DOBO HTTP/1.0" 200 4952 "-" "Mozilla/5.0 (compatible; MJ12bot/v1.4.3; http://www.majestic12.co.uk/bot.php?+)"
74.111.23.38 - - [11/May/2013:19:06:55 +0400] "GET /product/Dose HTTP/1.0" 200 5004 "-" "Mozilla/5.0 (compatible; MJ12bot/v1.4.3; http://www.majestic12.co.uk/bot.php?+)"
74.111.23.38 - - [11/May/2013:19:06:57 +0400] "GET /product/EG2002 HTTP/1.0" 200 5028 "-" "Mozilla/5.0 (compatible; MJ12bot/v1.4.3; http://www.majestic12.co.uk/bot.php?+)"
74.111.23.38 - - [11/May/2013:19:07:01 +0400] "GET /product/EG2003 HTTP/1.0" 200 5028 "-" "Mozilla/5.0 (compatible; MJ12bot/v1.4.3; http://www.majestic12.co.uk/bot.php?+)"
74.111.23.38 - - [11/May/2013:19:07:03 +0400] "GET /product/EG2004 HTTP/1.0" 200 5029 "-" "Mozilla/5.0 (compatible; MJ12bot/v1.4.3; http://www.majestic12.co.uk/bot.php?+)"
74.111.23.38 - - [11/May/2013:19:07:05 +0400] "GET /product/EG2022 HTTP/1.0" 200 5031 "-" "Mozilla/5.0 (compatible; MJ12bot/v1.4.3; http://www.majestic12.co.uk/bot.php?+)"
74.111.23.38 - - [11/May/2013:19:07:07 +0400] "GET /product/EG2023 HTTP/1.0" 200 5033 "-" "Mozilla/5.0 (compatible; MJ12bot/v1.4.3; http://www.majestic12.co.uk/bot.php?+)"
74.111.23.38 - - [11/May/2013:19:07:10 +0400] "GET /product/EG2024 HTTP/1.0" 200 5033 "-" "Mozilla/5.0 (compatible; MJ12bot/v1.4.3; http://www.majestic12.co.uk/bot.php?+)"
74.111.23.38 - - [11/May/2013:19:07:13 +0400] "GET /product/EG213 HTTP/1.0" 200 5005 "-" "Mozilla/5.0 (compatible; MJ12bot/v1.4.3; http://www.majestic12.co.uk/bot.php?+)"
74.111.23.38 - - [11/May/2013:19:07:15 +0400] "GET /product/EG214 HTTP/1.0" 200 5005 "-" "Mozilla/5.0 (compatible; MJ12bot/v1.4.3; http://www.majestic12.co.uk/bot.php?+)"
74.111.23.38 - - [11/May/2013:19:07:19 +0400] "GET /product/EG215 HTTP/1.0" 200 5002 "-" "Mozilla/5.0 (compatible; MJ12bot/v1.4.3; http://www.majestic12.co.uk/bot.php?+)"
74.111.23.38 - - [11/May/2013:19:07:21 +0400] "GET /product/EG216 HTTP/1.0" 200 5003 "-" "Mozilla/5.0 (compatible; MJ12bot/v1.4.3; http://www.majestic12.co.uk/bot.php?+)"
74.111.23.38 - - [11/May/2013:19:07:23 +0400] "GET /product/EG3222 HTTP/1.0" 200 5033 "-" "Mozilla/5.0 (compatible; MJ12bot/v1.4.3; http://www.majestic12.co.uk/bot.php?+)"
74.111.23.38 - - [11/May/2013:19:07:25 +0400] "GET /robots.txt HTTP/1.0" 404 238 "-" "Mozilla/5.0 (compatible; MJ12bot/v1.4.3; http://www.majestic12.co.uk/bot.php?+)"
74.111.23.38 - - [11/May/2013:19:07:28 +0400] "GET /product/EG3223 HTTP/1.0" 200 19314 "-" "Mozilla/5.0 (compatible; MJ12bot/v1.4.3; http://www.majestic12.co.uk/bot.php?+)"
74.111.23.38 - - [11/May/2013:19:07:31 +0400] "GET /product/EK1-354 HTTP/1.0" 200 5004 "-" "Mozilla/5.0 (compatible; MJ12bot/v1.4.3; http://www.majestic12.co.uk/bot.php?+)"
74.111.23.38 - - [11/May/2013:19:07:33 +0400] "GET /product/F-001_201852-6 HTTP/1.0" 200 4966 "-" "Mozilla/5.0 (compatible; MJ12bot/v1.4.3; http://www.majestic12.co.uk/bot.php?+)"
74.111.23.38 - - [11/May/2013:19:07:36 +0400] "GET /product/F-002 HTTP/1.0" 200 4955 "-" "Mozilla/5.0 (compatible; MJ12bot/v1.4.3; http://www.majestic12.co.uk/bot.php?+)"
74.111.23.38 - - [11/May/2013:19:07:42 +0400] "GET /product/F-003_F-049_201852-5 HTTP/1.0" 200 4975 "-" "Mozilla/5.0 (compatible; MJ12bot/v1.4.3; http://www.majestic12.co.uk/bot.php?+)"
74.111.23.38 - - [11/May/2013:19:07:44 +0400] "GET /product/F-004_201852-4 HTTP/1.0" 200 4964 "-" "Mozilla/5.0 (compatible; MJ12bot/v1.4.3; http://www.majestic12.co.uk/bot.php?+)"
74.111.23.38 - - [11/May/2013:19:07:47 +0400] "GET /product/F-005_201852-3 HTTP/1.0" 200 4963 "-" "Mozilla/5.0 (compatible; MJ12bot/v1.4.3; http://www.majestic12.co.uk/bot.php?+)"
74.111.23.38 - - [11/May/2013:19:07:51 +0400] "GET /product/F-007 HTTP/1.0" 200 4942 "-" "Mozilla/5.0 (compatible; MJ12bot/v1.4.3; http://www.majestic12.co.uk/bot.php?+)"
74.111.23.38 - - [11/May/2013:19:07:54 +0400] "GET /product/F-008_251100 HTTP/1.0" 200 4944 "-" "Mozilla/5.0 (compatible; MJ12bot/v1.4.3; http://www.majestic12.co.uk/bot.php?+)"
74.111.23.38 - - [11/May/2013:19:07:56 +0400] "GET /product/F-009_232100 HTTP/1.0" 200 4959 "-" "Mozilla/5.0 (compatible; MJ12bot/v1.4.3; http://www.majestic12.co.uk/bot.php?+)"
74.111.23.38 - - [11/May/2013:19:07:59 +0400] "GET /product/F-010_231100 HTTP/1.0" 200 4950 "-" "Mozilla/5.0 (compatible; MJ12bot/v1.4.3; http://www.majestic12.co.uk/bot.php?+)"
74.111.23.38 - - [11/May/2013:19:08:02 +0400] "GET /product/F-011_230100_F-053 HTTP/1.0" 200 4949 "-" "Mozilla/5.0 (compatible; MJ12bot/v1.4.3; http://www.majestic12.co.uk/bot.php?+)"
74.111.23.38 - - [11/May/2013:19:08:04 +0400] "GET /product/F-012-2_202103 HTTP/1.0" 200 4972 "-" "Mozilla/5.0 (compatible; MJ12bot/v1.4.3; http://www.majestic12.co.uk/bot.php?+)"
74.111.23.38 - - [11/May/2013:19:08:08 +0400] "GET /product/F-012_290100 HTTP/1.0" 200 4954 "-" "Mozilla/5.0 (compatible; MJ12bot/v1.4.3; http://www.majestic12.co.uk/bot.php?+)"
74.111.23.38 - - [11/May/2013:19:08:10 +0400] "GET /product/F-013_252100 HTTP/1.0" 200 4952 "-" "Mozilla/5.0 (compatible; MJ12bot/v1.4.3; http://www.majestic12.co.uk/bot.php?+)"
74.111.23.38 - - [11/May/2013:19:08:12 +0400] "GET /product/F-014 HTTP/1.0" 200 4953 "-" "Mozilla/5.0 (compatible; MJ12bot/v1.4.3; http://www.majestic12.co.uk/bot.php?+)"
74.111.23.38 - - [11/May/2013:19:08:14 +0400] "GET /product/F-015_240100 HTTP/1.0" 200 4957 "-" "Mozilla/5.0 (compatible; MJ12bot/v1.4.3; http://www.majestic12.co.uk/bot.php?+)"
74.111.23.38 - - [11/May/2013:19:08:16 +0400] "GET /product/F-016_241100 HTTP/1.0" 200 4957 "-" "Mozilla/5.0 (compatible; MJ12bot/v1.4.3; http://www.majestic12.co.uk/bot.php?+)"
74.111.23.38 - - [11/May/2013:19:08:16 +0400] "GET /robots.txt HTTP/1.0" 404 238 "-" "Mozilla/5.0 (compatible; MJ12bot/v1.4.3; http://www.majestic12.co.uk/bot.php?+)"
74.111.23.38 - - [11/May/2013:19:08:18 +0400] "GET /product/F-018 HTTP/1.0" 200 18716 "-" "Mozilla/5.0 (compatible; MJ12bot/v1.4.3; http://www.majestic12.co.uk/bot.php?+)"
74.111.23.38 - - [11/May/2013:19:08:21 +0400] "GET /product/F-020G_273100 HTTP/1.0" 200 4947 "-" "Mozilla/5.0 (compatible; MJ12bot/v1.4.3; http://www.majestic12.co.uk/bot.php?+)"
74.111.23.38 - - [11/May/2013:19:08:24 +0400] "GET /product/F-022_253100 HTTP/1.0" 200 4954 "-" "Mozilla/5.0 (compatible; MJ12bot/v1.4.3; http://www.majestic12.co.uk/bot.php?+)"
74.111.23.38 - - [11/May/2013:19:08:26 +0400] "GET /product/F-023_254100 HTTP/1.0" 200 4954 "-" "Mozilla/5.0 (compatible; MJ12bot/v1.4.3; http://www.majestic12.co.uk/bot.php?+)"
74.111.23.38 - - [11/May/2013:19:08:28 +0400] "GET /product/F-024_255100 HTTP/1.0" 200 4954 "-" "Mozilla/5.0 (compatible; MJ12bot/v1.4.3; http://www.majestic12.co.uk/bot.php?+)"
74.111.23.38 - - [11/May/2013:19:08:30 +0400] "GET /product/F-026_283100 HTTP/1.0" 200 4938 "-" "Mozilla/5.0 (compatible; MJ12bot/v1.4.3; http://www.majestic12.co.uk/bot.php?+)"
74.111.23.38 - - [11/May/2013:19:08:32 +0400] "GET /product/F-027_282100 HTTP/1.0" 200 4937 "-" "Mozilla/5.0 (compatible; MJ12bot/v1.4.3; http://www.majestic12.co.uk/bot.php?+)"
74.111.23.38 - - [11/May/2013:19:08:34 +0400] "GET /product/F-028_281100 HTTP/1.0" 200 4941 "-" "Mozilla/5.0 (compatible; MJ12bot/v1.4.3; http://www.majestic12.co.uk/bot.php?+)"
74.111.23.38 - - [11/May/2013:19:08:35 +0400] "GET /product/F-034-50_260100 HTTP/1.0" 200 4962 "-" "Mozilla/5.0 (compatible; MJ12bot/v1.4.3; http://www.majestic12.co.uk/bot.php?+)"
74.111.23.38 - - [11/May/2013:19:08:37 +0400] "GET /product/F-034-60 HTTP/1.0" 200 4956 "-" "Mozilla/5.0 (compatible; MJ12bot/v1.4.3; http://www.majestic12.co.uk/bot.php?+)"
74.111.23.38 - - [11/May/2013:19:08:39 +0400] "GET /product/F-034-70S HTTP/1.0" 200 4955 "-" "Mozilla/5.0 (compatible; MJ12bot/v1.4.3; http://www.majestic12.co.uk/bot.php?+)"
74.111.23.38 - - [11/May/2013:19:08:41 +0400] "GET /product/F-035_264100 HTTP/1.0" 200 4947 "-" "Mozilla/5.0 (compatible; MJ12bot/v1.4.3; http://www.majestic12.co.uk/bot.php?+)"
74.111.23.38 - - [11/May/2013:19:08:42 +0400] "GET /product/F-036_220100 HTTP/1.0" 200 4943 "-" "Mozilla/5.0 (compatible; MJ12bot/v1.4.3; http://www.majestic12.co.uk/bot.php?+)"
74.111.23.38 - - [11/May/2013:19:08:44 +0400] "GET /product/F-037_214100 HTTP/1.0" 200 4960 "-" "Mozilla/5.0 (compatible; MJ12bot/v1.4.3; http://www.majestic12.co.uk/bot.php?+)"
74.111.23.38 - - [11/May/2013:19:08:46 +0400] "GET /product/F-039_212100 HTTP/1.0" 200 4954 "-" "Mozilla/5.0 (compatible; MJ12bot/v1.4.3; http://www.majestic12.co.uk/bot.php?+)"
74.111.23.38 - - [11/May/2013:19:08:48 +0400] "GET /product/F-040_221100 HTTP/1.0" 200 4938 "-" "Mozilla/5.0 (compatible; MJ12bot/v1.4.3; http://www.majestic12.co.uk/bot.php?+)"
74.111.23.38 - - [11/May/2013:19:08:50 +0400] "GET /product/F-042_211100 HTTP/1.0" 200 4960 "-" "Mozilla/5.0 (compatible; MJ12bot/v1.4.3; http://www.majestic12.co.uk/bot.php?+)"
74.111.23.38 - - [11/May/2013:19:08:51 +0400] "GET /product/F-044_210100 HTTP/1.0" 200 4940 "-" "Mozilla/5.0 (compatible; MJ12bot/v1.4.3; http://www.majestic12.co.uk/bot.php?+)"
74.111.23.38 - - [11/May/2013:19:08:54 +0400] "GET /product/F-045 HTTP/1.0" 200 4982 "-" "Mozilla/5.0 (compatible; MJ12bot/v1.4.3; http://www.majestic12.co.uk/bot.php?+)"
74.111.23.38 - - [11/May/2013:19:08:56 +0400] "GET /product/F-045-1_242100 HTTP/1.0" 200 4982 "-" "Mozilla/5.0 (compatible; MJ12bot/v1.4.3; http://www.majestic12.co.uk/bot.php?+)"
74.111.23.38 - - [11/May/2013:19:08:57 +0400] "GET /product/F-047_274100 HTTP/1.0" 200 5002 "-" "Mozilla/5.0 (compatible; MJ12bot/v1.4.3; http://www.majestic12.co.uk/bot.php?+)"
74.111.23.38 - - [11/May/2013:19:09:00 +0400] "GET /product/F-048 HTTP/1.0" 200 4954 "-" "Mozilla/5.0 (compatible; MJ12bot/v1.4.3; http://www.majestic12.co.uk/bot.php?+)"
74.111.23.38 - - [11/May/2013:19:09:01 +0400] "GET /product/F-051G_201406 HTTP/1.0" 200 4950 "-" "Mozilla/5.0 (compatible; MJ12bot/v1.4.3; http://www.majestic12.co.uk/bot.php?+)"
74.111.23.38 - - [11/May/2013:19:09:03 +0400] "GET /product/F-051M HTTP/1.0" 200 4937 "-" "Mozilla/5.0 (compatible; MJ12bot/v1.4.3; http://www.majestic12.co.uk/bot.php?+)"
74.111.23.38 - - [11/May/2013:19:09:05 +0400] "GET /product/F-054 HTTP/1.0" 200 4950 "-" "Mozilla/5.0 (compatible; MJ12bot/v1.4.3; http://www.majestic12.co.uk/bot.php?+)"
74.111.23.38 - - [11/May/2013:19:09:07 +0400] "GET /product/F001 HTTP/1.0" 200 4948 "-" "Mozilla/5.0 (compatible; MJ12bot/v1.4.3; http://www.majestic12.co.uk/bot.php?+)"
74.111.23.38 - - [11/May/2013:19:09:08 +0400] "GET /product/F6M HTTP/1.0" 200 5042 "-" "Mozilla/5.0 (compatible; MJ12bot/v1.4.3; http://www.majestic12.co.uk/bot.php?+)"
173.199.115.115 - - [11/May/2013:19:09:10 +0400] "GET /index.php?option=com_content&task=blogcategory&id=77&Itemid=36 HTTP/1.0" 404 200 "-" "Mozilla/5.0 (compatible; AhrefsBot/4.0; +http://ahrefs.com/robot/)"
74.111.23.38 - - [11/May/2013:19:09:10 +0400] "GET /product/FD02 HTTP/1.0" 200 4944 "-" "Mozilla/5.0 (compatible; MJ12bot/v1.4.3; http://www.majestic12.co.uk/bot.php?+)"
74.111.23.38 - - [11/May/2013:19:09:12 +0400] "GET /product/FL03 HTTP/1.0" 200 4939 "-" "Mozilla/5.0 (compatible; MJ12bot/v1.4.3; http://www.majestic12.co.uk/bot.php?+)"
74.111.23.38 - - [11/May/2013:19:09:14 +0400] "GET /product/FMR4575 HTTP/1.0" 200 5009 "-" "Mozilla/5.0 (compatible; MJ12bot/v1.4.3; http://www.majestic12.co.uk/bot.php?+)"
74.111.23.38 - - [11/May/2013:19:09:16 +0400] "GET /product/FRD-711 HTTP/1.0" 200 5002 "-" "Mozilla/5.0 (compatible; MJ12bot/v1.4.3; http://www.majestic12.co.uk/bot.php?+)"
74.111.23.38 - - [11/May/2013:19:09:18 +0400] "GET /product/G/Broach HTTP/1.0" 404 200 "-" "Mozilla/5.0 (compatible; MJ12bot/v1.4.3; http://www.majestic12.co.uk/bot.php?+)"
74.111.23.38 - - [11/May/2013:19:09:20 +0400] "GET /product/G/Check HTTP/1.0" 404 200 "-" "Mozilla/5.0 (compatible; MJ12bot/v1.4.3; http://www.majestic12.co.uk/bot.php?+)"
74.111.23.38 - - [11/May/2013:19:09:22 +0400] "GET /product/G/DAISYl HTTP/1.0" 404 200 "-" "Mozilla/5.0 (compatible; MJ12bot/v1.4.3; http://www.majestic12.co.uk/bot.php?+)"
74.111.23.38 - - [11/May/2013:19:09:23 +0400] "GET /product/G/RoseGO HTTP/1.0" 404 200 "-" "Mozilla/5.0 (compatible; MJ12bot/v1.4.3; http://www.majestic12.co.uk/bot.php?+)"
74.111.23.38 - - [11/May/2013:19:09:25 +0400] "GET /product/G/StrawberryGardenGO HTTP/1.0" 404 200 "-" "Mozilla/5.0 (compatible; MJ12bot/v1.4.3; http://www.majestic12.co.uk/bot.php?+)"
74.111.23.38 - - [11/May/2013:19:09:27 +0400] "GET /product/G14100343 HTTP/1.0" 200 5021 "-" "Mozilla/5.0 (compatible; MJ12bot/v1.4.3; http://www.majestic12.co.uk/bot.php?+)"
74.111.23.38 - - [11/May/2013:19:09:29 +0400] "GET /product/G14170353 HTTP/1.0" 200 5033 "-" "Mozilla/5.0 (compatible; MJ12bot/v1.4.3; http://www.majestic12.co.uk/bot.php?+)"
74.111.23.38 - - [11/May/2013:19:09:30 +0400] "GET /product/G14400548 HTTP/1.0" 200 5019 "-" "Mozilla/5.0 (compatible; MJ12bot/v1.4.3; http://www.majestic12.co.uk/bot.php?+)"
74.111.23.38 - - [11/May/2013:19:09:32 +0400] "GET /product/G14400660 HTTP/1.0" 200 5022 "-" "Mozilla/5.0 (compatible; MJ12bot/v1.4.3; http://www.majestic12.co.uk/bot.php?+)"
74.111.23.38 - - [11/May/2013:19:09:34 +0400] "GET /product/G14500783 HTTP/1.0" 200 5051 "-" "Mozilla/5.0 (compatible; MJ12bot/v1.4.3; http://www.majestic12.co.uk/bot.php?+)"
74.111.23.38 - - [11/May/2013:19:09:36 +0400] "GET /product/G14630343 HTTP/1.0" 200 5034 "-" "Mozilla/5.0 (compatible; MJ12bot/v1.4.3; http://www.majestic12.co.uk/bot.php?+)"
74.111.23.38 - - [11/May/2013:19:09:38 +0400] "GET /product/G14630353 HTTP/1.0" 200 5066 "-" "Mozilla/5.0 (compatible; MJ12bot/v1.4.3; http://www.majestic12.co.uk/bot.php?+)"
74.111.23.38 - - [11/May/2013:19:09:40 +0400] "GET /product/G14830343 HTTP/1.0" 200 5066 "-" "Mozilla/5.0 (compatible; MJ12bot/v1.4.3; http://www.majestic12.co.uk/bot.php?+)"
74.111.23.38 - - [11/May/2013:19:09:42 +0400] "GET /product/GS4060-05 HTTP/1.0" 200 4955 "-" "Mozilla/5.0 (compatible; MJ12bot/v1.4.3; http://www.majestic12.co.uk/bot.php?+)"
74.111.23.38 - - [11/May/2013:19:09:44 +0400] "GET /product/GS4060-06 HTTP/1.0" 200 4958 "-" "Mozilla/5.0 (compatible; MJ12bot/v1.4.3; http://www.majestic12.co.uk/bot.php?+)"
74.111.23.38 - - [11/May/2013:19:09:46 +0400] "GET /product/GS4060-07 HTTP/1.0" 200 4952 "-" "Mozilla/5.0 (compatible; MJ12bot/v1.4.3; http://www.majestic12.co.uk/bot.php?+)"
74.111.23.38 - - [11/May/2013:19:09:47 +0400] "GET /product/GS4060-08 HTTP/1.0" 200 4954 "-" "Mozilla/5.0 (compatible; MJ12bot/v1.4.3; http://www.majestic12.co.uk/bot.php?+)"
74.111.23.38 - - [11/May/2013:19:09:49 +0400] "GET /product/GS4060-11 HTTP/1.0" 200 4956 "-" "Mozilla/5.0 (compatible; MJ12bot/v1.4.3; http://www.majestic12.co.uk/bot.php?+)"
74.111.23.38 - - [11/May/2013:19:09:51 +0400] "GET /product/GS4060-12 HTTP/1.0" 200 4955 "-" "Mozilla/5.0 (compatible; MJ12bot/v1.4.3; http://www.majestic12.co.uk/bot.php?+)"
74.111.23.38 - - [11/May/2013:19:09:53 +0400] "GET /product/GS5070-05 HTTP/1.0" 200 4951 "-" "Mozilla/5.0 (compatible; MJ12bot/v1.4.3; http://www.majestic12.co.uk/bot.php?+)"
74.111.23.38 - - [11/May/2013:19:09:55 +0400] "GET /product/GS5070-06 HTTP/1.0" 200 4955 "-" "Mozilla/5.0 (compatible; MJ12bot/v1.4.3; http://www.majestic12.co.uk/bot.php?+)"
74.111.23.38 - - [11/May/2013:19:09:57 +0400] "GET /product/GS5070-07 HTTP/1.0" 200 4949 "-" "Mozilla/5.0 (compatible; MJ12bot/v1.4.3; http://www.majestic12.co.uk/bot.php?+)"
66.249.78.178 - - [11/May/2013:19:09:57 +0400] "GET /content/blogcategory/26/41/26/index.php?option=com_content&task=blogcategory&id=102&Itemid=26 HTTP/1.0" 404 200 "-" "Mozilla/5.0 (compatible; Googlebot/2.1; +http://www.google.com/bot.html)"
74.111.23.38 - - [11/May/2013:19:09:58 +0400] "GET /product/GS5070-08 HTTP/1.0" 200 4950 "-" "Mozilla/5.0 (compatible; MJ12bot/v1.4.3; http://www.majestic12.co.uk/bot.php?+)"
74.111.23.38 - - [11/May/2013:19:10:00 +0400] "GET /product/GS5070-12 HTTP/1.0" 200 4951 "-" "Mozilla/5.0 (compatible; MJ12bot/v1.4.3; http://www.majestic12.co.uk/bot.php?+)"
74.111.23.38 - - [11/May/2013:19:10:02 +0400] "GET /product/GS6090-05 HTTP/1.0" 200 4952 "-" "Mozilla/5.0 (compatible; MJ12bot/v1.4.3; http://www.majestic12.co.uk/bot.php?+)"
74.111.23.38 - - [11/May/2013:19:10:05 +0400] "GET /product/GS6090-06 HTTP/1.0" 200 4955 "-" "Mozilla/5.0 (compatible; MJ12bot/v1.4.3; http://www.majestic12.co.uk/bot.php?+)"
74.111.23.38 - - [11/May/2013:19:10:07 +0400] "GET /product/GS6090-07 HTTP/1.0" 200 4949 "-" "Mozilla/5.0 (compatible; MJ12bot/v1.4.3; http://www.majestic12.co.uk/bot.php?+)"
74.111.23.38 - - [11/May/2013:19:10:08 +0400] "GET /product/GS6090-08 HTTP/1.0" 200 4950 "-" "Mozilla/5.0 (compatible; MJ12bot/v1.4.3; http://www.majestic12.co.uk/bot.php?+)"
74.111.23.38 - - [11/May/2013:19:10:11 +0400] "GET /product/GS6090-11 HTTP/1.0" 200 4953 "-" "Mozilla/5.0 (compatible; MJ12bot/v1.4.3; http://www.majestic12.co.uk/bot.php?+)"
74.111.23.38 - - [11/May/2013:19:10:12 +0400] "GET /product/GS6090-12 HTTP/1.0" 200 4951 "-" "Mozilla/5.0 (compatible; MJ12bot/v1.4.3; http://www.majestic12.co.uk/bot.php?+)"
74.111.23.38 - - [11/May/2013:19:10:14 +0400] "GET /product/GT110 HTTP/1.0" 200 4992 "-" "Mozilla/5.0 (compatible; MJ12bot/v1.4.3; http://www.majestic12.co.uk/bot.php?+)"
74.111.23.38 - - [11/May/2013:19:10:16 +0400] "GET /product/GT140 HTTP/1.0" 200 4995 "-" "Mozilla/5.0 (compatible; MJ12bot/v1.4.3; http://www.majestic12.co.uk/bot.php?+)"
74.111.23.38 - - [11/May/2013:19:10:18 +0400] "GET /product/GT170 HTTP/1.0" 200 4996 "-" "Mozilla/5.0 (compatible; MJ12bot/v1.4.3; http://www.majestic12.co.uk/bot.php?+)"
74.111.23.38 - - [11/May/2013:19:10:20 +0400] "GET /product/GT190 HTTP/1.0" 200 4996 "-" "Mozilla/5.0 (compatible; MJ12bot/v1.4.3; http://www.majestic12.co.uk/bot.php?+)"
74.111.23.38 - - [11/May/2013:19:10:22 +0400] "GET /product/GT240 HTTP/1.0" 200 4998 "-" "Mozilla/5.0 (compatible; MJ12bot/v1.4.3; http://www.majestic12.co.uk/bot.php?+)"
74.111.23.38 - - [11/May/2013:19:10:24 +0400] "GET /product/GT330 HTTP/1.0" 200 4995 "-" "Mozilla/5.0 (compatible; MJ12bot/v1.4.3; http://www.majestic12.co.uk/bot.php?+)"
74.111.23.38 - - [11/May/2013:19:10:25 +0400] "GET /product/GT530 HTTP/1.0" 200 4998 "-" "Mozilla/5.0 (compatible; MJ12bot/v1.4.3; http://www.majestic12.co.uk/bot.php?+)"
74.111.23.38 - - [11/May/2013:19:10:27 +0400] "GET /product/GT630 HTTP/1.0" 200 4997 "-" "Mozilla/5.0 (compatible; MJ12bot/v1.4.3; http://www.majestic12.co.uk/bot.php?+)"
74.111.23.38 - - [11/May/2013:19:10:29 +0400] "GET /product/GT830 HTTP/1.0" 200 5005 "-" "Mozilla/5.0 (compatible; MJ12bot/v1.4.3; http://www.majestic12.co.uk/bot.php?+)"
74.111.23.38 - - [11/May/2013:19:10:31 +0400] "GET /product/GT950 HTTP/1.0" 200 4996 "-" "Mozilla/5.0 (compatible; MJ12bot/v1.4.3; http://www.majestic12.co.uk/bot.php?+)"
74.111.23.38 - - [11/May/2013:19:10:33 +0400] "GET /product/GlG HTTP/1.0" 200 4958 "-" "Mozilla/5.0 (compatible; MJ12bot/v1.4.3; http://www.majestic12.co.uk/bot.php?+)"
74.111.23.38 - - [11/May/2013:19:10:36 +0400] "GET /product/Glent-102 HTTP/1.0" 200 4977 "-" "Mozilla/5.0 (compatible; MJ12bot/v1.4.3; http://www.majestic12.co.uk/bot.php?+)"
74.111.23.38 - - [11/May/2013:19:10:38 +0400] "GET /product/Glent-110PAPAYA HTTP/1.0" 200 4988 "-" "Mozilla/5.0 (compatible; MJ12bot/v1.4.3; http://www.majestic12.co.uk/bot.php?+)"
74.111.23.38 - - [11/May/2013:19:10:40 +0400] "GET /product/Glent-137 HTTP/1.0" 200 4975 "-" "Mozilla/5.0 (compatible; MJ12bot/v1.4.3; http://www.majestic12.co.uk/bot.php?+)"
74.111.23.38 - - [11/May/2013:19:10:42 +0400] "GET /product/Glent-150GO/RE HTTP/1.0" 404 200 "-" "Mozilla/5.0 (compatible; MJ12bot/v1.4.3; http://www.majestic12.co.uk/bot.php?+)"
74.111.23.38 - - [11/May/2013:19:10:43 +0400] "GET /product/Glent-166GO/BR HTTP/1.0" 404 200 "-" "Mozilla/5.0 (compatible; MJ12bot/v1.4.3; http://www.majestic12.co.uk/bot.php?+)"
74.111.23.38 - - [11/May/2013:19:10:45 +0400] "GET /product/Glent-166GO/RE HTTP/1.0" 404 200 "-" "Mozilla/5.0 (compatible; MJ12bot/v1.4.3; http://www.majestic12.co.uk/bot.php?+)"
74.111.23.38 - - [11/May/2013:19:10:47 +0400] "GET /product/Glent-6156GO/RE HTTP/1.0" 404 200 "-" "Mozilla/5.0 (compatible; MJ12bot/v1.4.3; http://www.majestic12.co.uk/bot.php?+)"
74.111.23.38 - - [11/May/2013:19:10:49 +0400] "GET /product/Glent-6157GO/BR HTTP/1.0" 404 200 "-" "Mozilla/5.0 (compatible; MJ12bot/v1.4.3; http://www.majestic12.co.uk/bot.php?+)"
74.111.23.38 - - [11/May/2013:19:10:50 +0400] "GET /product/Glent-6173SL/PUR HTTP/1.0" 404 200 "-" "Mozilla/5.0 (compatible; MJ12bot/v1.4.3; http://www.majestic12.co.uk/bot.php?+)"
74.111.23.38 - - [11/May/2013:19:10:52 +0400] "GET /product/HH2004 HTTP/1.0" 200 4926 "-" "Mozilla/5.0 (compatible; MJ12bot/v1.4.3; http://www.majestic12.co.uk/bot.php?+)"
74.111.23.38 - - [11/May/2013:19:10:54 +0400] "GET /product/HH2005 HTTP/1.0" 200 4927 "-" "Mozilla/5.0 (compatible; MJ12bot/v1.4.3; http://www.majestic12.co.uk/bot.php?+)"
74.111.23.38 - - [11/May/2013:19:10:56 +0400] "GET /product/JC100150 HTTP/1.0" 200 4936 "-" "Mozilla/5.0 (compatible; MJ12bot/v1.4.3; http://www.majestic12.co.uk/bot.php?+)"
74.111.23.38 - - [11/May/2013:19:10:58 +0400] "GET /product/JC4060 HTTP/1.0" 200 4933 "-" "Mozilla/5.0 (compatible; MJ12bot/v1.4.3; http://www.majestic12.co.uk/bot.php?+)"
74.111.23.38 - - [11/May/2013:19:11:00 +0400] "GET /product/JC4070 HTTP/1.0" 200 4933 "-" "Mozilla/5.0 (compatible; MJ12bot/v1.4.3; http://www.majestic12.co.uk/bot.php?+)"
74.111.23.38 - - [11/May/2013:19:11:01 +0400] "GET /product/JC50100 HTTP/1.0" 200 4933 "-" "Mozilla/5.0 (compatible; MJ12bot/v1.4.3; http://www.majestic12.co.uk/bot.php?+)"
74.111.23.38 - - [11/May/2013:19:11:03 +0400] "GET /product/JC5080 HTTP/1.0" 200 4933 "-" "Mozilla/5.0 (compatible; MJ12bot/v1.4.3; http://www.majestic12.co.uk/bot.php?+)"
74.111.23.38 - - [11/May/2013:19:11:05 +0400] "GET /product/JC5790 HTTP/1.0" 200 4933 "-" "Mozilla/5.0 (compatible; MJ12bot/v1.4.3; http://www.majestic12.co.uk/bot.php?+)"
74.111.23.38 - - [11/May/2013:19:11:07 +0400] "GET /product/JC80115 HTTP/1.0" 200 4936 "-" "Mozilla/5.0 (compatible; MJ12bot/v1.4.3; http://www.majestic12.co.uk/bot.php?+)"
74.111.23.38 - - [11/May/2013:19:11:09 +0400] "GET /product/JC80120 HTTP/1.0" 200 4935 "-" "Mozilla/5.0 (compatible; MJ12bot/v1.4.3; http://www.majestic12.co.uk/bot.php?+)"
74.111.23.38 - - [11/May/2013:19:11:11 +0400] "GET /product/JCU5760 HTTP/1.0" 200 4936 "-" "Mozilla/5.0 (compatible; MJ12bot/v1.4.3; http://www.majestic12.co.uk/bot.php?+)"
74.111.23.38 - - [11/May/2013:19:11:13 +0400] "GET /product/JCU5780 HTTP/1.0" 200 4938 "-" "Mozilla/5.0 (compatible; MJ12bot/v1.4.3; http://www.majestic12.co.uk/bot.php?+)"
74.111.23.38 - - [11/May/2013:19:11:15 +0400] "GET /product/K12001 HTTP/1.0" 200 4946 "-" "Mozilla/5.0 (compatible; MJ12bot/v1.4.3; http://www.majestic12.co.uk/bot.php?+)"
74.111.23.38 - - [11/May/2013:19:11:17 +0400] "GET /product/K621 HTTP/1.0" 200 4938 "-" "Mozilla/5.0 (compatible; MJ12bot/v1.4.3; http://www.majestic12.co.uk/bot.php?+)"
74.111.23.38 - - [11/May/2013:19:11:19 +0400] "GET /product/K622 HTTP/1.0" 200 4959 "-" "Mozilla/5.0 (compatible; MJ12bot/v1.4.3; http://www.majestic12.co.uk/bot.php?+)"
74.111.23.38 - - [11/May/2013:19:11:20 +0400] "GET /product/KA4060 HTTP/1.0" 200 5001 "-" "Mozilla/5.0 (compatible; MJ12bot/v1.4.3; http://www.majestic12.co.uk/bot.php?+)"
74.111.23.38 - - [11/May/2013:19:11:22 +0400] "GET /product/KA4575 HTTP/1.0" 200 5002 "-" "Mozilla/5.0 (compatible; MJ12bot/v1.4.3; http://www.majestic12.co.uk/bot.php?+)"
74.111.23.38 - - [11/May/2013:19:11:24 +0400] "GET /product/KA6090 HTTP/1.0" 200 4999 "-" "Mozilla/5.0 (compatible; MJ12bot/v1.4.3; http://www.majestic12.co.uk/bot.php?+)"
74.111.23.38 - - [11/May/2013:19:11:26 +0400] "GET /product/KAA4060 HTTP/1.0" 200 4997 "-" "Mozilla/5.0 (compatible; MJ12bot/v1.4.3; http://www.majestic12.co.uk/bot.php?+)"
74.111.23.38 - - [11/May/2013:19:11:28 +0400] "GET /product/KAA4575 HTTP/1.0" 200 5001 "-" "Mozilla/5.0 (compatible; MJ12bot/v1.4.3; http://www.majestic12.co.uk/bot.php?+)"
74.111.23.38 - - [11/May/2013:19:11:30 +0400] "GET /product/KBPK HTTP/1.0" 200 4925 "-" "Mozilla/5.0 (compatible; MJ12bot/v1.4.3; http://www.majestic12.co.uk/bot.php?+)"
74.111.23.38 - - [11/May/2013:19:11:32 +0400] "GET /product/KDDDb HTTP/1.0" 200 4970 "-" "Mozilla/5.0 (compatible; MJ12bot/v1.4.3; http://www.majestic12.co.uk/bot.php?+)"
74.111.23.38 - - [11/May/2013:19:11:34 +0400] "GET /product/KDDDg HTTP/1.0" 200 4966 "-" "Mozilla/5.0 (compatible; MJ12bot/v1.4.3; http://www.majestic12.co.uk/bot.php?+)"
